
 Start  Stop   Length Name                   Class                  Group
 00000H 0006EH 0006FH SIXUK_TEXT             CODE
 0006FH 00833H 007C5H NATION_TEXT            CODE
 00834H 01087H 00854H GAS_PROG               CODE
 01088H 03FBAH 02F33H _TEXT                  CODE
 03FBCH 03FBCH 00000H SORTBLOC_TEXT          CODE
 03FBCH 042A8H 002EDH ASUPPORT_TEXT          CODE
 042A9H 04841H 00599H FILESYS_TEXT           CODE
 04842H 050A5H 00864H DATE_TEXT              CODE
 050A6H 050F7H 00052H OSDATE_TEXT            CODE
 050F8H 05A0BH 00914H TXOPEN_TEXT            CODE
 05A0CH 05F27H 0051CH DVC_TEXT               CODE
 05F28H 05F57H 00030H HARDINIT_TEXT          CODE
 05F58H 05FD3H 0007CH MAIN_TEXT              CODE
 05FD4H 06253H 00280H UPREF_TEXT             CODE
 06254H 0661CH 003C9H EVENT_DRIVER_TEXT      CODE
 0661EH 07495H 00E78H EVENT_TEXT             CODE
 07496H 078E7H 00452H DYNC_TEXT              CODE
 078E8H 07929H 00042H DYNA_TEXT              CODE
 0792AH 0797AH 00051H WEEDBED_TEXT           CODE
 0797CH 0808DH 00712H SYMSYS_TEXT            CODE
 0808EH 0B30FH 03282H OM_TEXT                CODE
 0B310H 0CE69H 01B5AH STACK_TEXT             CODE
 0CE6AH 0D33BH 004D2H FIELD_TEXT             CODE
 0D33CH 0DCB9H 0097EH EXTEND_TEXT            CODE
 0DCBAH 0DE75H 001BCH CALL_TEXT              CODE
 0DE76H 0E467H 005F2H SET_TEXT               CODE
 0E468H 0FEA9H 01A42H OPS_TEXT               CODE
 0FEAAH 10FC5H 0111CH ERRSYS1_TEXT           CODE
 10FC6H 11147H 00182H AEVAL_TEXT             CODE
 11148H 117D9H 00692H ALLOC_TEXT             CODE
 117DAH 14477H 02C9EH VM_TEXT                CODE
 14478H 14654H 001DDH KMAP_TEXT              CODE
 14656H 148A0H 0024BH SUBAL_TEXT             CODE
 148A2H 14906H 00065H OSMEM_TEXT             CODE
 14908H 1490BH 00004H OSME_TEXT              CODE
 1490CH 16F9CH 02691H MACRO_TEXT             CODE
 16F9EH 1705DH 000C0H XMACRO_TEXT            CODE
 1705EH 191BBH 0215EH PLANKTON_TEXT          CODE
 191BCH 191D8H 0001DH INSTD_TEXT             CODE
 191DAH 1AC15H 01A3CH GT_TEXT                CODE
 1AC16H 1C2EDH 016D8H TERM_TEXT              CODE
 1C2EEH 1C473H 00186H BOX_TEXT               CODE
 1C474H 1C605H 00192H TCVT_TEXT              CODE
 1C606H 1CD21H 0071CH COLOR_TEXT             CODE
 1CD22H 1CD3BH 0001AH SETCURS_TEXT           CODE
 1CD3CH 1DD37H 00FFCH PICT_TEXT              CODE
 1DD38H 1E853H 00B1CH RDDSVR_TEXT            CODE
 1E854H 1E991H 0013EH DBJUNCT_TEXT           CODE
 1E992H 1FFEDH 0165CH WORKAREA_TEXT          CODE
 1FFEEH 20003H 00016H EMMALLOC_TEXT          CODE
 20004H 20023H 00020H EMMCONTX_TEXT          CODE
 20024H 20033H 00010H EMMFREE_TEXT           CODE
 20034H 2004DH 0001AH EMMMAP_TEXT            CODE
 2004EH 20066H 00019H EMMPAGE_TEXT           CODE
 20068H 2007EH 00017H EMMVERS_TEXT           CODE
 20080H 2008AH 0000BH BEEP_TEXT              CODE
 2008BH 2152CH 014A2H SCREEN_DRIVER_TEXT     CODE
 2152DH 218ABH 0037FH KEYBD_DRIVER_TEXT      CODE
 218ACH 218ACH 00000H 6NSXDYN_TEXT           CODE
 218ACH 25377H 03ACCH NSXCORE_TEXT           CODE
 25378H 25378H 00000H SWDATA_TEXT            CODE
 25378H 25378H 00000H SWDATA2_TEXT           CODE
 25378H 25378H 00000H SWDATA3_TEXT           CODE
 25378H 27B7DH 02806H SWDBF1_TEXT            CODE
 27B7EH 27B7EH 00000H SWDBFDYN_TEXT          CODE
 27B7EH 27B7EH 00000H SWNAT2_TEXT            CODE
 27B7EH 27B7EH 00000H SWNATIO_TEXT           CODE
 27B7EH 27B7EH 00000H SWSTACK_TEXT           CODE
 27B7EH 27D0FH 00192H SWUTIL3_TEXT           CODE
 27D10H 27DF7H 000E8H TSUPPORT_TEXT          CODE
 27DF8H 27FC9H 001D2H ERRORAPI_TEXT          CODE
 27FCAH 284F7H 0052EH VMAPI_TEXT             CODE
 284F8H 28624H 0012DH DYNAMIC_TEXT           CODE
 28626H 28D37H 00712H DYNX_TEXT              CODE
 28D38H 29365H 0062EH ITEMAPI_TEXT           CODE
 29366H 297B7H 00452H $$$OVLCLP              CODE                   BLICLPMGR
 297B8H 297CDH 00016H $$$OVLDYN              CODE                   BLICLPMGR
 297CEH 2A8F5H 01128H $$$OVLVEC              CODE                   BLIOVLMGR
 2A8F6H 2A901H 0000CH $$$OVLEXE              CODE                   BLIOVLMGR
 2A902H 2A902H 00000H C_ETEXT                ENDCODE
 2A904H 2CE93H 02590H $$$KRNCDE              BLIKRNMGR              BLIKRNMGR
 2CE94H 2E1BFH 0132CH $$$KRNDAT              BLIKRNMGR              BLIKRNMGR
 2E1C0H 2E21FH 00060H $$$KRNINI              BLIKRNMGR              BLIKRNMGR
 2E220H 2E24FH 00030H $$$KRNEXI              BLIKRNMGR              BLIKRNMGR
 2E250H 2E250H 00000H $$$KRNEND              BLIKRNMGR              BLIKRNMGR
 2E250H 2E250H 00000H _SYMSTART              SYMSTART
 2E250H 2ECBFH 00A70H SYMBOLS                SYMBOLS
 2ECC0H 2ED0FH 00050H SYMBOLS                SYMBOLS
 2ED10H 2ED8FH 00080H SYMBOLS                SYMBOLS
 2ED90H 2ED9FH 00010H SYMBOLS                SYMBOLS
 2EDA0H 2EDA0H 00000H SYMBOLS                SYMBOLS
 2EDA0H 2EDA0H 00000H SYMBOLS                SYMBOLS
 2EDA0H 2EF4FH 001B0H SYMBOLS                SYMBOLS
 2EF50H 2F51FH 005D0H SYMBOLS                SYMBOLS
 2F520H 2F59FH 00080H SYMBOLS                SYMBOLS
 2F5A0H 2F5BFH 00020H SYMBOLS                SYMBOLS
 2F5C0H 2F83FH 00280H SYMBOLS                SYMBOLS
 2F840H 2F84FH 00010H SYMBOLS                SYMBOLS
 2F850H 2F85FH 00010H SYMBOLS                SYMBOLS
 2F860H 2F860H 00000H SYMBOLS                SYMBOLS
 2F860H 2F860H 00000H SYMBOLS                SYMBOLS
 2F860H 2FA3FH 001E0H SYMBOLS                SYMBOLS
 2FA40H 2FA4FH 00010H SYMBOLS                SYMBOLS
 2FA50H 2FA5FH 00010H SYMBOLS                SYMBOLS
 2FA60H 2FC0FH 001B0H SYMBOLS                SYMBOLS
 2FC10H 2FC10H 00000H SYMBOLS                SYMBOLS
 2FC10H 2FC10H 00000H SYMBOLS                SYMBOLS
 2FC10H 2FC9FH 00090H SYMBOLS                SYMBOLS
 2FCA0H 2FD3FH 000A0H SYMBOLS                SYMBOLS
 2FD40H 2FD40H 00000H SYMBOLS                SYMBOLS
 2FD40H 2FD40H 00000H SYMBOLS                SYMBOLS
 2FD40H 2FD40H 00000H SYMBOLS                SYMBOLS
 2FD40H 2FD6FH 00030H SYMBOLS                SYMBOLS
 2FD70H 2FE8FH 00120H SYMBOLS                SYMBOLS
 2FE90H 2FE90H 00000H SYMBOLS                SYMBOLS
 2FE90H 2FE9FH 00010H SYMBOLS                SYMBOLS
 2FEA0H 2FEBFH 00020H SYMBOLS                SYMBOLS
 2FEC0H 3009FH 001E0H SYMBOLS                SYMBOLS
 300A0H 300AFH 00010H SYMBOLS                SYMBOLS
 300B0H 3019FH 000F0H SYMBOLS                SYMBOLS
 301A0H 3025FH 000C0H SYMBOLS                SYMBOLS
 30260H 3026FH 00010H SYMBOLS                SYMBOLS
 30270H 3027FH 00010H SYMBOLS                SYMBOLS
 30280H 302CFH 00050H SYMBOLS                SYMBOLS
 302D0H 302EFH 00020H SYMBOLS                SYMBOLS
 302F0H 3035FH 00070H SYMBOLS                SYMBOLS
 30360H 303CFH 00070H SYMBOLS                SYMBOLS
 303D0H 303D0H 00000H _SYMEND                SYMEND
 303D0H 303D0H 00000H _CONST                 CONST
 303D0H 30571H 001A2H OPERR                  CONST
 30572H 30572H 00000H _MSG                   MSG
 30572H 30572H 00000H _BEGBSS                BEGBSS
 30572H 30572H 00000H _ENDBSS                ENDBSS
 30572H 30572H 00000H DMTB                   DLL
 30572H 30581H 00010H DMT                    DLL
 30582H 30582H 00000H DMTE                   DLL
 30590H 32125H 01B96H MACRO5_DATA            FAR_DATA
 32130H 3215EH 0002FH SWDATA5_DATA           FAR_DATA
 32160H 3216AH 0000BH SWDATA25_DATA          FAR_DATA
 32170H 32192H 00023H SWNAT25_DATA           FAR_DATA
 321A0H 3229AH 000FBH SWNATIO5_DATA          FAR_DATA
 322A0H 322A0H 00000H $$DYNBEGIN             $$DYNBEGIN             DYNGROUP
 322A0H 32327H 00088H $$DYNFNAMES            $$DYNFNAMES            DYNGROUP
 32330H 32330H 00000H $$DYNBPAGES            $$DYNPAGES             DYNGROUP
 32330H 3253CH 0020DH $$DYNPAGES             $$DYNPAGES             DYNGROUP
 32540H 32540H 00000H $$DYNEND               $$DYNEND               DYNGROUP
 32540H 32AE3H 005A4H FAR_BSS                FAR_BSS
 32AF0H 32B31H 00042H NULL                   BEGDATA                DGROUP
 32B32H 37089H 04558H _DATA                  DATA                   DGROUP
 3708AH 3708AH 00000H _SYMPB                 DATA                   DGROUP
 3708AH 37099H 00010H _SYMP                  DATA                   DGROUP
 3709AH 3709AH 00000H _SYMPE                 DATA                   DGROUP
 3709AH 370A7H 0000EH CDATA                  DATA                   DGROUP
 370A8H 370A8H 00000H XIFB                   DATA                   DGROUP
 370A8H 370ABH 00004H XIF                    DATA                   DGROUP
 370ACH 370ACH 00000H XIFE                   DATA                   DGROUP
 370ACH 370ACH 00000H XIB                    DATA                   DGROUP
 370ACH 370AFH 00004H XI                     DATA                   DGROUP
 370B0H 370B0H 00000H XIE                    DATA                   DGROUP
 370B0H 370B0H 00000H XPB                    DATA                   DGROUP
 370B0H 370B0H 00000H XP                     DATA                   DGROUP
 370B0H 370B0H 00000H XPE                    DATA                   DGROUP
 370B0H 370B0H 00000H XCB                    DATA                   DGROUP
 370B0H 370B0H 00000H XC                     DATA                   DGROUP
 370B0H 370B0H 00000H XCE                    DATA                   DGROUP
 370B0H 370B0H 00000H XCFB                   DATA                   DGROUP
 370B0H 370B0H 00000H XCF                    DATA                   DGROUP
 370B0H 370B0H 00000H XCFE                   DATA                   DGROUP
 370B0H 370B0H 00000H XNCB                   DATA                   DGROUP
 370B0H 370D7H 00028H XNC                    DATA                   DGROUP
 370D8H 370D8H 00000H XNCE                   DATA                   DGROUP
 370E0H 37227H 00148H $LIB_TABLE             DATA                   DGROUP
 37228H 37291H 0006AH CONST                  CONST                  DGROUP
 37292H 37299H 00008H HDR                    MSG                    DGROUP
 3729AH 3740FH 00176H MSG                    MSG                    DGROUP
 37410H 37436H 00027H PAD                    MSG                    DGROUP
 37437H 37437H 00001H EPAD                   MSG                    DGROUP
 37438H 37579H 00142H _BSS                   BSS                    DGROUP
 3757AH 3757AH 00000H XOB                    BSS                    DGROUP
 3757AH 3757AH 00000H XO                     BSS                    DGROUP
 3757AH 3757AH 00000H XOE                    BSS                    DGROUP
 37580H 376EDH 0016EH C_COMMON               BSS                    DGROUP
 376F0H 39EEFH 02800H STACK                  STACK                  DGROUP

 Overlays

 Section Pubs  Length Name                   Module
 0001H     1     212  GETENV_TEXT            GETENV
 0002H     2      52  SQUAWK_TEXT            SQUAWK
 0003H     9     630  INITEXIT_TEXT          INITEXIT
 0004H     6     828  APPINIT_TEXT           APPINIT
 0005H     3     358  APPEXIT_TEXT           APPEXIT
 0006H    14    2774  SEND_TEXT              SEND
 0007H     4     238  TB_TEXT                TB
 0008H     1     390  ACOPY_TEXT             ACOPY
 0009H     1     244  AINS_TEXT              AINS
 000AH     4    1464  MSAVE_TEXT             MSAVE
 000BH     2     600  ERRSYS0_TEXT           ERRSYS0
 000CH     6     476  SEQ_TEXT               SEQ
 000DH     6      80  CMEM_TEXT              CMEM
 000EH    11    1608  OUTSTD_TEXT            OUTSTD
 000FH     2      32  MAXROW_TEXT            MAXROW
 0010H     2     988  SAVEREST_TEXT          SAVEREST
 0011H     1     218  SCROLL_TEXT            SCROLL
 0012H     3    1352  GETS0_TEXT             GETS0
 0013H    18    3304  GETS1_TEXT             GETS1
 0014H    50    8194  GETS2_TEXT             GETS2
 0015H    15    1808  RDDORD_TEXT            RDDORD
 0016H    10    1574  DBCMD0_TEXT            DBCMD0
 0017H    39    3158  DBCMD1_TEXT            DBCMD1
 0018H     4    1048  DBCMD3_TEXT            DBCMD3
 0019H     2     650  DBSTRUCT_TEXT          DBSTRUCT
 001AH     4    1416  DBCREATE_TEXT          DBCREATE
 001BH    10    1270  PHILES_TEXT            PHILES
 001CH     3      61  EMMCOUNT_TEXT          EMMCOUNT
 001DH     1      48  EMMINST_TEXT           EMMINST
 001EH     1     254  EXACTCMP_TEXT          EXACTCMP
 001FH     8     993  EXAMPLEA_TEXT          EXAMPLEA
 0020H     1     288  ALLTRIM_TEXT           ALLTRIM
 0021H     1     276  RIGHT_TEXT             RIGHT
 0022H     1     226  RAT_TEXT               RAT
 0023H     1     328  PADL_TEXT              PADL
 0024H     1     326  PADR_TEXT              PADR
 0025H     1     326  PADC_TEXT              PADC
 0026H     1     996  STRTRAN_TEXT           STRTRAN
 0027H     3     680  STUFF_TEXT             STUFF
 0028H     1     688  MEMOLINE_TEXT          MEMOLINE
 0029H     1     342  MLCOUNT_TEXT           MLCOUNT
 002AH     2     492  LINELEN_TEXT           LINELEN
 002BH     2     344  ASCAN_TEXT             ASCAN
 002CH     4    1152  DIRECT_TEXT            DIRECT
 002DH    49   11920  MEMOEDIT_TEXT          MEMOEDIT
 002EH     6     240  NSX0_TEXT              NSXMACH6
 002FH    17    3008  NSX2_TEXT              NSX2
 0030H     4    2910  NSX3_TEXT              NSX3
 0031H    12    9710  NSXCREAT_TEXT          NSXCREAT
 0032H    17    2970  NSXDIREC_TEXT          NSXDIREC
 0033H     2     328  NSXFREEL_TEXT          NSXFREEL
 0034H     2    1870  NSXINDEX_TEXT          NSXINDEX
 0035H     5     830  NSXLOCK_TEXT           NSXLOCK
 0036H     1     844  NSXTRYO_TEXT           NSXTRYO
 0037H    13    2212  SMTMEMO1_TEXT          SMTMEMO1
 0038H     8    2294  SMTMEMO2_TEXT          SMTMEMO2
 0039H     3      70  SWDBF0_TEXT            SWDBF0
 003AH    18    3302  SWDBF2_TEXT            SWDBF2
 003BH     7    2130  SWENCODE_TEXT          SWENCODE
 003CH     2     466  SWFILE_TEXT            SWFILE
 003DH     5     134  SWIFUNC_TEXT           SWIFUNC
 003EH     6    1632  SWIND1_TEXT            SWIND1
 003FH     2    2360  SWINDEX1_TEXT          SWINDEX1
 0040H     5    1750  SWKILLT_TEXT           SWKILLT
 0041H     9    1020  SWLCK_TEXT             SWLCK
 0042H     8    3290  SWMEMO1_TEXT           SWMEMO1
 0043H     2     276  SWMEMO2_TEXT           SWMEMO2
 0044H     3    1074  SWOPT_TEXT             SWOPT
 0045H     5     510  SWPAGE_TEXT            SWPAGE
 0046H     5    1762  SWRLOCK_TEXT           SWRLOCK
 0047H     3    2048  SWSURF_TEXT            SWSURF
 0048H     3     748  SWTRIGGE_TEXT          SWTRIGGE
 0049H     8     978  SWUTIL_TEXT            SWUTIL
 004AH     4     418  SWUTIL2_TEXT           SWUTIL2
 004BH    13    3700  VFCORE_TEXT            VFCORE
 004CH     4    1242  M6CRTMAP_TEXT          M6CRTMAP
 004DH     1     960  M6CSAND_TEXT           M6CSAND
 004EH     1     406  M6CSNOT_TEXT           M6CSNOT
 004FH     1     778  M6CSOR_TEXT            M6CSOR
 0050H     7    1038  M6DBF1_TEXT            M6DBF1
 0051H     2     876  M6EQUAL_TEXT           M6EQUAL
 0052H     5     156  M6ERROR_TEXT           M6ERROR
 0053H     3     704  M6EVAL_TEXT            M6EVAL
 0054H     3    1414  M6FILT1_TEXT           M6FILT1
 0055H     5    1028  M6FILT2_TEXT           M6FILT2
 0056H     1     374  M6GETVAL_TEXT          M6GETVAL
 0057H     1     480  M6GREAT_TEXT           M6GREAT
 0058H     1     108  M6INIT_TEXT            M6INIT
 0059H     1     492  M6INSTR_TEXT           M6INSTR
 005AH     5    2314  M6ISKEY_TEXT           M6ISKEY
 005BH     2     876  M6ISOPT_TEXT           M6ISOPT
 005CH     1     420  M6LESS_TEXT            M6LESS
 005DH     4    1566  M6LOCA1_TEXT           M6LOCA1
 005EH     4    2024  M6LOGIC_TEXT           M6LOGIC
 005FH     1     626  M6NEQUAL_TEXT          M6NEQUAL
 0060H     2    1158  M6OPTDEL_TEXT          M6OPTDEL
 0061H     1     192  M6OURDRV_TEXT          M6OURDRV
 0062H     1     470  M6RANGE_TEXT           M6RANGE
 0063H     6    2462  M6SMART_TEXT           M6SMART
 0064H     6    1640  M6STKEXP_TEXT          M6STKEXP
 0065H     6     968  M6STRING_TEXT          M6STRING
 0066H     1     438  M6SWHILE_TEXT          M6SWHILE
 0067H     6    2646  M6TOKE_TEXT            M6TOKE
 0068H     4     696  M6TRANS_TEXT           M6TRANS
 0069H    13    3430  M6VMMAP_TEXT           M6VMMAP
 006AH     1     308  MEMORY_TEXT            MEMORY
 006BH    19    3030  DISKIO_TEXT            DISKIO
 006CH    23    6076  SORTOF_TEXT            SORTOF
 -------------------
 Total        150986
 -------------------

 Origin    Group
 2936:0006 BLICLPMGR
 297C:000E BLIOVLMGR
 2A90:0004 BLIKRNMGR
 322A:0000 DYNGROUP
 32AF:0000 DGROUP

  Address         Publics by Value

 0000:0000  Abs  __START_SYM
 0000:0000  Res  __NPREVC
 0000:0029  Res  __NNEXTC
 0000:0052  Res  __ZCMP
 0000:006E  Res  __FORCE_ASCII
 0006:010F  Res  _NATSORTVE
 0006:013E  Res  __NATRDDVER
 0006:0150  Res  __NLEXID
 0006:01BA  Res  __NSCANID
 0006:0238  Res  __UPCASE
 0006:024B  Res  __LOCASE
 0006:025E  Res  __CH_TYPE
 0006:02C7  Res  __NCOPYUC
 0006:02E6  Res  __NCOPYLC
 0006:0305  Res  __NTRIMLEN
 0006:0326  Res  __NPREVI
 0006:0339  Res  __NNEXTI
 0006:0350  Res  __NGET
 0006:0365  Res  __NPUT
 0006:037A  Res  __TCMP
 0006:03A2  Res  __DCMP
 0006:03C3  Res  __XCMP
 0006:03DD  Res  __SCANW
 0006:0411  Res  __SCANN
 0006:045F  Res  __NODE_SEARCH
 0006:04B9  Res  __S_ORDER
 0006:05BA  Res  _NATMSGVER
 0006:05D3  Res  ISNEGATIVE
 0006:0620  Res  ISAFFIRM
 0006:066D  Res  NATIONMSG
 0006:06B0  Res  __DAY_NAME
 0006:06C8  Res  __MONTH_NAME
 0006:06E0  Res  __YNSTR
 0006:06F2  Res  __NATMSGVER
 0006:0704  Res  __ERRORDESC
 0006:075C  Res  __NVERSION
 0006:07C2  Res  _CLIPINTL
 0083:0004  Res  DECRIPT
 0083:0004  Res  ENCRIPT
 0083:012C  Res  QUALDIR
 0083:01B3  Res  CHDIR
 0083:01B7  Res  MKDIR
 0083:01BB  Res  RMDIR
 0083:020C  Res  CALLINT
 0083:0311  Res  VAL_CF
 0083:0321  Res  VAL_AX
 0083:0327  Res  VAL_BX
 0083:032D  Res  VAL_CX
 0083:0333  Res  VAL_DX
 0083:0339  Res  VAL_DS
 0083:033F  Res  VAL_ES
 0083:0345  Res  VAL_DI
 0083:034B  Res  VAL_SI
 0083:0351  Res  VAL_FLAGS
 0083:0359  Res  VAL_AH
 0083:035F  Res  VAL_BH
 0083:0365  Res  VAL_CH
 0083:036B  Res  VAL_DH
 0083:0371  Res  VAL_AL
 0083:0377  Res  VAL_BL
 0083:037D  Res  VAL_CL
 0083:0383  Res  VAL_DL
 0083:0477  Res  PEEK
 0083:0506  Res  F_ERROR
 0083:052C  Res  IS_FERROR
 0083:054D  Res  SET_FERROR
 0083:056E  Res  CLR_FERROR
 0083:058D  Res  RONLY
 0083:05DB  Res  RWRITE
 0083:062A  Res  ALOCAMEM
 0083:0673  Res  QDE_FREE
 0083:0679  Res  HEXA_DEC
 0083:0715  Res  TAMASTRI
 0083:0732  Res  POKE
 0083:07F7  Res  CONTA
 0083:0842  Res  _CONTA
 0108:0018  Res  __ASTART
 0108:00C2  Res  __CINTDIV
 0108:00D1  Res  __AMSG_EXIT
 0108:00E6  Res  __CINIT
 0108:01AA  Res  _EXIT
 0108:01C1  Res  __EXIT
 0108:0208  Res  __CTERMSUB
 0108:0248  Res  __FPTRAP
 0108:024E  Res  __FF_MSGBANNER
 0108:0272  Res  __NULLCHECK
 0108:0298  Res  __NMSG_TEXT
 0108:02C3  Res  __NMSG_WRITE
 0108:02EE  Res  __SETENVP
 0108:036A  Res  __SETARGV
 0108:0512  Res  __AFLDIV
 0108:05AE  Res  __AFLMUL
 0108:05AE  Res  __AFULMUL
 0108:05E2  Res  __AFULREM
 0108:064E  Res  __AFULDIV
 0108:06C3  Res  __SLDS
 0108:06C7  Res  __ELDS
 0108:06E5  Res  __FLDS
 0108:070F  Res  __SLDD
 0108:0713  Res  __ELDD
 0108:0733  Res  __FLDD
 0108:0762  Res  __SLDT
 0108:0768  Res  __FLDT
 0108:079C  Res  __SLDL
 0108:07A0  Res  __ELDL
 0108:07A9  Res  __SLDW
 0108:07AD  Res  __ELDW
 0108:07B3  Res  __FLDL
 0108:07BA  Res  __FLDW
 0108:07BC  Res  B$FIL2
 0108:07BD  Res  B$FILD
 0108:0811  Res  __FDUP
 0108:0840  Res  __FLDZ
 0108:0866  Res  __SSTS
 0108:086A  Res  __FSTS
 0108:086E  Res  __ESTS
 0108:087E  Res  __SSTSP
 0108:0882  Res  __FSTSP
 0108:0886  Res  __ESTSP
 0108:08B4  Res  __SSTD
 0108:08B8  Res  __FSTD
 0108:08BC  Res  __ESTD
 0108:08CC  Res  __SSTDP
 0108:08D0  Res  __FSTDP
 0108:08D4  Res  __ESTDP
 0108:08FD  Res  __SSTT
 0108:0901  Res  __FSTT
 0108:0914  Res  __SSTTP
 0108:0918  Res  __FSTTP
 0108:093B  Res  B$FIS2
 0108:0943  Res  B$FIST
 0108:094B  Res  B$FUST
 0108:0983  Res  __FTOL
 0108:09BC  Res  __FTST
 0108:09E9  Res  __FABS
 0108:09F8  Res  __FCHS
 0108:0A30  Res  __SSUBS
 0108:0A38  Res  __ESUBS
 0108:0A3F  Res  __FSUBS
 0108:0A48  Res  __SSUBSR
 0108:0A50  Res  __ESUBSR
 0108:0A57  Res  __FSUBSR
 0108:0A60  Res  __SMULS
 0108:0A68  Res  __EMULS
 0108:0A6F  Res  __FMULS
 0108:0A78  Res  __SDIVS
 0108:0A80  Res  __EDIVS
 0108:0A87  Res  __FDIVS
 0108:0A90  Res  __SDIVSR
 0108:0A98  Res  __EDIVSR
 0108:0A9F  Res  __FDIVSR
 0108:0AA8  Res  __SADDS
 0108:0AB0  Res  __EADDS
 0108:0AB7  Res  __FADDS
 0108:0AEF  Res  __SSUBD
 0108:0AF7  Res  __ESUBD
 0108:0AFE  Res  __FSUBD
 0108:0B07  Res  __SSUBDR
 0108:0B0F  Res  __ESUBDR
 0108:0B16  Res  __FSUBDR
 0108:0B1F  Res  __SMULD
 0108:0B27  Res  __EMULD
 0108:0B2E  Res  __FMULD
 0108:0B37  Res  __SDIVD
 0108:0B3F  Res  __EDIVD
 0108:0B46  Res  __FDIVD
 0108:0B4F  Res  __SDIVDR
 0108:0B57  Res  __EDIVDR
 0108:0B5E  Res  __FDIVDR
 0108:0B67  Res  __SADDD
 0108:0B6F  Res  __EADDD
 0108:0B76  Res  __FADDD
 0108:0B95  Res  __FSUB
 0108:0B9A  Res  __FSUBR
 0108:0B9F  Res  __FMUL
 0108:0BA4  Res  __FDIV
 0108:0BA9  Res  __FDIVR
 0108:0BAE  Res  __FADD
 0108:0BB3  Res  __FCOMPP
 0108:0BB3  Res  B$FCMP
 0108:0BB8  Res  __FCMP
 0108:0C46  Res  __FXCHQ
 0108:0C54  Res  __FXCH
 0108:0C7A  Res  __DCVT
 0108:0C92  Res  $I8_ERRMINF
 0108:0C92  Res  $I4_ERRMINF
 0108:0C92  Res  $I8_ERRPINF
 0108:0C92  Res  $I4_ERRPINF
 0108:0C92  Res  $I8_ERRINF
 0108:0C92  Res  $I4_ERRINF
 0108:0C9C  Res  $I8_ERRDIV0
 0108:0C9C  Res  $I4_ERRDIV0
 0108:0CA6  Res  $I4_ERRINVLD
 0108:0CA6  Res  $I8_ERRINVLD
 0108:0CB0  Res  $I8_ERRSTACK
 0108:0CC3  Res  __FPSIGNAL
 0108:0D00  Res  __FPMATH
 0108:0D2E  Res  __SMOVTMPESBX
 0108:0D30  Res  __SMOVTMPESSI
 0108:0D44  Res  __DMOVTMPESBX
 0108:0D46  Res  __DMOVTMPESSI
 0108:0D5C  Res  __DCVTST0
 0108:0D68  Res  __DCVTST0A
 0108:0D6B  Res  __DCVTDISI
 0108:0DAA  Res  __CTRANDISP2
 0108:0DC2  Res  __CTRANDISP1
 0108:0EAE  Res  $I4_CMP
 0108:0F01  Res  $I8_CMP
 0108:0F53  Res  $I8_4
 0108:0F94  Res  $I4_8
 0108:1016  Res  $I4_W
 0108:1018  Res  $I4_Q
 0108:1020  Res  $I4_S
 0108:102C  Res  $I4_L
 0108:1046  Res  $I8_W
 0108:1048  Res  $I8_Q
 0108:1050  Res  $I8_S
 0108:105C  Res  $I8_L
 0108:107B  Res  $I4_TO_S
 0108:1080  Res  $I4_TO_SRND
 0108:1080  Res  $I4_TO_SIRND
 0108:1085  Res  $I8_TO_S
 0108:108A  Res  $I8_TO_SRND
 0108:108A  Res  $I8_TO_SIRND
 0108:1097  Res  $I4_TO_W
 0108:109C  Res  $I4_TO_WRND
 0108:109C  Res  $I4_TO_WIRND
 0108:10A1  Res  $I8_TO_W
 0108:10A6  Res  $I8_TO_WRND
 0108:10A6  Res  $I8_TO_WIRND
 0108:10AE  Res  $I4_TO_LIRND
 0108:10AE  Res  $I4_TO_LRND
 0108:10B3  Res  $I8_TO_LIRND
 0108:10B3  Res  $I8_TO_LRND
 0108:10B8  Res  $I4_TO_L
 0108:10BD  Res  $I8_TO_L
 0108:10DD  Res  $I4_TO_QRND
 0108:10DD  Res  $I4_TO_QIRND
 0108:10E2  Res  $I8_TO_QRND
 0108:10E2  Res  $I8_TO_QIRND
 0108:1101  Res  $I8_TO_Q
 0108:1136  Res  $I4_TO_Q
 0108:11B2  Res  $I8_FIXIRND
 0108:11B2  Res  $I8_FIXRND
 0108:11D8  Res  $I4_FIXIRND
 0108:11D8  Res  $I4_FIXRND
 0108:11FC  Res  $I8_FIX
 0108:120C  Res  $I4_FIX
 0108:1326  Res  $I4_SUBREV
 0108:1328  Res  $I4_SUB
 0108:1330  Res  $I4_ADD
 0108:1402  Res  $I4_NORM
 0108:1430  Res  $I4_ROUND
 0108:1492  Res  $I4_MUL
 0108:1516  Res  $I4_DIVREV
 0108:1518  Res  $I4_DIV
 0108:1620  Res  $I8_SUBREV
 0108:1622  Res  $I8_SUB
 0108:1645  Res  $I8_ADD
 0108:1778  Res  $I8_NORM
 0108:17CE  Res  $I8_ROUND
 0108:184C  Res  $I8_MUL
 0108:18AD  Res  $I8_DIVREV
 0108:18AF  Res  $I8_DIV
 0108:1BE1  Res  $I8_LGT
 0108:1BF7  Res  $I8_LOG
 0108:1CAE  Res  $I8_EXP
 0108:1CC2  Res  $I8_EXPADJUST
 0108:1CFD  Res  $I8_PF_PWR
 0108:1D14  Res  $I8_C_PWR
 0108:1D18  Res  $I8_PWR
 0108:1E12  Res  $I8_PF_PWR_L
 0108:1E12  Res  $I8_PWR_L
 0108:1EA8  Res  $I8_SQR
 0108:1F66  Res  $I8_ADDF
 0108:1F6A  Res  $I8_ADDFSI
 0108:1F70  Res  $I8_SUBF
 0108:1F74  Res  $I8_SUBFSI
 0108:1F7A  Res  $I8_MULF
 0108:1F7E  Res  $I8_MULFSI
 0108:1F84  Res  $I8_DIVF
 0108:1F88  Res  $I8_DIVFSI
 0108:1F8E  Res  $I8_SUBR
 0108:1F92  Res  $I8_SUBRDI
 0108:1F98  Res  $I8_DIVR
 0108:1F9C  Res  $I8_DIVRDI
 0108:1FA2  Res  $I8_CLEARAC
 0108:1FB2  Res  $I8_MOVAC
 0108:1FBB  Res  $I8_MOVAC_ARG
 0108:1FCB  Res  $I8_MOVARG_AC
 0108:1FCF  Res  $I8_MOVARG
 0108:1FDA  Res  $I8_MOVTEMP
 0108:1FE5  Res  $I8_PSHARG
 0108:1FEA  Res  $I8_PSHAC
 0108:1FEE  Res  $I8_PSHSI
 0108:1FFC  Res  $I8_POPARG
 0108:2001  Res  $I8_POPAC
 0108:2005  Res  $I8_POPSI
 0108:2013  Res  $I8_POLY
 0108:2058  Res  $I8_EVEN
 0108:208E  Res  $I8_EXPM1
 0108:209F  Res  $I8_EXPM1REDUCED
 0108:20CF  Res  $I8_LNREDUCEAC_HI
 0108:20D5  Res  $I8_LNREDUCE
 0108:20E4  Res  $I8_RETONE
 0108:20EE  Res  $I8_RETZERO
 0108:2105  Res  $I8_OVERFLOWRANGE
 0108:210A  Res  $I8_EXPHRANGE
 0108:2112  Res  $I8_EXPRANGE
 0108:2118  Res  $I8_RANGE
 0108:213C  Res  $I8_P_Q
 0108:2172  Res  $I8_Z2P_Q
 0108:2183  Res  $I8_Z3P_Q
 0108:218C  Res  $I8_REDUCE
 0108:21A8  Res  $I8_TMUL
 0108:230E  Res  $I8_TPWR10
 0108:237E  Res  $I8_INPUT
 0108:26CA  Res  $I8_OUTPUT
 0108:27CA  Res  _FLOOR
 0108:27DA  Res  _CEIL
 0108:2840  Res  _FMOD
 0108:289B  Res  _POW
 0108:28A4  Res  _LOG
 0108:28AD  Res  _LOG10
 0108:28B6  Res  _EXP
 0108:28BF  Res  _SQRT
 0108:28C8  Res  __MYALLOC
 0108:290A  Res  __WRT2ERR
 0108:2919  Res  _MATHERR
 0108:2927  Res  __DVINIT
 0108:2950  Res  __DVADD
 0108:2997  Res  __DVSUB
 0108:29DE  Res  __DVMUL
 0108:2A25  Res  __DVDIV
 0108:2A6C  Res  __DVTOQ
 0108:2A87  Res  __DVTOI
 0108:2AA2  Res  __DVTOL
 0108:2ABD  Res  __DVFMQ
 0108:2B05  Res  __DVFMI
 0108:2B3F  Res  __DVFML
 0108:2B7A  Res  __DVFMA
 0108:2BF4  Res  __NTOA
 0108:2CF6  Res  __ATON
 0108:2D4C  Res  __LNTOA
 0108:2DEB  Res  __CFLTCVT
 0108:2DEC  Res  __CROPZEROS
 0108:2DED  Res  __FASSIGN
 0108:2DEE  Res  __FORCDECPT
 0108:2DEF  Res  __POSITIVE
 0108:2DF0  Res  __CFTOE
 0108:2DF1  Res  __CFTOF
 0108:2DF2  Res  __CFTOG
 0108:2E10  Res  __TERMHOOK
 0108:2E22  Res  __GTHOOK
 0108:2E34  Res  __DBCMDHOOK
 0108:2E46  Res  __AFLSHR
 0108:2E52  Res  __AFLREM
 0108:2EF4  Res  __AFNALDIV
 0108:2F18  Res  __DYNXHOOK
 0108:2F2A  Res  __DISKIOHOOK
 03FB:000C  Res  __PTOABSADDR
 03FB:002D  Res  _STRCPY
 03FB:004F  Res  _STCCPY
 03FB:0078  Res  _STRNCPY
 03FB:00A1  Res  __BSET
 03FB:00C4  Res  __BMOVE
 03FB:0119  Res  __BCOPY
 03FB:0137  Res  __BCOPYF
 03FB:0166  Res  __LCOPY
 03FB:0184  Res  __BCMP
 03FB:01AC  Res  __BSCAN
 03FB:01D0  Res  __U2HEX
 03FB:01FF  Res  _STRCAT
 03FB:0229  Res  _STPCHR
 03FB:0256  Res  _STPBLK
 03FB:027D  Res  _STRLEN
 03FB:0299  Res  __DOSFUNC
 03FB:02CB  Res  __ASMCALL
 042A:0037  Res  __TINIT
 042A:0085  Res  __TEND
 042A:00CD  Res  __FSCREATE
 042A:00FA  Res  __TCTEMP
 042A:018B  Res  __FSOPEN
 042A:01BC  Res  __FSCLOSE
 042A:01DE  Res  __FSREAD
 042A:020B  Res  __FSWRITE
 042A:0238  Res  __FSSEEK
 042A:0271  Res  __FSLOCK
 042A:02B0  Res  __TMNAME
 042A:02E6  Res  __FSDELETE
 042A:030A  Res  __FSRENAME
 042A:0331  Res  __THCOUNT
 042A:0375  Res  __FSCOMMIT
 042A:038F  Res  __FSERROR
 042A:03B4  Res  __TISDEVICE
 042A:03D3  Res  __TDEVRAW
 042A:040F  Res  __F_FIRST
 042A:0434  Res  __F_NEXT
 042A:044F  Res  __DSPACE
 042A:0473  Res  __TMKDIR
 042A:04A0  Res  __TRMDIR
 042A:04CD  Res  __TCHDIR
 042A:04FA  Res  __TCURDRV
 042A:0516  Res  __TCHDRV
 042A:0541  Res  __TISDRV
 042A:0565  Res  __TCURDIR
 0484:010C  Res  __DDMYTODATE
 0484:01EE  Res  __DDATETODMYD
 0484:0324  Res  __DSYSDATE
 0484:0348  Res  __DALPHATODATEFMT
 0484:045A  Res  __DALPHATODATEDBF
 0484:0514  Res  __DDATETOALPHAFMT
 0484:060A  Res  __DDATETOALPHADBF
 0484:0696  Res  __DSETFMT
 0484:084C  Res  __DSETEPOCH
 050A:0006  Res  __OSDATE
 050A:002D  Res  __OSTIME
 050F:008E  Res  __SCAN_FILENAME
 050F:01C0  Res  __TXOPEN
 050F:0866  Res  FILE
 050F:0894  Res  __FSEXTOPEN
 05A0:000C  Res  __DVLT
 05A0:0034  Res  __DVLE
 05A0:005C  Res  __DVEQ
 05A0:0084  Res  __DVGE
 05A0:00AC  Res  __DVGT
 05A0:00D4  Res  __DVNE
 05A0:00FC  Res  __DVLTZ
 05A0:0124  Res  __DVEQZ
 05A0:014C  Res  __DVMOD
 05A0:0196  Res  __DVNEG
 05A0:01C6  Res  __DVABS
 05A0:0218  Res  __DVINC
 05A0:024C  Res  __DVDEC
 05A0:0280  Res  __DVINT
 05A0:02EA  Res  __DVPOW
 05A0:0334  Res  __DVLOG
 05A0:0372  Res  __DVSQR
 05A0:03B0  Res  __DVEXP
 05A0:03EE  Res  __DVRND
 05F2:0008  Res  __SYSHARDINIT
 05F5:0008  Res  _TERM
 05F5:0036  Res  _MAIN
 05FD:017C  Res  __UPREFP
 05FD:0220  Res  __UPREF
 0625:035F  Res  __EVLOW
 0625:035F  Res  __EVEENTRY
 0661:0570  Res  __EVSENDSTRUCT
 0661:062A  Res  __EVSENDID
 0661:0640  Res  __EVPOSTSTRUCT
 0661:0660  Res  __EVPOSTID
 0661:068E  Res  __EVREGRECEIVERFUNC
 0661:07C0  Res  __EVDEREGRECEIVER
 0661:07EE  Res  __SYSREGLOW
 0661:0806  Res  __EVREGTYPE
 0661:0818  Res  __EVSEND
 0661:081E  Res  __EVPOST
 0661:086E  Res  __EVMODALREAD
 0661:0932  Res  __EVTRANSLATE
 0661:097C  Res  __EVBREAKENABLE
 0661:09B2  Res  __EVSCROLLPAUSE
 0661:0A08  Res  __EVSTROBE
 0661:0A2C  Res  __BREAK_CYCLE
 0661:0ADC  Res  SETCANCEL
 0661:0B9C  Res  ALTD
 0661:0DEE  Res  __EVENT_INIT
 0749:00C4  Res  __DYNFREEMODULE
 0749:01E4  Res  __DYNGETORDADDR
 0749:0280  Res  __DYNGETNAMEDADDR
 0749:0352  Res  __DYNLOADMODULE
 0749:041E  Res  __DYNINIT
 0749:042E  Res  __DYNINI
 078E:0008  Res  _DMOD_COUNT
 078E:001D  Res  _DINIT_INIT
 0792:000A  Res  __WEED_EATR
 0792:0038  Res  __START_PROC
 0797:0338  Res  _WEED_DIGESTR
 0797:0362  Res  __GET_SYM
 0797:042E  Res  __CHK_SYM
 0797:0492  Res  __CHK_SYM2
 0797:05AC  Res  __SYM_SEARCH
 0797:05F8  Res  __NEXT_SYM
 0797:067E  Res  __SYM_INIT
 0808:03BC  Res  _ARRAYNEW
 0808:04E6  Res  _BLOCKNEW
 0808:059C  Res  _BYTESNEW
 0808:079A  Res  __OCOPY
 0000:9876  Abs  __ACRTUSED
 0000:9876  Abs  __FLTUSED
 0000:9876  Abs  __ACRTMSG
 0808:1AF6  Res  __XCHECK
 0808:1B04  Res  __OSCAVENGEALL
 0808:1B58  Res  __OESTIMATE
 0808:1B64  Res  __IARRAYAT
 0808:1BE6  Res  __CAT
 0808:1D02  Res  __CATPUT
 0808:1EE0  Res  __IARRAYPUT
 0808:1F0C  Res  __IARRAYC2
 0808:1FFE  Res  _VARRAY
 0808:2040  Res  _VARRAYX
 0808:2094  Res  _VARRAYLEN
 0808:20D6  Res  __VDICT
 0808:2126  Res  __VSETDICT
 0808:2192  Res  _VSTR
 0808:21E8  Res  _VSTRX
 0808:223C  Res  _VSTR2
 0808:230E  Res  _VSTRLOCK
 0808:2378  Res  _VSTRUNLOCK
 0808:23CC  Res  _VSTRCOLD
 0808:2424  Res  _BYTESNEW2
 0808:2444  Res  _OSTRDUP
 0808:24FC  Res  __CATAT
 0808:2570  Res  __CATPUTSTR
 0808:26FE  Res  __IMAKEA
 0808:2764  Res  __IMAKELA
 0808:2820  Res  ARRAY
 0808:28BE  Res  _CSCANCHECK
 0808:2956  Res  __CCOPY
 0808:29D4  Res  __CBECOME
 0808:2BF4  Res  __CRESIZE
 0808:2EA2  Res  ASIZE
 0808:2F06  Res  __AADD
 0808:2F70  Res  __XUNLOCK
 0808:2FC2  Res  __XXLOCK
 0808:31E0  Res  __OM_INIT
 0B31:0000  Res  __FIXLEN
 0B31:0126  Res  __SPTOQ
 0B31:0158  Res  __SPTOL
 0B31:018E  Res  __PUTQ
 0B31:01B0  Res  __PUTL
 0B31:01CC  Res  __PUTLN
 0B31:01F0  Res  __PUTCL
 0B31:022C  Res  __PUTC
 0B31:0260  Res  __PUTSYM
 0B31:027E  Res  __PARAM
 0B31:02F2  Res  __LPARAM
 0B31:0350  Res  __ISAVERET
 0B31:0370  Res  __RETL
 0B31:0388  Res  __RETQ
 0B31:03A6  Res  __RETC
 0B31:09E6  Res  __IMVCLEAN
 0B31:0A88  Res  __IMVWIPE
 0B31:0B70  Res  __IGETM
 0B31:0BD4  Res  __XPUSHM
 0B31:0C12  Res  __XPOPM
 0B31:0C7A  Res  __IPUBLICS
 0B31:0C8E  Res  __QQPUB
 0B31:0CB8  Res  __IPRIVATES
 0B31:0CCE  Res  __IPARAMS
 0B31:0DBA  Res  __IPUSHM
 0B31:0E22  Res  __CALLERPOPM
 0B31:0F5C  Res  __IPOPM
 0B31:0FAA  Res  __IPUSHMR
 0B31:1074  Res  __IPUSHLR
 0B31:10DC  Res  __IPUSHFLR
 0B31:1144  Res  __IPUSHSR
 0B31:11AC  Res  __ISINIT
 0B31:120C  Res  __ISFRAME
 0B31:121E  Res  __GETGRIP
 0B31:127C  Res  __DROPGRIP
 0B31:1294  Res  __IPUSHBLOCK
 0B31:13AC  Res  __IZZBLOCK
 0B31:14FC  Res  __IXBLOCK
 0B31:1744  Res  __IZZACT
 0B31:1884  Res  __CEVAL0
 0B31:18AE  Res  __CEVAL1
 0B31:18E4  Res  __ACTINFO
 0B31:193E  Res  __ACTCOUNT
 0B31:19D6  Res  __STACK_EXIT
 0B31:1A7A  Res  __STACK_INIT
 0CE6:000A  Res  __XPUSHF
 0CE6:0190  Res  __XPOPF
 0CE6:01FC  Res  __IPUSHV
 0CE6:028A  Res  __IPUSHF
 0CE6:0304  Res  __IPOPF
 0CE6:037E  Res  __IPUSHQF
 0CE6:0404  Res  __IPOPQF
 0CE6:048A  Res  __FCHECK
 0D33:0280  Res  __STORCLEN
 0D33:0376  Res  __STORC
 0D33:03B4  Res  __PARINFO
 0D33:040A  Res  __PARINFA
 0D33:0522  Res  __PARCPEEK
 0D33:056E  Res  __PARC
 0D33:060A  Res  __PARCSIZ
 0D33:064E  Res  __PARCLEN
 0D33:0678  Res  __PARNI
 0D33:06C0  Res  __PARNL
 0D33:070C  Res  __PARND
 0D33:0770  Res  __PARL
 0D33:0786  Res  __PARDS
 0D33:07B2  Res  __STORND
 0D33:07EC  Res  __STORNL
 0D33:080C  Res  __STORNI
 0D33:082C  Res  __STORL
 0D33:0848  Res  __STORDS
 0D33:0882  Res  __RETCLEN
 0D33:08B4  Res  __RETNI
 0D33:08D6  Res  __RETNL
 0D33:08FA  Res  __RETND
 0D33:0922  Res  __RETDS
 0D33:0956  Res  __RET
 0D33:0958  Res  __RETA
 0D33:0966  Res  __EXMGRAB
 0D33:0976  Res  __EXMBACK
 0DCB:0064  Res  __ICALL
 0DE7:0006  Res  __SETSTRUCT
 0DE7:0182  Res  SET
 0E46:0106  Res  __STRMINUS
 0E46:01FC  Res  __MIN
 0E46:02D2  Res  __MAX
 0E46:03AC  Res  __MODULUS
 0E46:0478  Res  __INT
 0E46:053A  Res  __ROUND
 0E46:05CE  Res  __EXPON
 0E46:070E  Res  __LOGQ
 0E46:071A  Res  __QEXP
 0E46:0726  Res  __QSQRT
 0E46:0732  Res  __CHR
 0E46:0780  Res  __SPACE
 0E46:080A  Res  __SUB3
 0E46:0952  Res  __SUB2
 0E46:0A3E  Res  __LEFT
 0E46:0AE2  Res  __STR3
 0E46:0BF2  Res  __STR2
 0E46:0CBA  Res  __STR1
 0E46:0D6E  Res  __TRIM
 0E46:0DEA  Res  __LTRIM
 0E46:0E78  Res  __UPPER
 0E46:0EDA  Res  __LOWER
 0E46:0F3C  Res  __REPLICATE
 0E46:1062  Res  __VAL
 0E46:1154  Res  __LEN
 0E46:119C  Res  __EMPTY
 0E46:127E  Res  __AT
 0E46:13C0  Res  __INSTR
 0E46:14F8  Res  __ASC
 0E46:153E  Res  __TIME
 0E46:15E2  Res  __SECONDS
 0E46:169E  Res  __DATE
 0E46:16BE  Res  __DAY
 0E46:170C  Res  __MONTH
 0E46:175C  Res  __YEAR
 0E46:17AC  Res  __DOW
 0E46:17FC  Res  __CMONTH
 0E46:184C  Res  __CDOW
 0E46:189C  Res  __DTOC
 0E46:18DE  Res  __CTOD
 0E46:1924  Res  __DTOS
 0E46:1966  Res  __WORD
 0E46:19A4  Res  __VALTYPE
 0E46:1A40  Res  LEFT
 0FEA:0040  Res  _TB
 0FEA:0092  Res  __IERROR
 0FEA:0140  Res  __AFAIL
 0FEA:01D4  Res  __SODIUM
 0FEA:01E0  Res  __SALTY_DYN
 0FEA:0266  Res  __ECANCEL
 0FEA:02D2  Res  ERRORINHAN
 0FEA:0412  Res  __EGENCODE
 0FEA:0426  Res  __ESEVERIT
 0FEA:043A  Res  __ECANRETR
 0FEA:0452  Res  __ECANDEFA
 0FEA:046A  Res  __ECANSUBS
 0FEA:0482  Res  __ETRIES
 0FEA:0496  Res  __EOSCODE
 0FEA:04AA  Res  __ESUBCODE
 0FEA:04BE  Res  __ESUBSYST
 0FEA:04CA  Res  __EDESCRIP
 0FEA:04D6  Res  __EOPERATI
 0FEA:04E2  Res  __EFILENAM
 0FEA:04EE  Res  __EPARAMS
 0FEA:04FA  Res  __ECARGO
 0FEA:0506  Res  __ESETGENC
 0FEA:05CE  Res  __ESETSUBC
 0FEA:0628  Res  __ESETOSCO
 0FEA:0682  Res  __ESETSEVE
 0FEA:06DC  Res  __ESETCAND
 0FEA:0720  Res  __ESETCANR
 0FEA:0764  Res  __ESETCANS
 0FEA:07A8  Res  __ESETTRIE
 0FEA:0802  Res  __ESETSUBS
 0FEA:0812  Res  __ESETOPER
 0FEA:0822  Res  __ESETDESC
 0FEA:0832  Res  __ESETFILE
 0FEA:0842  Res  __ESETPARA
 0FEA:0852  Res  __ESETCARG
 0FEA:0862  Res  ERRORNEW
 0FEA:0AFA  Res  __EOP
 0FEA:0BB2  Res  __EERROR
 0FEA:0C14  Res  __ENOALIAS
 0FEA:0CC0  Res  __ENOVAR
 0FEA:0D30  Res  __EERRORP
 0FEA:0E44  Res  __EARG
 0FEA:0E60  Res  __ENOTABLE
 0FEA:0EDA  Res  __ENOFUNC
 0FEA:0F50  Res  __EREGNFHANDLER
 0FEA:0F7A  Res  __ENOMETHOD
 0FEA:1028  Res  __EPSTACK
 0FEA:103E  Res  ERRORBLOCK
 0FEA:109E  Res  DOSERROR
 0FEA:10C6  Res  __ESETDOSERROR
 0FEA:10D2  Res  NETERR
 0FEA:1108  Res  __ESETNETERR
 0FEA:1118  Res  __ECLASSNA
 10FC:0006  Res  AEVAL
 1114:025E  Res  __CYCLEF
 1114:04F2  Res  __XALLOC
 1114:058C  Res  __XFREE
 1114:0616  Res  __XGRAB
 1114:0646  Res  __ALLOCF
 1114:0688  Res  __FREEF
 117D:076A  Res  __VMADD
 117D:0B88  Res  __VMPREALLOC
 117D:1458  Res  __VMDISCARD
 117D:1516  Res  __VMFREE
 117D:1538  Res  __VMPTR
 117D:1596  Res  __VMDIRTYPTR
 117D:15F4  Res  __VMTWO
 117D:1704  Res  __VMALLOCF
 117D:173A  Res  __VMALLOC
 117D:1770  Res  __VMALLOCD
 117D:17AC  Res  __VMALLOCO
 117D:17EC  Res  __VMXFR
 117D:1B5C  Res  __VMFIX
 117D:1C50  Res  __VMLOCKOVL
 117D:1D9C  Res  __VMUNLOCKOVL
 117D:1DAA  Res  __VMPENDINGOVL
 117D:1DB8  Res  __VMUNLOCK
 117D:1DC6  Res  __VMLOCK
 117D:1E68  Res  __VMLOCKSEG
 117D:1ED6  Res  __VMSIZE
 117D:1EE6  Res  __VMREALLOC
 117D:204A  Res  __VMXCHG
 117D:20DE  Res  __VMSTAT
 117D:21EA  Res  __VMSTATN
 117D:222C  Res  __VMSTATE
 117D:225A  Res  __V16
 117D:2322  Res  __V32
 117D:24A0  Res  __MEM_RESUME
 117D:24BC  Res  __MEM_SUSPEND
 117D:257C  Res  __MEM_EXIT
 117D:2684  Res  _DSNORMAL
 117D:269E  Res  __EFAULT
 117D:289A  Res  __MEM_INIT2
 117D:28CE  Res  __MEM_INIT
 1447:0008  Res  __KMAPSCAN
 1447:0137  Res  __KMAPSET
 1447:018E  Res  __KMAPCLEAR
 1465:0006  Res  __MEMSUBFREE
 1465:001A  Res  __MEMSUBALLOC
 1465:00AB  Res  __MEMSUBALLOCFIRST
 1465:00BD  Res  __MEMSUBINFO
 1465:0137  Res  __MEMSUBAVAIL
 1465:0146  Res  __MEMSUBMAX
 1465:0157  Res  __MEMSUBEXTENT
 1465:016B  Res  __MEMSUBEMPTY
 1465:0182  Res  __MEMSUBREINIT
 1465:01CF  Res  __MEMSUBINIT
 1465:0208  Res  __MEMSUBNEXT
 1465:024D  Res  __MEMSUBCHECK
 148A:0002  Res  __OSALLOCDEFSEG
 148A:002C  Res  __OSAVAIL
 148A:003C  Res  __OSALLOC
 148A:0050  Res  __OSSIZE
 1490:0008  Res  __OSSTACKBASE
 1490:0EC6  Res  __LEX_
 1490:14F0  Res  __MAC_IMMED
 1490:1632  Res  __DBGMACRO
 1490:16E2  Res  __WAVE_
 1490:17F4  Res  __WAVEPOP_
 1490:1878  Res  __WAVEP_
 1490:18FC  Res  __WAVEL_
 1490:1914  Res  __WAVEA_
 1490:1B32  Res  __WAVEQ_
 1490:1B68  Res  __WAVEPOPQ_
 1490:1BA4  Res  __WAVEF_
 1490:1C22  Res  __WAVEPOPF_
 1490:1CA6  Res  __WSYMBOL_
 1490:2024  Res  __TYPE_
 1490:20DE  Res  _AMBIGBLOCK
 1490:22D4  Res  _DOSTUFF
 1490:2536  Res  __PARSE_
 16F9:000E  Res  __VMACRO
 16F9:0070  Res  __BMACRO
 1705:000E  Res  __PLANK_INIT
 1705:003B  Res  __TPLANK
 1705:0074  Res  _ERRORBUILD
 1705:00E1  Res  _ERRORCYCLE
 1705:0141  Res  __PLANKTON
 1705:01CD  Res  __SPLANKTON
 1705:01EC  Res  __DPLANKTON
 1705:0413  Res  _DBGENTRY
 1705:0431  Res  _DBGEXIT
 1705:044F  Res  __NOCODE
 1705:0457  Res  __DYNBADNEWS
 1705:0462  Res  __0ERR
 1705:046C  Res  __0ENDPROC
 1705:047F  Res  __0NOP
 1705:0482  Res  __0LINE
 1705:04C3  Res  __0EVENTS
 1705:04D7  Res  __0JMP
 1705:04DE  Res  __0JF
 1705:04FC  Res  __0JFPT
 1705:051D  Res  __0JT
 1705:053B  Res  __0JTPF
 1705:055C  Res  __0JDBG
 1705:057C  Res  __0UNDEF
 1705:0584  Res  __0TRUE
 1705:0593  Res  __0FALSE
 1705:05A0  Res  __0NULL
 1705:05B9  Res  __0ZER0
 1705:05CE  Res  __0ONE1
 1705:05E5  Res  __0PUSHW
 1705:05FA  Res  __0PUSHI
 1705:0612  Res  __0PUSHN
 1705:063C  Res  __0PUSHC
 1705:0664  Res  __0PUSHBL
 1705:0696  Res  __0ZZBLOCK
 1705:06A8  Res  __0DO
 1705:0797  Res  __DDO
 1705:0893  Res  __XDO
 1705:08B5  Res  __0FUNC
 1705:09C6  Res  __0XBLOCK
 1705:0A3E  Res  __XEVAL
 1705:0B0A  Res  __0SEND
 1705:0BFB  Res  __0CALL
 1705:0CE0  Res  __0PCOUNT
 1705:0CF8  Res  __0FRAME
 1705:0D41  Res  __0SINIT
 1705:0D69  Res  __0SFRAME
 1705:0D89  Res  __0PUBLICS
 1705:0DA2  Res  __0PRIVATES
 1705:0DBB  Res  __0PARAMS
 1705:0DD4  Res  __0ARRAYATI
 1705:0DFB  Res  __0ARRAYAT
 1705:0E67  Res  __0ARRAYPUTI
 1705:0E8E  Res  __0ARRAYPUT
 1705:0EFA  Res  __0MAKEA
 1705:0F13  Res  __0MAKELA
 1705:0F2C  Res  __0PUSHL
 1705:0F71  Res  __0POPL
 1705:0FBF  Res  __0PUSHLR
 1705:0FD8  Res  __0PUSHFL
 1705:1020  Res  __0POPFL
 1705:1068  Res  __0PUSHFLR
 1705:1092  Res  __0PUSHS
 1705:10A9  Res  __0POPS
 1705:10C0  Res  __0PUSHSR
 1705:10D9  Res  __0PUSHM
 1705:1101  Res  __0MPUSHM
 1705:111F  Res  __0POPM
 1705:1147  Res  __0MPOPM
 1705:1165  Res  __0PUSHMR
 1705:118D  Res  __0MPUSHMR
 1705:11AB  Res  __0PUSHF
 1705:11D3  Res  __0MPUSHF
 1705:11F1  Res  __0POPF
 1705:1219  Res  __0MPOPF
 1705:1237  Res  __0PUSHQF
 1705:125F  Res  __0MPUSHQF
 1705:127D  Res  __0POPQF
 1705:12A5  Res  __0MPOPQF
 1705:12C3  Res  __0PUSHV
 1705:12EB  Res  __0MPUSHV
 1705:1309  Res  __0PUSHRV
 1705:1327  Res  __0SAVE_RET
 1705:132E  Res  __0DOOP
 1705:1334  Res  __0QSELF
 1705:133E  Res  __0POP
 1705:1344  Res  __0PUSHA
 1705:139D  Res  __0MPUSHA
 1705:13BF  Res  __0PUSHP
 1705:13C2  Res  __0MPUSHP
 1705:13C5  Res  __0SYMBOL
 1705:13E9  Res  __0SYMF
 1705:1412  Res  __0MSYMBOL
 1705:1428  Res  __0MSYMF
 1705:1443  Res  __0BEGIN_SEQ
 1705:146A  Res  __0BREAK
 1705:1471  Res  __0END_SEQ
 1705:1484  Res  _COERCENUMS
 1705:14FB  Res  _COERCEDNUMS
 1705:15AB  Res  __0JNEI
 1705:15EB  Res  __0JISW
 1705:162B  Res  __XEQ
 1705:1658  Res  __0EEQ
 1705:1761  Res  __0EQ
 1705:182A  Res  __0NE
 1705:18F6  Res  __0LT
 1705:19B2  Res  __XLT
 1705:19E7  Res  __0LE
 1705:1AA3  Res  __0GT
 1705:1B5F  Res  __0GE
 1705:1C1B  Res  __0NOT
 1705:1C2F  Res  __0AND
 1705:1C4C  Res  __0OR
 1705:1C69  Res  __0NEGATE
 1705:1CC8  Res  __0ABS
 1705:1D31  Res  __0PLUS
 1705:1EAA  Res  __0MINUS
 1705:1F89  Res  __0MULT
 1705:200B  Res  __0DIVIDE
 1705:20A6  Res  __0DEC
 1705:2109  Res  __0INC
 191B:000C  Res  __INSTD_
 191D:00BE  Res  __GTWCREATE
 191D:0120  Res  __GTWDESTROY
 191D:0174  Res  __GTWFLASH
 191D:0254  Res  __GTWAPP
 191D:0268  Res  __GTWCURRENT
 191D:037A  Res  __GTWPOS
 191D:03AC  Res  __GTWVIS
 191D:04FC  Res  __GTMODALREAD
 191D:0F1E  Res  __GTSLR
 191D:0F90  Res  DISPBEGIN
 191D:0F96  Res  DISPEND
 191D:0F9C  Res  DISPCOUNT
 191D:0FBE  Res  __GTSCRDIM
 191D:0FD8  Res  __GTISCOLOR
 191D:0FE8  Res  __GTMAXROW
 191D:0FF2  Res  __GTMAXCOL
 191D:0FFC  Res  __GTSETCURSOR
 191D:101C  Res  __GTGETCURSOR
 191D:1032  Res  __GTSETPOS
 191D:1054  Res  __GTGETPOS
 191D:1078  Res  __GTSETCOLOR
 191D:10A8  Res  __GTGETCOLOR
 191D:10CC  Res  __GTSETBORDER
 191D:112C  Res  __GTBEGINWRITE
 191D:12F8  Res  __GTENDWRITE
 191D:13F4  Res  __GTSCROLL
 191D:147A  Res  __GTWRITEAT
 191D:14E4  Res  __GTWRITE
 191D:1510  Res  __GTWRITECON
 191D:16AA  Res  __GTREPCHAR
 191D:16FC  Res  __GTRECTSIZE
 191D:1740  Res  __GTSAVE
 191D:179A  Res  __GTREST
 191D:17F4  Res  __GTBOX
 191D:1862  Res  __GTBOXS
 191D:1880  Res  __GTBOXD
 191D:189E  Res  __GTSETSNOWFLAG
 191D:18D6  Res  __GTSETBLINK
 191D:18F6  Res  __GTFLUSHCURSOR
 191D:190A  Res  __GTPREEXT
 191D:193C  Res  __GTPOSTEXT
 191D:19A6  Res  __GTSETMODE
 191D:19FA  Res  __GTDISPCOUNT
 191D:1A12  Res  __GTDISPBEGIN
 191D:1A36  Res  __GTDISPEND
 1AC1:0006  Res  _SETLASTTRAN
 1AC1:0018  Res  __DBGTERMX
 1AC1:0232  Res  __INKEY0
 1AC1:0254  Res  _NOW
 1AC1:02A6  Res  __INKEY1
 1AC1:03A8  Res  NEXTKEY
 1AC1:0418  Res  LASTKEY
 1AC1:04C2  Res  __KEYBOARD
 1AC1:0610  Res  SETKEY
 1AC1:06E6  Res  __MODAL_KEY
 1AC1:080C  Res  __PCOL
 1AC1:081C  Res  __PROW
 1AC1:082C  Res  SETPRC
 1AC1:0A62  Res  __EJECT
 1AC1:0BCA  Res  __CQOUT
 1AC1:0BF0  Res  QQOUT
 1AC1:0CB6  Res  QOUT
 1AC1:0CCC  Res  __XSETCURSOR
 1AC1:0D0A  Res  __SETPOS
 1AC1:0D58  Res  __SETPOSBS
 1AC1:0D90  Res  DISPOUT
 1AC1:0E6A  Res  __DEVPOS
 1AC1:0EF2  Res  DEVOUT
 1AC1:0FF2  Res  __ROW
 1AC1:101C  Res  __COL
 1AC1:139C  Res  __XHELP
 1AC1:14DA  Res  __TERMSLR
 1AC1:158A  Res  __PRINTOUT
 1AC1:15B0  Res  __CONOUT
 1C2E:000E  Res  DISPBOX
 1C47:0004  Res  __TCVT
 1C60:0006  Res  _CPARSE
 1C60:0250  Res  _SPARSE
 1C60:0356  Res  __XSETCOLOR
 1C60:05DE  Res  SETCOLOR
 1C60:05F8  Res  SETBLINK
 1C60:06FE  Res  COLORSELEC
 1CD2:0002  Res  SETCURSOR
 1CD3:000C  Res  __PARSEATS
 1CD3:01AC  Res  __PICTLITERAL
 1CD3:0266  Res  __DATETEMPLATE
 1CD3:0882  Res  __TBUFFPREP
 1CD3:093A  Res  __ZZTRAN
 1CD3:0CCC  Res  __ZTRAN
 1CD3:0E3C  Res  __XTRAN
 1CD3:0E7C  Res  __YTRAN
 1CD3:0EBE  Res  __TRANS
 1CD3:0F38  Res  DEVOUTPICT
 1CD3:1006  Res  TRANSFORM
 1DD3:005E  Res  __ISRDD
 1DD3:0288  Res  __ISRDDTYPE
 1DD3:0530  Res  __DBUNLOADALL
 1DD3:05EC  Res  __RDDDISINHERIT
 1DD3:063C  Res  __RDDINHERIT
 1DD3:06FE  Res  __XFTABLEGETPTR
 1DD3:0750  Res  __XFTABLEDISCARDPTR
 1DD3:07F4  Res  __RDDSERVERSHUTDOWN
 1DD3:0822  Res  RDDREGISTE
 1DD3:08D4  Res  RDDLIST
 1DD3:09EC  Res  __RDDEXTENDTYPE
 1DD3:0A88  Res  __RDDFIELDTYPE
 1E85:000A  Res  __XPARAMERROR
 1E85:0024  Res  __XNOTABLEERROR
 1E85:003A  Res  __XSELECT
 1E85:00CC  Res  __STRIMTOUPPER
 1FFE:000E  Res  __EMMALLOCPAGES
 2000:0004  Res  __EMMCONTEXTSAVE
 2000:0014  Res  __EMMCONTEXTREST
 2002:0004  Res  __EMMDEALLOCPAGES
 2003:0004  Res  __EMMMAPUNMAPPAGE
 2004:000E  Res  __EMMGETPAGEFRAMESEG
 2006:0008  Res  __EMMGETVERSION
 2008:0000  Res  __BEEP_
 218A:000C  Res  _NSXTAGVALTOKEY
 218A:010C  Res  _NSXTAGSKIP
 218A:077A  Res  _NSXKEYSEEK
 218A:10B0  Res  _NSXTAGGOTO
 218A:1158  Res  _NSXTAGINSERTKEY
 218A:1816  Res  __NSXGETPARENTKEY
 218A:273E  Res  _NSXTAGDELETEKEY
 218A:2EF8  Res  __NSXGOCOLD
 218A:3280  Res  _NSXTAGGOTOP
 218A:32C6  Res  _NSXTAGGOBOTTOM
 218A:330E  Res  _NSXTAGGOSELF
 218A:3478  Res  _NSXTAGSEEK
 218A:3598  Res  __NSXKEYREFRESH
 218A:3688  Res  _NSXCOMPRESSKEY
 218A:388C  Res  _NSXEXPANDKEY
 218A:39C4  Res  _NSXKEYFORWARD
 218A:3A6C  Res  __NSXITEMRECNO
 218A:3AAE  Res  __NSXSPLITRECNO
 2537:0008  Res  __SWDOERROR
 2537:00DE  Res  _SXDBFREAD
 2537:03C2  Res  _SXDBFWRITE
 2537:0644  Res  _SXDBFWRITEHEADER
 2537:077E  Res  _GET_RECCOUNT
 2537:07BA  Res  __SXDBFGOHOT
 2537:0824  Res  __SXDBFGOCOLD
 2537:088A  Res  __SXDBFGOTOID
 2537:08D4  Res  __SXDBFGOTO
 2537:09E6  Res  __SXDBFGOTOP
 2537:0A2A  Res  __SXDBFGOBOTTOM
 2537:0A9E  Res  __SXDBFSKIPRAW
 2537:0B0C  Res  __SXDBFSKIP
 2537:0BD4  Res  __SXDBFFLUSH
 2537:0CE2  Res  __SXDBFCLOSE
 2537:0F94  Res  __SXDBFSETFIELDEXTENT
 2537:0FCE  Res  __SXDBFADDFIELD
 2537:13FE  Res  __SWDEFALIAS
 2537:1490  Res  __SXDBFOPEN
 2537:1828  Res  __SXDBFCREATE
 2537:1BAA  Res  __SXDBFNEW
 2537:1BD6  Res  __SXDBFGETVARLEN
 2537:1C46  Res  __SXDBFGETVALUE
 2537:1EAA  Res  __SXDBFPUTVALUE
 2537:21D8  Res  __SXDBFBOF
 2537:220E  Res  __SXDBFEOF
 2537:2244  Res  __SXDBFFOUND
 2537:227A  Res  __SXDBFLOCK
 2537:22DC  Res  __SXDBFFLOCK
 2537:238C  Res  __SXDBFAPPEND
 2537:266E  Res  __SXDBFPUTREC
 2537:26B4  Res  __SXDBFTRANSREC
 2537:2782  Res  __SXDBFTRANS
 27B7:000E  Res  __SWOURDRIVER
 27B7:013E  Res  ___DBL2X
 27D1:0000  Res  __TCREAT
 27D1:0016  Res  __TUNLINK
 27D1:002A  Res  __TOPEN
 27D1:0040  Res  __TCLOSE
 27D1:0050  Res  __TREAD
 27D1:006A  Res  __TWRITE
 27D1:0084  Res  __TLSEEK
 27D1:009E  Res  __TRENAME
 27D1:00B8  Res  __TLOCK
 27D1:00D8  Res  __TCOMMIT
 27DF:0008  Res  __ERRNEW
 27DF:0022  Res  __ERRLAUNCH
 27DF:0044  Res  __ERRRELEASE
 27DF:0068  Res  __ERRPUTSEVERITY
 27DF:007A  Res  __ERRPUTGENCODE
 27DF:008E  Res  __ERRPUTOSCODE
 27DF:00A2  Res  __ERRPUTFLAGS
 27DF:00B6  Res  __ERRPUTTRIES
 27DF:00CA  Res  __ERRPUTSUBCODE
 27DF:00DE  Res  __ERRPUTSUBSYSTEM
 27DF:00F8  Res  __ERRPUTDESCRIPTION
 27DF:0112  Res  __ERRPUTOPERATION
 27DF:0138  Res  __ERRPUTFILENAME
 27DF:0152  Res  __ERRGETSEVERITY
 27DF:015E  Res  __ERRGETGENCODE
 27DF:016A  Res  __ERRGETOSCODE
 27DF:0176  Res  __ERRGETFLAGS
 27DF:0182  Res  __ERRGETTRIES
 27DF:018E  Res  __ERRGETSUBCODE
 27DF:019A  Res  __ERRGETSUBSYSTEM
 27DF:01AA  Res  __ERRGETDESCRIPTION
 27DF:01BA  Res  __ERRGETOPERATION
 27DF:01CA  Res  __ERRGETFILENAME
 27FC:000A  Res  __XVALLOC
 27FC:0062  Res  __XVFREE
 27FC:008E  Res  __XVREALLOC
 27FC:00F6  Res  __XVLOCK
 27FC:0140  Res  __XVWIRE
 27FC:0186  Res  __XVUNLOCK
 27FC:01D4  Res  __XVUNWIRE
 27FC:01E4  Res  __XVLOCKCOUNT
 27FC:0222  Res  __XVSIZE
 27FC:0260  Res  __XVHEAPNEW
 27FC:02CE  Res  __XVHEAPDESTROY
 27FC:02DE  Res  __XVHEAPRESIZE
 27FC:03D0  Res  __XVHEAPALLOC
 27FC:0426  Res  __XVHEAPFREE
 27FC:0476  Res  __XVHEAPLOCK
 27FC:04E4  Res  __XVHEAPUNLOCK
 284F:0008  Res  __DYN_INIT
 284F:0013  Res  __DYN_RELEASE
 284F:001A  Res  __DYN_GETNBRPAGES
 284F:0052  Res  __DYN_GETPAGE
 284F:00B7  Res  __DYN_FNAME
 2862:053E  Res  __DYNX_READ
 2862:0688  Res  __DYNXSLR
 28D3:0078  Res  __ITEMSIZE
 28D3:00B8  Res  __ITEMRELEASE
 28D3:00D6  Res  __ITEMNEW
 28D3:00E6  Res  __ITEMTYPE
 28D3:00F4  Res  __ITEMPUTL
 28D3:0124  Res  __ITEMPUTCL
 28D3:0164  Res  __ITEMPUTC
 28D3:018C  Res  __ITEMCOPYC
 28D3:01D4  Res  __ITEMPUTNL
 28D3:0206  Res  __ITEMPUTND
 28D3:0250  Res  __ITEMPUTDS
 28D3:02A6  Res  __ITEMGETC
 28D3:02B4  Res  __ITEMFREEC
 28D3:02CA  Res  __ITEMGETNL
 28D3:02D8  Res  __ITEMGETL
 28D3:02E4  Res  __ITEMGETDS
 28D3:030C  Res  __ITEMGETND
 28D3:0372  Res  __ITEMPARAM
 28D3:03AA  Res  __ITEMRETURN
 28D3:03CE  Res  __ITEMARRAYNEW
 28D3:03EC  Res  __ITEMARRAYGET
 28D3:042A  Res  __ITEMARRAYPUT
 28D3:0458  Res  __EVALNEW
 28D3:047E  Res  __EVALPUTPARAM
 28D3:049C  Res  __EVALLAUNCH
 28D3:05CA  Res  __EVALRELEASE
 2936:0006  Pag  ADR_ADAP
 2936:000D  Pag  CONVERTE
 2936:0014  Pag  TRATADIR
 2936:001B  Pag  DRVEXISTE
 2936:0022  Pag  VE_CAMPOS
 2936:0029  Pag  HELP
 2936:0030  Pag  CAPTURADIR
 2936:0037  Pag  ESCOLHIDOU
 2936:003E  Pag  LSTARQDIR
 2936:004C  Pag  RDDSYS
 2936:0053  Pag  SIXTOOLS
 2936:005A  Pag  ODOMETER
 2936:0068  Pag  ADR_ATRI
 2936:006F  Pag  ADR_ATR1
 2936:0076  Pag  ADR_ATR2
 2936:007D  Pag  ADR_ESTR
 2936:0084  Pag  BXR_ESTR
 2936:008B  Pag  ALE_ESTR
 2936:0092  Pag  GRU_ESTR
 2936:0099  Pag  TAX_ESTR
 2936:00A0  Pag  ECO_ESTR
 2936:00A7  Pag  INS_ESTR
 2936:00AE  Pag  GUI_ESTR
 2936:00B5  Pag  AFU_ESTR
 2936:00BC  Pag  IMP_ESTR
 2936:00C3  Pag  MED_ESTR
 2936:00CA  Pag  TES_ESTR
 2936:00D1  Pag  JUR_ESTR
 2936:00D8  Pag  TFI_ESTR
 2936:00DF  Pag  ARQ_ESTR
 2936:00E6  Pag  REG_ESTR
 2936:00ED  Pag  COB_ESTR
 2936:00F4  Pag  CLA_ESTR
 2936:00FB  Pag  CIR_ESTR
 2936:0102  Pag  CPR_ESTR
 2936:0109  Pag  PRC_ESTR
 2936:0110  Pag  FNC_ESTR
 2936:0117  Pag  HIS_ESTR
 2936:011E  Pag  CST_ESTR
 2936:0125  Pag  MEN_ESTR
 2936:012C  Pag  ORD_ESTR
 2936:0133  Pag  PAR_ESTR
 2936:013A  Pag  READMODAL
 2936:0141  Pag  GETREADER
 2936:0148  Pag  AJUSTA_PIC
 2936:014F  Pag  GETAPPLYKE
 2936:0156  Pag  GETPREVALI
 2936:015D  Pag  GETPOSTVAL
 2936:0164  Pag  GETDOSETKE
 2936:018E  Pag  __SETFORMA
 2936:0195  Pag  __KILLREAD
 2936:019C  Pag  GETACTIVE
 2936:01A3  Pag  UPDATED
 2936:01AA  Pag  READEXIT
 2936:01B1  Pag  READINSERT
 2936:01C6  Pag  RANGECHECK
 2936:01CD  Pag  READKILL
 2936:01D4  Pag  STORECARGO
 2936:01DB  Pag  STOREALL
 2936:01E9  Pag  EDIMEMO
 2936:01F0  Pag  MFUNC
 2936:01F7  Pag  EDBF
 2936:01FE  Pag  CARDTYPE
 2936:0205  Pag  DBOX
 2936:0221  Pag  JOGANOBUFF
 2936:0228  Pag  NOVAPOSI
 2936:022F  Pag  Q_TEC
 2936:0236  Pag  LPAD
 2936:023D  Pag  CAIXA
 2936:0244  Pag  NSEM
 2936:024B  Pag  ALERTA
 2936:0252  Pag  PARSE
 2936:0259  Pag  INVCOR
 2936:0260  Pag  MUDA_PJ
 2936:0267  Pag  MON_JAN_MO
 2936:026E  Pag  MOUSECUR
 2936:0275  Pag  MOUSEBOX
 2936:027C  Pag  MOUSEGET
 2936:0283  Pag  MOUSESET
 2936:028A  Pag  NEXT_KEY
 2936:0291  Pag  IN_KEY
 2936:029F  Pag  MONTA_BUFF
 2936:02A6  Pag  KEYB_MAC
 2936:02AD  Pag  KEYBUFF
 2936:02B4  Pag  INKY
 2936:02BB  Pag  POEHORA
 2936:02C2  Pag  RESTSCR
 2936:02C9  Pag  NAOPISCA
 2936:02D0  Pag  EXTENSAO
 2936:02DE  Pag  SYSINIT
 2936:02E5  Pag  ERRORSYS
 2936:02FA  Pag  __SETCENTU
 2936:0301  Pag  __XSAVESCR
 2936:0308  Pag  __XRESTSCR
 2936:0316  Pag  __SETHELPK
 2936:031D  Pag  GETNEW
 2936:0324  Pag  __GETHASFO
 2936:032B  Pag  __GETBUFFE
 2936:0332  Pag  __GETORIGI
 2936:0339  Pag  __GETSETCA
 2936:0340  Pag  __GETSETBL
 2936:0347  Pag  __GETSETNA
 2936:034E  Pag  __GETSETPI
 2936:0355  Pag  __GETSETPB
 2936:035C  Pag  __GETSETPR
 2936:0363  Pag  __GETSETSU
 2936:036A  Pag  __GETSETEX
 2936:0371  Pag  __GETSETRE
 2936:0378  Pag  __GETSETBU
 2936:037F  Pag  __GETBADDA
 2936:0386  Pag  __GETUNDO
 2936:038D  Pag  __GETTODEC
 2936:0394  Pag  __GETDWLEF
 2936:039B  Pag  READVAR
 2936:03A9  Pag  _DTXCONDSE
 2936:03B0  Pag  DBCREATEIN
 2936:03B7  Pag  DBSETINDEX
 2936:03BE  Pag  DBCLEARIND
 2936:03C5  Pag  DBREINDEX
 2936:03CC  Pag  DBSETORDER
 2936:03D3  Pag  INDEXEXT
 2936:03DA  Pag  INDEXKEY
 2936:03E8  Pag  __DBCOPY
 2936:03EF  Pag  __DBAPP
 2936:03F6  Pag  __FLEDIT
 2936:0404  Pag  AFILL
 2936:040B  Pag  ACLONE
 2936:0420  Pag  SIXNSX
 2936:0427  Pag  SX_DEFTRIG
 2936:042E  Pag  BLICALC50
 2936:0435  Pag  BLIMEMAVL
 2936:043C  Pag  BLIMEMMAX
 2936:0443  Pag  BLPRFPRG
 2936:044A  Pag  BLERRC50
 297C:000E  Ovl  __GETENV
 297C:001A  Ovl  __AWK
 297C:0020  Ovl  __SQU
 297C:002C  Ovl  __QUIT
 297C:0032  Ovl  __SYSINIT
 297C:0038  Ovl  __SYSSUSPEND
 297C:003E  Ovl  __SYSRESUME
 297C:0044  Ovl  __SYSEXIT
 297C:004A  Ovl  __SYSLEVEL
 297C:0050  Ovl  __SYSERRORLEVEL
 297C:0056  Ovl  __SYSPOSTARGS
 297C:005C  Ovl  ERRORLEVEL
 297C:0068  Ovl  __APPINITREGISTER
 297C:006E  Ovl  __APPMAIN
 297C:0098  Ovl  __APPEXITREGISTER
 297C:009E  Ovl  __APPEXIT
 297C:00AA  Ovl  __ISENDP
 297C:00B0  Ovl  __CLASSSEL
 297C:00B6  Ovl  __CLASSINS
 297C:00BC  Ovl  __MDCREATE
 297C:00C8  Ovl  __MDADD
 297C:00CE  Ovl  __MDASSOCIATE
 297C:00E0  Ovl  __CLASSNEW
 297C:00E6  Ovl  __CLASSADD
 297C:00F8  Ovl  __CLASSNAM
 297C:0104  Ovl  __TBNAME
 297C:010A  Ovl  PROCNAME
 297C:0110  Ovl  PROCLINE
 297C:0116  Ovl  PROCFILE
 297C:011C  Ovl  ACOPY
 297C:0122  Ovl  AINS
 297C:013A  Ovl  __MSAVE
 297C:0140  Ovl  __MRESTORE
 297C:0152  Ovl  __CREATEERRORDICT
 297C:0164  Ovl  __IENDSEQ
 297C:016A  Ovl  __END_SEQ
 297C:0170  Ovl  __SEQREG
 297C:0176  Ovl  __IBEGINSEQ
 297C:017C  Ovl  __IBREAKCONT
 297C:0188  Ovl  _MALLOC
 297C:018E  Ovl  _FREE
 297C:0194  Ovl  __FMALLOC
 297C:019A  Ovl  __FFREE
 297C:01A0  Ovl  __NMALLOC
 297C:01A6  Ovl  __NFREE
 297C:01BE  Ovl  __COUTSTD
 297C:01C4  Ovl  __ERRMSG
 297C:01CA  Ovl  __COUTERR
 297C:01D0  Ovl  __ERRMSGN
 297C:01D6  Ovl  __NONOALER
 297C:01DC  Ovl  OUTSTD
 297C:01E2  Ovl  ALERT
 297C:01E8  Ovl  OUTERR
 297C:01EE  Ovl  __OUTINI
 297C:01FA  Ovl  MAXROW
 297C:0200  Ovl  MAXCOL
 297C:020C  Ovl  SAVESCREEN
 297C:0212  Ovl  RESTSCREEN
 297C:0218  Ovl  SCROLL
 297C:022A  Ovl  __GETSETUP
 297C:0230  Ovl  __GETCLASS
 297C:023C  Ovl  __GETCDISP
 297C:0242  Ovl  __TOGET
 297C:0248  Ovl  __GETROW
 297C:0254  Ovl  __GETCOL
 297C:025A  Ovl  _DISPLAYTHEGET
 297C:0260  Ovl  _GETGETCONTEXT
 297C:0266  Ovl  _SETGETCONTEXT
 297C:026C  Ovl  __GETSETRO
 297C:0272  Ovl  __GETSETCO
 297C:0278  Ovl  __GETVARGE
 297C:027E  Ovl  __GETVARPU
 297C:0284  Ovl  __GET
 297C:028A  Ovl  __GETA
 297C:0296  Ovl  __GETCOLOR
 297C:029C  Ovl  __GETSETCS
 297C:02B4  Ovl  __GETTYPE
 297C:02C0  Ovl  __GETSETFO
 297C:02D2  Ovl  __GETPOS
 297C:02DE  Ovl  __GETINSER
 297C:02EA  Ovl  __GETDECPO
 297C:02F0  Ovl  __GETOVERS
 297C:02FC  Ovl  __GETCHANG
 297C:0302  Ovl  __GETKILLF
 297C:0308  Ovl  __GETCLEAR
 297C:030E  Ovl  __GETLEFT
 297C:0314  Ovl  __GETRIGHT
 297C:0320  Ovl  __GETASSIG
 297C:0326  Ovl  __GETMINUS
 297C:032C  Ovl  __GETHOME
 297C:0338  Ovl  __GETEND
 297C:033E  Ovl  __GETTYPEO
 297C:0344  Ovl  __GETWORDL
 297C:0350  Ovl  __GETWORDR
 297C:0356  Ovl  __GETREJEC
 297C:035C  Ovl  __GETDELET
 297C:0368  Ovl  __GETWORDD
 297C:036E  Ovl  __GETSETPO
 297C:0374  Ovl  __GETRITED
 297C:037A  Ovl  __GETBACKS
 297C:0380  Ovl  __GETUPDAT
 297C:0386  Ovl  __GETSETCH
 297C:039E  Ovl  __GETUNTRA
 297C:03B0  Ovl  __GETREFOR
 297C:03B6  Ovl  __GETSETCL
 297C:03BC  Ovl  __GETRESET
 297C:03CE  Ovl  __GETSETMI
 297C:03D4  Ovl  __GETDISPL
 297C:03E0  Ovl  ORDFOR
 297C:03E6  Ovl  ORDLISTADD
 297C:03EC  Ovl  ORDCONDSET
 297C:03F2  Ovl  ORDDESTROY
 297C:03F8  Ovl  ORDLISTCLE
 297C:03FE  Ovl  ORDCREATE
 297C:0404  Ovl  ORDLISTREB
 297C:040A  Ovl  ORDSETFOCU
 297C:0410  Ovl  ORDBAGEXT
 297C:041C  Ovl  ORDBAGNAME
 297C:0422  Ovl  ORDNAME
 297C:0428  Ovl  ORDNUMBER
 297C:042E  Ovl  ORDKEY
 297C:0434  Ovl  INDEXORD
 297C:0446  Ovl  RDDNAME
 297C:044C  Ovl  __DBCMDSLR
 297C:0452  Ovl  RDDSETDEFA
 297C:0458  Ovl  DBSETDRIVE
 297C:045E  Ovl  DBCLOSEALL
 297C:0464  Ovl  DBCLOSEARE
 297C:046A  Ovl  DBUSEAREA
 297C:0470  Ovl  __DEFDRIVER
 297C:0476  Ovl  DBTABLEEXT
 297C:0482  Ovl  DBAPPEND
 297C:0488  Ovl  __FLOCK
 297C:048E  Ovl  DBDELETE
 297C:0494  Ovl  __AXPROUT
 297C:049A  Ovl  __EOF
 297C:04A0  Ovl  DBSELECTAR
 297C:04A6  Ovl  DBRECALL
 297C:04AC  Ovl  __BOF
 297C:04B2  Ovl  __DBPACK
 297C:04B8  Ovl  DBEVAL
 297C:04BE  Ovl  __FOUND
 297C:04C4  Ovl  __DBZAP
 297C:04CA  Ovl  __DELETED
 297C:04D0  Ovl  DBSEEK
 297C:04D6  Ovl  DBCOMMIT
 297C:04DC  Ovl  __RECNO
 297C:04E2  Ovl  DBCOMMITAL
 297C:04E8  Ovl  __LASTREC
 297C:04EE  Ovl  __FIELDNAME
 297C:04F4  Ovl  DBUNLOCK
 297C:04FA  Ovl  DBUNLOCKAL
 297C:0500  Ovl  DBSKIP
 297C:0506  Ovl  __FCOUNT
 297C:050C  Ovl  __FSELECT0
 297C:0512  Ovl  DBRLOCKLIS
 297C:0518  Ovl  __FSELECT1
 297C:051E  Ovl  DBGOTOP
 297C:0524  Ovl  DBRLOCK
 297C:0530  Ovl  USED
 297C:0536  Ovl  DBGOBOTTOM
 297C:053C  Ovl  ALIAS
 297C:0548  Ovl  DBGOTO
 297C:054E  Ovl  DBRUNLOCK
 297C:0554  Ovl  __AXPRIN
 297C:055A  Ovl  __LOCK
 297C:0560  Ovl  __V2ALIAS
 297C:0566  Ovl  __XAPPEND
 297C:0572  Ovl  __DBTRANS
 297C:0578  Ovl  __DBTRANSR
 297C:057E  Ovl  __DBFIELDINDEX
 297C:0584  Ovl  ___DBBUILDTRANS
 297C:0596  Ovl  DBSTRUCT
 297C:05AE  Ovl  __DBOPENSD
 297C:05B4  Ovl  DBCREATE
 297C:05C0  Ovl  FSEEK
 297C:05C6  Ovl  FCREATE
 297C:05CC  Ovl  FERASE
 297C:05D2  Ovl  FOPEN
 297C:05D8  Ovl  FRENAME
 297C:05DE  Ovl  FERROR
 297C:05E4  Ovl  FCLOSE
 297C:05EA  Ovl  FREAD
 297C:05F0  Ovl  FREADSTR
 297C:05F6  Ovl  FWRITE
 297C:0602  Ovl  __EMMGETALLOCPAGECOUNT
 297C:0608  Ovl  __EMMGETTOTALPAGECOUNT
 297C:060E  Ovl  __EMMGETUNALLOCPAGECOUNT
 297C:061A  Ovl  __EMMINSTALLED
 297C:0620  Ovl  __EXACTCMP
 297C:062C  Ovl  CURDIR
 297C:0632  Ovl  ISPRINTER
 297C:0638  Ovl  TONE
 297C:063E  Ovl  I2BIN
 297C:0644  Ovl  BIN2I
 297C:064A  Ovl  L2BIN
 297C:0650  Ovl  BIN2L
 297C:0656  Ovl  BIN2W
 297C:065C  Ovl  ALLTRIM
 297C:0662  Ovl  RIGHT
 297C:0668  Ovl  RAT
 297C:066E  Ovl  PADL
 297C:0674  Ovl  PADR
 297C:067A  Ovl  PADC
 297C:0680  Ovl  STRTRAN
 297C:0698  Ovl  STUFF
 297C:069E  Ovl  MEMOLINE
 297C:06A4  Ovl  MLCOUNT
 297C:06B0  Ovl  _LINELEN
 297C:06B6  Ovl  _FETCHAR
 297C:06C2  Ovl  _ASCANSUB
 297C:06C8  Ovl  ASCAN
 297C:06E0  Ovl  DIRECTORY
 297C:0710  Ovl  MEMOEDIT
 297C:081E  Ovl  _SIXOPTIMIZE4SPEED
 297C:0824  Ovl  __NSXWEP
 297C:082A  Ovl  __NSXPLACEKEYP
 297C:0830  Ovl  __NSXNEW
 297C:0836  Ovl  _NSXINIT
 297C:083C  Ovl  __NSXGETFUNCTABLE
 297C:0848  Ovl  __NSXFLUSH
 297C:084E  Ovl  __NSXFORCEREL
 297C:0854  Ovl  __NSXSORT
 297C:085A  Ovl  __NSXORDERLISTCLEAR
 297C:0860  Ovl  __NSXSTRUCTSIZE
 297C:0866  Ovl  __NSXORDERBAGEXT
 297C:086C  Ovl  __NSXORDERINFO
 297C:0872  Ovl  __NSXGOTOP
 297C:0878  Ovl  __NSXGOHOT
 297C:087E  Ovl  __NSXGOBOTTOM
 297C:0884  Ovl  __NSXGOTO
 297C:088A  Ovl  __NSXGOTOID
 297C:0890  Ovl  __NSXSYSNAME
 297C:0896  Ovl  __NSXPACK
 297C:089C  Ovl  __NSXZAPTABLE
 297C:08A8  Ovl  __NSXINDEXEXPR
 297C:08B4  Ovl  __NSXOPEN
 297C:08BA  Ovl  __NSXCLOSE
 297C:08C0  Ovl  __NSXORDERCREATE
 297C:08C6  Ovl  __NSXORDERLISTADD
 297C:08DE  Ovl  __NSXORDERLISTREBUILD
 297C:0902  Ovl  _NSXINDEXCREATE
 297C:0908  Ovl  __NSXISREINDEX
 297C:090E  Ovl  __NSXPLACEKEY
 297C:098C  Ovl  _NSXINDEXGROW
 297C:0992  Ovl  _NSXINDEXSHRINK
 297C:099E  Ovl  _NSXINDEXOPEN
 297C:09B0  Ovl  _NSXTAGLOCK
 297C:09B6  Ovl  _NSXLOCK
 297C:09BC  Ovl  _NSXUNLOCK
 297C:09C8  Ovl  _NSXTAGUNLOCK
 297C:09CE  Ovl  __NSXTAGFINDKEY
 297C:0A3A  Ovl  __SMTAMEMOSIZE
 297C:0A40  Ovl  __SMTARRAYTOMEMO
 297C:0A46  Ovl  __SMTWRITEARRAY
 297C:0A4C  Ovl  __SMTMEMOTOARRAY
 297C:0A64  Ovl  _SXDBFINIT
 297C:0A6A  Ovl  __SXDBFPLACERECP
 297C:0A70  Ovl  __SXDBFGETFUNCTABLE
 297C:0A7C  Ovl  __SXDBFRECCOUNT
 297C:0A82  Ovl  __SXDBFCHILDSYNC
 297C:0A88  Ovl  __SXDBFSYSNAME
 297C:0A8E  Ovl  __SXDBFPACK
 297C:0A94  Ovl  __SXDBFSTRUCTSIZE
 297C:0A9A  Ovl  __SXDBFCHILDEND
 297C:0AA0  Ovl  __SXDBFCHILDSTART
 297C:0AA6  Ovl  __SXDBFZAP
 297C:0AAC  Ovl  __SXDBFDELETE
 297C:0AB2  Ovl  __SXDBFRECALL
 297C:0AB8  Ovl  __SXDBFPLACEREC
 297C:0ABE  Ovl  __SXDBFINFO
 297C:0AC4  Ovl  __SXDBFSORT
 297C:0AD0  Ovl  __SXDBFDELETED
 297C:0AD6  Ovl  __SXDBFFORCEREL
 297C:0ADC  Ovl  __SXDBFSETFILTER
 297C:0AE2  Ovl  __SXDBFRECNO
 297C:0AEE  Ovl  SX_ENCRYPT
 297C:0AF4  Ovl  SX_DECRYPT
 297C:0AFA  Ovl  __SX_ENCRYPT
 297C:0B00  Ovl  __SX_SETSEED
 297C:0B06  Ovl  SX_SETPASS
 297C:0B0C  Ovl  __SX_DECRYPT
 297C:0B12  Ovl  __SX_SETKEY
 297C:0B1E  Ovl  __SWOPENER
 297C:0B24  Ovl  _SWFLENGTH
 297C:0B30  Ovl  SX_ISREIND
 297C:0B36  Ovl  SX_KEYSINC
 297C:0B3C  Ovl  SX_STEP
 297C:0B42  Ovl  SX_I_INDEX
 297C:0B48  Ovl  SX_I_TAGNA
 297C:0B54  Ovl  __SWORDERASNUMBER
 297C:0B5A  Ovl  __SWORDERLISTFOCUS
 297C:0B60  Ovl  __SWORDSET
 297C:0B66  Ovl  _SWINDEXCLOSE
 297C:0B6C  Ovl  __SWNUKETAG
 297C:0B72  Ovl  __SWADJUSTLIST
 297C:0B7E  Ovl  __SWSEEK
 297C:0B84  Ovl  __SWSKIPRAW
 297C:0B90  Ovl  SX_KILLTAG
 297C:0B96  Ovl  __SWORDERDESTROY
 297C:0BA2  Ovl  SX_TAGDELE
 297C:0BB4  Ovl  __SEXRLCK
 297C:0BBA  Ovl  __SEXRUNL
 297C:0BC0  Ovl  __SEXFLCK
 297C:0BC6  Ovl  __SEXFUNL
 297C:0BCC  Ovl  __SEXALCK
 297C:0BD2  Ovl  __SEXAUNL
 297C:0BD8  Ovl  __SEXWPCHK
 297C:0BDE  Ovl  _SEXLOCK
 297C:0BE4  Ovl  _SEXUNLOCK
 297C:0BF0  Ovl  __SWFINDFREEBLOCK
 297C:0BF6  Ovl  __SWFLUSHMEMOROOT
 297C:0BFC  Ovl  __SWISFREEBLOCK
 297C:0C02  Ovl  __SWINSERTFREEBLOCK
 297C:0C08  Ovl  __SWKILLMEMOROOT
 297C:0C0E  Ovl  __SWEXPANDLASTBLOCK
 297C:0C14  Ovl  __SWREADMEMOROOT
 297C:0C1A  Ovl  __SWGETFREEBLOCK
 297C:0C26  Ovl  __SXENCMEMOREAD
 297C:0C2C  Ovl  __SXENCMEMOWRITE
 297C:0C38  Ovl  __SWCONDCLEAR
 297C:0C3E  Ovl  __SEXORDERCONDITION
 297C:0C44  Ovl  _SXCONDSET
 297C:0C50  Ovl  ___CDXPAGEREAD
 297C:0C56  Ovl  ___CDXPAGEAPPEND
 297C:0C5C  Ovl  ___NSXPAGEREAD
 297C:0C62  Ovl  ___NSXPAGEREADLOCK
 297C:0C68  Ovl  ___CDXPAGEREADLOCK
 297C:0C74  Ovl  __SXISLOCKED
 297C:0C7A  Ovl  __SXRLOCK
 297C:0C80  Ovl  __SXUNLOCK
 297C:0C86  Ovl  __SXGETLOCKS
 297C:0C8C  Ovl  __SXDBFUNLOCK
 297C:0C98  Ovl  _SWFINDTAG
 297C:0C9E  Ovl  __SWSURFACE
 297C:0CA4  Ovl  _SWFINDINDEX
 297C:0CB0  Ovl  _SX_TRIGVA
 297C:0CB6  Ovl  SX_SETTRIG
 297C:0CBC  Ovl  __SXCALLTRIGGER
 297C:0CC8  Ovl  __SXPARSENAME
 297C:0CCE  Ovl  __SXGETEXT
 297C:0CD4  Ovl  __CDXSWAPBYTES
 297C:0CDA  Ovl  __SEXTRIM_N
 297C:0CE0  Ovl  __SXMAKESTR
 297C:0CE6  Ovl  __CLIPALLOC
 297C:0CEC  Ovl  __CLIPFREE
 297C:0CF2  Ovl  __SXNAMEEXT
 297C:0CFE  Ovl  __SXSMARTUPPER
 297C:0D04  Ovl  __SWOURDBFDRIVER
 297C:0D0A  Ovl  _SWPARM2TYPE
 297C:0D10  Ovl  __SXSWAPBYTES
 297C:0D1C  Ovl  __VFGETLEN
 297C:0D28  Ovl  __VFGETBLOCK
 297C:0D2E  Ovl  SX_DTOP
 297C:0D34  Ovl  SX_PTOD
 297C:0D46  Ovl  __VFPUTBLOCK
 297C:0D4C  Ovl  SX_VFGET
 297C:0D58  Ovl  __VFPUTVALUE
 297C:0D5E  Ovl  __VFGETVALUE
 297C:0D64  Ovl  __VFGETTYPE
 297C:0D70  Ovl  ___M6FREESIMPLE
 297C:0D76  Ovl  ___M6CREATEMAP
 297C:0D88  Ovl  ___M6CASEAND
 297C:0D8E  Ovl  ___M6CASENOT
 297C:0D94  Ovl  ___M6CASEOR
 297C:0DA0  Ovl  ___M6INITSTRUCTS
 297C:0DA6  Ovl  __M6STRUCTSIZE
 297C:0DAC  Ovl  __M6GOCOLD
 297C:0DB2  Ovl  __M6CLOSE
 297C:0DB8  Ovl  __M6SETFILTER
 297C:0DBE  Ovl  __M6CLEARFILTER
 297C:0DC4  Ovl  __M6PACK
 297C:0DD0  Ovl  ___M6EQUALS
 297C:0DD6  Ovl  ___M6CURRENT
 297C:0DE2  Ovl  M6_RECCOUN
 297C:0DE8  Ovl  _M6SET
 297C:0DEE  Ovl  ___M6RECCOUNT
 297C:0DF4  Ovl  M6_ERROR
 297C:0DFA  Ovl  ___M6ERROR
 297C:0E06  Ovl  ___M6FREETOKE
 297C:0E0C  Ovl  ___M6DROPMAP
 297C:0E12  Ovl  ___M6EVALUATE
 297C:0E1E  Ovl  ___M6NEXTFILTERREC
 297C:0E24  Ovl  ___M6NEXTBITRAW
 297C:0E2A  Ovl  __M6SKIPFILTER
 297C:0E36  Ovl  ___M6INITFILTER
 297C:0E3C  Ovl  ___M6KILLFILTER
 297C:0E42  Ovl  M6_ISFILTE
 297C:0E48  Ovl  M6_REFRESH
 297C:0E4E  Ovl  M6_DBFILTE
 297C:0E54  Ovl  ___M6GETVALUE
 297C:0E5A  Ovl  ___M6GREATER
 297C:0E60  Ovl  M6INIT
 297C:0E66  Ovl  ___M6INSTR
 297C:0E72  Ovl  ___M6FOXEMPTY
 297C:0E78  Ovl  ___M6FOXDATA
 297C:0E7E  Ovl  ___M6ISKEY
 297C:0E84  Ovl  ___M6ISKEYEXPR
 297C:0E8A  Ovl  ___M6ALIASTRIM
 297C:0E96  Ovl  ___M6ISOPT
 297C:0E9C  Ovl  _M6ISOPTIM
 297C:0EA2  Ovl  ___M6LESS
 297C:0EAE  Ovl  ___M6MAPCOPY
 297C:0EB4  Ovl  M6_FILTCOP
 297C:0EBA  Ovl  ___M6FREELOCATE
 297C:0EC0  Ovl  _M6CONTINU
 297C:0ECC  Ovl  ___M6EVALAND
 297C:0ED2  Ovl  ___M6EVALOR
 297C:0ED8  Ovl  ___M6EVALNOT
 297C:0EDE  Ovl  ___M6EVALXOR
 297C:0EE4  Ovl  ___M6NOTEQUALS
 297C:0EF0  Ovl  ___M6OPTIMIZEDELETED
 297C:0EF6  Ovl  ___M6OPTIMIZEPARTIAL
 297C:0EFC  Ovl  __M6OURDRIVER
 297C:0F02  Ovl  ___M6ISRANGE
 297C:0F0E  Ovl  ___M6ISUPPER
 297C:0F14  Ovl  ___M6ISYEARDATE
 297C:0F1A  Ovl  ___M6ISYEARDTOS
 297C:0F20  Ovl  ___M6ISEMPTY
 297C:0F38  Ovl  ___M6STACKEXPR
 297C:0F3E  Ovl  ___M6ISBADEXPR
 297C:0F44  Ovl  ___M6STACKAND
 297C:0F4A  Ovl  ___M6STACKOR
 297C:0F50  Ovl  ___M6STACKNOT
 297C:0F56  Ovl  ___M6SIMPSTRING
 297C:0F62  Ovl  ___M6ISSUBSTR
 297C:0F68  Ovl  ___M6MEMCHR
 297C:0F6E  Ovl  ___M6INCSTR
 297C:0F74  Ovl  ___M6AREYOUSPACED
 297C:0F7A  Ovl  ___M6MATCHPAREN
 297C:0F80  Ovl  ___M6MATCHPARENQ
 297C:0F86  Ovl  ___M6SETWHILE
 297C:0F9E  Ovl  ___M6MATCHBRACK
 297C:0FA4  Ovl  ___M6TOKENIZE
 297C:0FBC  Ovl  ___M6TRANSP
 297C:0FC2  Ovl  ___M6KIND
 297C:0FC8  Ovl  ___M6PRIORITY
 297C:0FCE  Ovl  ___M6TRANSLATE
 297C:0FDA  Ovl  ___M6NEWMAP
 297C:0FE0  Ovl  ___M6BITNO
 297C:0FE6  Ovl  ___M6UNLOCKALL
 297C:0FEC  Ovl  ___M6FREEMAP
 297C:0FF2  Ovl  ___M6NEXTHANDLE
 297C:0FF8  Ovl  ___M6HANDLE2MAP
 297C:0FFE  Ovl  ___M6TOUCHBIT
 297C:1004  Ovl  ___M6ISSET
 297C:100A  Ovl  ___M6GOBIT
 297C:1010  Ovl  ___M6NEXTBIT
 297C:1016  Ovl  ___M6BITCOUNT
 297C:101C  Ovl  ___M6ISMAPEMPTY
 297C:1022  Ovl  _M6ERROR
 297C:1028  Ovl  MEMORY
 297C:1034  Ovl  __PAGE_UNLOCK
 297C:1046  Ovl  __PAGE_READLOCK
 297C:1052  Ovl  __PAGE_READ
 297C:1064  Ovl  __PAGE_UPDATE
 297C:1070  Ovl  __PAGE_WRITE
 297C:1076  Ovl  __DISKIOSLR
 297C:107C  Ovl  __PAGE_FLUSH
 297C:1082  Ovl  __XPAGE_READ
 297C:1088  Ovl  __PAGE_CLEAR
 297C:108E  Ovl  __XPAGE_UPDATE
 297C:10A0  Ovl  __PAGE_APPEND
 297C:10AC  Ovl  __SORTSETFIELD
 297C:10B2  Ovl  _MERGE
 297C:10B8  Ovl  __SORTSORT
 297C:10BE  Ovl  __SORTADVANCE
 297C:10CA  Ovl  __SORTCOMPLETE
 297C:10D0  Ovl  __SORTEND
 297C:112A  Ovl  __SORTINIT
 2A90:020A  Res  _BLIDEMCAL
 2A90:0211  Res  _BLIDEMDTE
 2A90:026A  Res  _BLIDEMMIN
 2A90:0271  Res  _BLIERRNUM
 2A90:0276  Res  _BLIERRPRM
 2A90:0280  Res  _BLIOVLOPS
 2A90:028A  Res  _BLIOVLRES
 2A90:02C5  Res  _BLIOVLSIZ
 2A90:02CF  Res  _BLIOVLSUS
 2A90:030A  Res  _BLIREINIT
 2A90:030A  Res  $$VMREINIT
 2A90:033C  Res  _BLISERNUM
 2A90:0342  Res  $$VMUNHOOK
 2A90:0342  Res  _BLIUNHOOK
 2A90:0386  Res  _BLIVERNUM
 2A90:073E  Res  $$$OVLEND
 2A90:08F7  Res  $$$OVLDEF
 2A90:1010  Res  _BLITOTACT
 2A90:1020  Res  _BLITOTLOD
 2A90:103E  Res  _BLITOTSIZ
 2A90:21B0  Res  $$$OVLERR
 2A90:21C2  Res  $$$OVLINI
 2A90:23E4  Res  $$$OVLCLP
 2A90:2404  Res  BLICALNUM
 2A90:240D  Res  BLIDEMCAL
 2A90:2418  Res  BLIDEMDTE
 2A90:2420  Res  BLIDEMMIN
 2A90:242B  Res  BLIERRNUM
 2A90:2433  Res  BLIERRPRM
 2A90:243B  Res  BLIMEMPAK
 2A90:2459  Res  BLIOVLCLR
 2A90:2470  Res  BLIOVLOPS
 2A90:2478  Res  BLIOVLRES
 2A90:247E  Res  BLIOVLSIZ
 2A90:2486  Res  BLIOVLSUS
 2A90:248F  Res  BLIREINIT
 2A90:2495  Res  BLISERNUM
 2A90:249D  Res  BLIUNHOOK
 2A90:24A3  Res  BLIVERNUM
 2A90:2594  Res  $$$OVLPRM
 2A90:280B  Res  $$$OVLDAT
 2A90:28A6  Res  $$$OVLPRC
 2A90:295F  Res  $$$KRNSEG
 2E25:0000  Res  __WEEDBED
 303D:0000  Res  __WEEDEND
 3059:0000  Res  _T_START
 3059:0188  Res  _T_TRAN
 3059:05BA  Res  _ACCESSOR
 3059:0740  Res  _N_START
 3059:08C8  Res  _N_TRAN
 3059:0E84  Res  _D_RED
 3059:100A  Res  _R_START
 3059:1192  Res  _R_SYMB
 3059:1434  Res  _R_PROD
 3059:16D6  Res  _P_LENGTH
 3059:17E0  Res  _H_SYMBOL
 3059:18EA  Res  _STUFF
 3213:0000  Res  _SEXEMPTY
 3213:0002  Res  __SXCOPYRIGHT
 3216:0000  Res  __SXDEFTRIGGERNAME
 3217:0000  Res  _SEXMTOOMANYTAGS
 321A:0000  Res  _SEXMCORRUPTED
 321A:001C  Res  _SEXMKEYTOOLONG
 321A:0034  Res  _SEXMCANTFINDKEY
 321A:0056  Res  _SEXMINVALIDKEYLEN
 321A:006A  Res  _SEXMBADINDEXEXPR
 321A:0080  Res  _SEXMLOCKTIMEOUT
 321A:008E  Res  _SEXMNOSTRUCTURAL
 321A:00AC  Res  _SEXMINVALIDORDER
 321A:00BC  Res  _SEXMNOMEMO
 321A:00D8  Res  _SEXMNONCOMPACT
 3254:0000  Res  __NSXSUPER
 3254:0128  Res  _SEXKEYBUFFER
 3254:0328  Res  _SEXBUFFER
 3254:0428  Res  _SXTAGINFO
 3254:047C  Res  __M6SUPER
 32AF:0088  Res  __ASIZDS
 32AF:008A  Res  __ATOPSP
 32AF:008C  Res  __AEXIT_RTN
 32AF:008E  Res  __ABRKTB
 32AF:00DE  Res  __ABRKP
 32AF:00DE  Res  __ABRKTBE
 32AF:00E0  Res  __ACFINFO
 32AF:00ED  Res  __AINTDIV
 32AF:00F1  Res  __FAC
 32AF:00F9  Res  _ERRNO
 32AF:00FB  Res  __UMASKVAL
 32AF:00FD  Res  __PSPADR
 32AF:00FF  Res  __PSP
 32AF:0101  Res  __OSVERSION
 32AF:0101  Res  __DOSVERMAJOR
 32AF:0101  Res  __OSMAJOR
 32AF:0102  Res  __OSMINOR
 32AF:0102  Res  __DOSVERMINOR
 32AF:0103  Res  __OSMODE
 32AF:0104  Res  __DOSERRNO
 32AF:0104  Res  __OSERR
 32AF:0106  Res  __NFILE
 32AF:0108  Res  __OSFILE
 32AF:011C  Res  ___ARGC
 32AF:011E  Res  ___ARGV
 32AF:0122  Res  _ENVIRON
 32AF:0126  Res  __PGMPTR
 32AF:012C  Res  __CHILD
 32AF:012E  Res  __OVLFLAG
 32AF:012F  Res  __INTNO
 32AF:0130  Res  __OVLVEC
 32AF:0134  Res  __ADBGMSG
 32AF:0150  Res  _HUGE
 32AF:0158  Res  __MATHERR_FLAG
 32AF:015A  Res  OPTAB
 32AF:0180  Res  __FCSP
 32AF:0182  Res  __FPSIGADR
 32AF:0186  Res  __FCTMP
 32AF:02F0  Res  __FCTOPST
 32AF:0304  Res  $I8_RESULT
 32AF:0304  Res  $I4_RESULT
 32AF:033C  Res  $I4_ROUND_FLAG
 32AF:033D  Res  $I4_ROUND_EXP
 32AF:033F  Res  $I4_AC_HI
 32AF:0343  Res  $I4_AC_LO
 32AF:0354  Res  $I8_ROUND_FLAG
 32AF:0355  Res  $I8_ROUND_EXP
 32AF:0357  Res  $I8_AC_HI
 32AF:035F  Res  $I8_AC_LO
 32AF:03F0  Res  $I8_HALF
 32AF:03F8  Res  $I8_ONE
 32AF:0400  Res  $I8_TWO
 32AF:0408  Res  $I8_ARG
 32AF:0410  Res  $I8_TEMP
 32AF:0431  Res  $I8_LOG_HI
 32AF:0439  Res  $I8_LOG_LO
 32AF:04A6  Res  $I8_Z
 32AF:04AE  Res  $I8_ZZ
 32AF:04B6  Res  $I8_PZZ
 32AF:04CE  Res  $I8_INPUT_WS
 32AF:04CF  Res  $I8_IMPLICIT_EXP
 32AF:0544  Res  __SFIELDS
 32AF:0548  Res  __SFCOUNT
 32AF:054A  Res  __SLBASE
 32AF:054E  Res  __SRBASE
 32AF:0552  Res  __SRSIZE
 32AF:055A  Res  __TERROR
 32AF:055C  Res  __HORROR
 32AF:055E  Res  __TVERSION
 32AF:0560  Res  __TXERROR
 32AF:0562  Res  __TXCLASS
 32AF:0564  Res  __TXACTION
 32AF:0566  Res  __TXLOCUS
 32AF:0726  Res  __MSCONFLICT1
 32AF:0726  Res  __CFLTCVT_TAB
 32AF:07B6  Res  __XARGC
 32AF:07B8  Res  __XARGV
 32AF:082A  Res  C50R100
 32AF:082C  Res  CLIPPER520
 32AF:0924  Res  __EVKBDENTRY
 32AF:094E  Res  _DMOD_TABLE
 32AF:0978  Res  __OGEN0
 32AF:0A14  Res  __OGEN1
 32AF:0AB0  Res  __OGEN
 32AF:0AB4  Res  __OBOUNDS
 32AF:0ABC  Res  __OPF
 32AF:0ABE  Res  __OPX
 32AF:0B00  Res  __XLOCK
 32AF:0B02  Res  __XGRIP1
 32AF:0B04  Res  __XGRIP2
 32AF:0B06  Res  __XGRIP3
 32AF:0B08  Res  __XSEGMIN
 32AF:0B0A  Res  __XSAFE
 32AF:0B42  Res  __SYMEVAL
 32AF:0B4A  Res  __IBPUSHTRAN
 32AF:0B4E  Res  __IBEVALTRAN
 32AF:0B52  Res  __EVAL
 32AF:0B54  Res  __TOS
 32AF:0B56  Res  __EVALHIGH
 32AF:0B58  Res  __ESTATLOW
 32AF:0B5A  Res  __ESTAT
 32AF:0B5C  Res  __EEXTENT
 32AF:0B5E  Res  __LBASE
 32AF:0B60  Res  __FBASE
 32AF:0B62  Res  __SBASE
 32AF:0B64  Res  __PCOUNT
 32AF:0B66  Res  __FZZCOUNT
 32AF:0B6A  Res  __LINE_NUM
 32AF:0B6C  Res  __XLINE
 32AF:0B6E  Res  __SYSFLAGS
 32AF:0B78  Res  __MSTACK
 32AF:0B7C  Res  __MLINK
 32AF:0B80  Res  __MCOUNT
 32AF:0B82  Res  __MTOP
 32AF:0B84  Res  __MBP
 32AF:0B86  Res  __PTOP
 32AF:0C88  Res  __SET
 32AF:0D04  Res  __SETHANDLER
 32AF:0E8C  Res  __ERRORDICT
 32AF:0E98  Res  __SALT
 32AF:0E9A  Res  __NETERR
 32AF:102C  Res  __FSEGS
 32AF:1030  Res  __LONESEGS
 32AF:103E  Res  __OSEGS
 32AF:1C80  Res  __STACKBASE
 32AF:1C82  Res  __STACKSLOP
 32AF:1D0C  Res  _PRESERVE1
 32AF:1D10  Res  _PRESERVE2
 32AF:1D14  Res  _OVERLAYTOP
 32AF:1D16  Res  _OVERLAYLINE
 32AF:1D18  Res  _OVERLAYLEVEL
 32AF:1D1A  Res  __MEMCOUNT
 32AF:1D1C  Res  __DISKIODROP
 32AF:1D20  Res  _SWAPLOWEVENTID
 32AF:1D22  Res  _RECEIVERHANDLE
 32AF:20AC  Res  _MACRO_ERROR
 32AF:276C  Res  _REZ_ALIAS
 32AF:29B2  Res  __MACROP
 32AF:29C0  Res  __PFVERSION
 32AF:29C2  Res  __PFLOCK
 32AF:29C4  Res  __DYN_GETPP
 32AF:29C8  Res  __DBGCOMM
 32AF:2B1E  Res  __PREEXTP
 32AF:2B22  Res  __POSTEXTP
 32AF:2B26  Res  __ALERTP
 32AF:2C84  Res  __NBUFF
 32AF:2D72  Res  __TCSTR
 32AF:2D76  Res  __TCLEN
 32AF:2DE2  Res  __COLORCOUNT
 32AF:2DE4  Res  __COLORS
 32AF:2E60  Res  __TBUFF
 32AF:2E64  Res  __TBUFFSIZE
 32AF:2E9C  Res  __GETDICT
 32AF:30D4  Res  _VGETSYS
 32AF:3114  Res  __SELECTION
 32AF:311A  Res  __WORKAREAS
 32AF:3262  Res  __WAFUNCTABLE
 32AF:3396  Res  __NASCII
 32AF:3398  Res  __NDBCS
 32AF:3B38  Res  _VDISPLAY
 32AF:3C96  Res  _VKEYBOARD
 32AF:3D56  Res  _VSIXNSX
 32AF:3D92  Res  _NSXIDXSDD
 32AF:3DDA  Res  __NSXFUNCTABLE
 32AF:3F8C  Res  __NSXDIRECT
 32AF:400C  Res  _NSXMEMOSDD
 32AF:404A  Res  __SWSKIPOPT
 32AF:404C  Res  __SWSKIPCNT
 32AF:404E  Res  __SEXFPATH
 32AF:4052  Res  __SEXERROR
 32AF:4054  Res  _SEXDIRTYREAD
 32AF:4056  Res  _SEXSORTOPTION
 32AF:4058  Res  _SLOCALERR
 32AF:407C  Res  __SEXLOCKRETRY
 32AF:407E  Res  _UIKEYDUPECNT
 32AF:4080  Res  _UIKEYITEMLEN
 32AF:4082  Res  _UIKEYTRAIL
 32AF:4084  Res  _ULKEYRECNO
 32AF:4088  Res  ___SWCHKHIGHLOW
 32AF:408C  Res  ___SWSCOPEEND
 32AF:4090  Res  __SEXISREINDEX
 32AF:4092  Res  _SEXIINFO
 32AF:40A2  Res  _CPDEFTRIGGER
 32AF:40A6  Res  _CPPENDTRIGGER
 32AF:40AA  Res  _CADEFCODE
 32AF:40B4  Res  _SXENCRBUFF
 32AF:40B8  Res  _SXENCRBUFFSIZE
 32AF:40BA  Res  __SEXAUTOOPEN
 32AF:40BC  Res  __SEXAUTOSHARE
 32AF:40BE  Res  __SEXMEMOSIZE
 32AF:40C2  Res  __SEXMEMOCHANGED
 32AF:40C4  Res  _BHAVEMEMOEXT
 32AF:40C6  Res  __SEXSKIP0REFRESH
 32AF:40C8  Res  __SEXSTRUCTURALCHECK
 32AF:40CA  Res  __MEMOEXT
 32AF:424C  Res  _VSXDBF
 32AF:4282  Res  __SWMEMOSIGNATURE
 32AF:428C  Res  __SWSTACK
 32AF:44C2  Res  _CBIT_ON
 32AF:44CA  Res  _CBIT_OFF
 32AF:44D6  Res  __DYN_USED
 32AF:4546  Res  __PAGE_ERROR
 32AF:4548  Res  __PAGE_GOT
 32AF:459A  Res  ___SYMPB
 32AF:45AA  Res  ___SYMPE
 32AF:45AC  Res  __FPINIT
 32AF:45C8  Res  __DYNINA
 32AF:45CC  Res  __MACROINA
 32AF:45F0  Res  _VMACRO
 32AF:45F0  Res  _VTERM
 32AF:45F0  Res  __LTABLE
 32AF:45F0  Res  _VDB
 32AF:45F0  Res  _VOPS
 32AF:45F0  Res  _VPICT
 32AF:4948  Res  _EDATA
 32AF:4948  Res  __EDATA
 32AF:4A90  Res  _THEGET
 32AF:4A92  Res  _THEGINFO
 32AF:4ABE  Res  _THEBUFF
 32AF:4AC2  Res  _THEBUFFLEN
 32AF:4AC4  Res  _THETEMP
 32AF:4AC8  Res  _THETEMPLEN
 32AF:4ACA  Res  _EBREAK
 32AF:4ACC  Res  __SXDBFSUPER
 32AF:4BF4  Res  __AM6SET
 32AF:4C00  Res  __END
 32AF:4C00  Res  _END

 Program entry point at 2A90:0004
