
 Start  Stop   Length Name                   Class                  Group
 00000H 0006EH 0006FH SIXUK_TEXT             CODE
 0006FH 00833H 007C5H NATION_TEXT            CODE
 00834H 010D7H 008A4H SMTMEMO1_TEXT          CODE
 010D8H 01B4CH 00A75H GAS_PROG               CODE
 01B4EH 04A7AH 02F2DH _TEXT                  CODE
 04A7CH 04A7CH 00000H SORTBLOC_TEXT          CODE
 04A7CH 04D68H 002EDH ASUPPORT_TEXT          CODE
 04D69H 05301H 00599H FILESYS_TEXT           CODE
 05302H 05B65H 00864H DATE_TEXT              CODE
 05B66H 05BB7H 00052H OSDATE_TEXT            CODE
 05BB8H 064CBH 00914H TXOPEN_TEXT            CODE
 064CCH 069E7H 0051CH DVC_TEXT               CODE
 069E8H 06A17H 00030H HARDINIT_TEXT          CODE
 06A18H 06A93H 0007CH MAIN_TEXT              CODE
 06A94H 06D13H 00280H UPREF_TEXT             CODE
 06D14H 06D4BH 00038H SYSCALL_TEXT           CODE
 06D4CH 07114H 003C9H EVENT_DRIVER_TEXT      CODE
 07116H 07F8DH 00E78H EVENT_TEXT             CODE
 07F8EH 083DFH 00452H DYNC_TEXT              CODE
 083E0H 08421H 00042H DYNA_TEXT              CODE
 08422H 08472H 00051H WEEDBED_TEXT           CODE
 08474H 08B85H 00712H SYMSYS_TEXT            CODE
 08B86H 0BE07H 03282H OM_TEXT                CODE
 0BE08H 0D961H 01B5AH STACK_TEXT             CODE
 0D962H 0DE33H 004D2H FIELD_TEXT             CODE
 0DE34H 0E7B1H 0097EH EXTEND_TEXT            CODE
 0E7B2H 0E96DH 001BCH CALL_TEXT              CODE
 0E96EH 0EB5BH 001EEH FGET_TEXT              CODE
 0EB5CH 0F14DH 005F2H SET_TEXT               CODE
 0F14EH 10B8FH 01A42H OPS_TEXT               CODE
 10B90H 11CABH 0111CH ERRSYS1_TEXT           CODE
 11CACH 11E2DH 00182H AEVAL_TEXT             CODE
 11E2EH 124BFH 00692H ALLOC_TEXT             CODE
 124C0H 1515DH 02C9EH VM_TEXT                CODE
 1515EH 1533AH 001DDH KMAP_TEXT              CODE
 1533CH 15586H 0024BH SUBAL_TEXT             CODE
 15588H 155ECH 00065H OSMEM_TEXT             CODE
 155EEH 155F1H 00004H OSME_TEXT              CODE
 155F2H 17C82H 02691H MACRO_TEXT             CODE
 17C84H 17D43H 000C0H XMACRO_TEXT            CODE
 17D44H 19EA1H 0215EH PLANKTON_TEXT          CODE
 19EA2H 19EBEH 0001DH INSTD_TEXT             CODE
 19EC0H 1B8FBH 01A3CH GT_TEXT                CODE
 1B8FCH 1CFD3H 016D8H TERM_TEXT              CODE
 1CFD4H 1D159H 00186H BOX_TEXT               CODE
 1D15AH 1D2EBH 00192H TCVT_TEXT              CODE
 1D2ECH 1DA07H 0071CH COLOR_TEXT             CODE
 1DA08H 1DA21H 0001AH SETCURS_TEXT           CODE
 1DA22H 1EA1DH 00FFCH PICT_TEXT              CODE
 1EA1EH 1F539H 00B1CH RDDSVR_TEXT            CODE
 1F53AH 1F677H 0013EH DBJUNCT_TEXT           CODE
 1F678H 20CD3H 0165CH WORKAREA_TEXT          CODE
 20CD4H 20EA5H 001D2H NET_TEXT               CODE
 20EA6H 20EA6H 00000H SDFDYN_TEXT            CODE
 20EA6H 20EBBH 00016H EMMALLOC_TEXT          CODE
 20EBCH 20EDBH 00020H EMMCONTX_TEXT          CODE
 20EDCH 20EEBH 00010H EMMFREE_TEXT           CODE
 20EECH 20F05H 0001AH EMMMAP_TEXT            CODE
 20F06H 20F1EH 00019H EMMPAGE_TEXT           CODE
 20F20H 20F36H 00017H EMMVERS_TEXT           CODE
 20F38H 20F42H 0000BH BEEP_TEXT              CODE
 20F43H 223E4H 014A2H SCREEN_DRIVER_TEXT     CODE
 223E5H 22763H 0037FH KEYBD_DRIVER_TEXT      CODE
 22764H 22764H 00000H 6CDXDYN_TEXT           CODE
 22764H 25D0BH 035A8H CDXCORE_TEXT           CODE
 25D0CH 25D0CH 00000H SWDATA_TEXT            CODE
 25D0CH 25D0CH 00000H SWDATA2_TEXT           CODE
 25D0CH 28511H 02806H SWDBF1_TEXT            CODE
 28512H 28512H 00000H SWDBFDYN_TEXT          CODE
 28512H 28512H 00000H SWNATIO_TEXT           CODE
 28512H 28512H 00000H SWSTACK_TEXT           CODE
 28512H 286A3H 00192H SWUTIL3_TEXT           CODE
 286A4H 2878BH 000E8H TSUPPORT_TEXT          CODE
 2878CH 28CB9H 0052EH VMAPI_TEXT             CODE
 28CBAH 28DE6H 0012DH DYNAMIC_TEXT           CODE
 28DE8H 294F9H 00712H DYNX_TEXT              CODE
 294FAH 29B27H 0062EH ITEMAPI_TEXT           CODE
 29B28H 2AC61H 0113AH $$$OVLCLP              CODE                   BLICLPMGR
 2AC62H 2AC77H 00016H $$$OVLDYN              CODE                   BLICLPMGR
 2AC78H 2C0B7H 01440H $$$OVLVEC              CODE                   BLIOVLMGR
 2C0B8H 2C0C3H 0000CH $$$OVLEXE              CODE                   BLIOVLMGR
 2C0C4H 2C0C4H 00000H C_ETEXT                ENDCODE
 2C0C4H 2E653H 02590H $$$KRNCDE              BLIKRNMGR              BLIKRNMGR
 2E654H 2F97FH 0132CH $$$KRNDAT              BLIKRNMGR              BLIKRNMGR
 2F980H 2F9DFH 00060H $$$KRNINI              BLIKRNMGR              BLIKRNMGR
 2F9E0H 2FA0FH 00030H $$$KRNEXI              BLIKRNMGR              BLIKRNMGR
 2FA10H 2FA10H 00000H $$$KRNEND              BLIKRNMGR              BLIKRNMGR
 2FA10H 2FA10H 00000H _SYMSTART              SYMSTART
 2FA10H 30A6FH 01060H SYMBOLS                SYMBOLS
 30A70H 30ABFH 00050H SYMBOLS                SYMBOLS
 30AC0H 30B3FH 00080H SYMBOLS                SYMBOLS
 30B40H 30C8FH 00150H SYMBOLS                SYMBOLS
 30C90H 30DFFH 00170H SYMBOLS                SYMBOLS
 30E00H 30E1FH 00020H SYMBOLS                SYMBOLS
 30E20H 30EFFH 000E0H SYMBOLS                SYMBOLS
 30F00H 314AFH 005B0H SYMBOLS                SYMBOLS
 314B0H 3155FH 000B0H SYMBOLS                SYMBOLS
 31560H 3162FH 000D0H SYMBOLS                SYMBOLS
 31630H 3163FH 00010H SYMBOLS                SYMBOLS
 31640H 3165FH 00020H SYMBOLS                SYMBOLS
 31660H 3174FH 000F0H SYMBOLS                SYMBOLS
 31750H 3179FH 00050H SYMBOLS                SYMBOLS
 317A0H 317DFH 00040H SYMBOLS                SYMBOLS
 317E0H 31B2FH 00350H SYMBOLS                SYMBOLS
 31B30H 31BBFH 00090H SYMBOLS                SYMBOLS
 31BC0H 31BC0H 00000H SYMBOLS                SYMBOLS
 31BC0H 31BDFH 00020H SYMBOLS                SYMBOLS
 31BE0H 31C0FH 00030H SYMBOLS                SYMBOLS
 31C10H 31C2FH 00020H SYMBOLS                SYMBOLS
 31C30H 31C5FH 00030H SYMBOLS                SYMBOLS
 31C60H 31C7FH 00020H SYMBOLS                SYMBOLS
 31C80H 31CBFH 00040H SYMBOLS                SYMBOLS
 31CC0H 31CDFH 00020H SYMBOLS                SYMBOLS
 31CE0H 31DCFH 000F0H SYMBOLS                SYMBOLS
 31DD0H 31F4FH 00180H SYMBOLS                SYMBOLS
 31F50H 3221FH 002D0H SYMBOLS                SYMBOLS
 32220H 324EFH 002D0H SYMBOLS                SYMBOLS
 324F0H 3255FH 00070H SYMBOLS                SYMBOLS
 32560H 3256FH 00010H SYMBOLS                SYMBOLS
 32570H 3276FH 00200H SYMBOLS                SYMBOLS
 32770H 327AFH 00040H SYMBOLS                SYMBOLS
 327B0H 327BFH 00010H SYMBOLS                SYMBOLS
 327C0H 328DFH 00120H SYMBOLS                SYMBOLS
 328E0H 328EFH 00010H SYMBOLS                SYMBOLS
 328F0H 3290FH 00020H SYMBOLS                SYMBOLS
 32910H 3291FH 00010H SYMBOLS                SYMBOLS
 32920H 3293FH 00020H SYMBOLS                SYMBOLS
 32940H 3294FH 00010H SYMBOLS                SYMBOLS
 32950H 3295FH 00010H SYMBOLS                SYMBOLS
 32960H 3296FH 00010H SYMBOLS                SYMBOLS
 32970H 3297FH 00010H SYMBOLS                SYMBOLS
 32980H 3298FH 00010H SYMBOLS                SYMBOLS
 32990H 329AFH 00020H SYMBOLS                SYMBOLS
 329B0H 32A1FH 00070H SYMBOLS                SYMBOLS
 32A20H 32A8FH 00070H SYMBOLS                SYMBOLS
 32A90H 32ADFH 00050H SYMBOLS                SYMBOLS
 32AE0H 32BAFH 000D0H SYMBOLS                SYMBOLS
 32BB0H 32BBFH 00010H SYMBOLS                SYMBOLS
 32BC0H 32BEFH 00030H SYMBOLS                SYMBOLS
 32BF0H 32C4FH 00060H SYMBOLS                SYMBOLS
 32C50H 32C5FH 00010H SYMBOLS                SYMBOLS
 32C60H 32C6FH 00010H SYMBOLS                SYMBOLS
 32C70H 32C7FH 00010H SYMBOLS                SYMBOLS
 32C80H 32CCFH 00050H SYMBOLS                SYMBOLS
 32CD0H 32CDFH 00010H SYMBOLS                SYMBOLS
 32CE0H 32D8FH 000B0H SYMBOLS                SYMBOLS
 32D90H 32D9FH 00010H SYMBOLS                SYMBOLS
 32DA0H 32DFFH 00060H SYMBOLS                SYMBOLS
 32E00H 32F3FH 00140H SYMBOLS                SYMBOLS
 32F40H 32F9FH 00060H SYMBOLS                SYMBOLS
 32FA0H 32FFFH 00060H SYMBOLS                SYMBOLS
 33000H 3307FH 00080H SYMBOLS                SYMBOLS
 33080H 330EFH 00070H SYMBOLS                SYMBOLS
 330F0H 331AFH 000C0H SYMBOLS                SYMBOLS
 331B0H 331BFH 00010H SYMBOLS                SYMBOLS
 331C0H 3322FH 00070H SYMBOLS                SYMBOLS
 33230H 332FFH 000D0H SYMBOLS                SYMBOLS
 33300H 333CFH 000D0H SYMBOLS                SYMBOLS
 333D0H 3342FH 00060H SYMBOLS                SYMBOLS
 33430H 334FFH 000D0H SYMBOLS                SYMBOLS
 33500H 335DFH 000E0H SYMBOLS                SYMBOLS
 335E0H 3364FH 00070H SYMBOLS                SYMBOLS
 33650H 3368FH 00040H SYMBOLS                SYMBOLS
 33690H 3376FH 000E0H SYMBOLS                SYMBOLS
 33770H 3382FH 000C0H SYMBOLS                SYMBOLS
 33830H 338AFH 00080H SYMBOLS                SYMBOLS
 338B0H 33A7FH 001D0H SYMBOLS                SYMBOLS
 33A80H 33A80H 00000H SYMBOLS                SYMBOLS
 33A80H 33A80H 00000H SYMBOLS                SYMBOLS
 33A80H 33A80H 00000H SYMBOLS                SYMBOLS
 33A80H 33BCFH 00150H SYMBOLS                SYMBOLS
 33BD0H 33CAFH 000E0H SYMBOLS                SYMBOLS
 33CB0H 33D5FH 000B0H SYMBOLS                SYMBOLS
 33D60H 33D60H 00000H SYMBOLS                SYMBOLS
 33D60H 3479FH 00A40H SYMBOLS                SYMBOLS
 347A0H 355DFH 00E40H SYMBOLS                SYMBOLS
 355E0H 359FFH 00420H SYMBOLS                SYMBOLS
 35A00H 35B6FH 00170H SYMBOLS                SYMBOLS
 35B70H 35F7FH 00410H SYMBOLS                SYMBOLS
 35F80H 35F8FH 00010H SYMBOLS                SYMBOLS
 35F90H 360FFH 00170H SYMBOLS                SYMBOLS
 36100H 3612FH 00030H SYMBOLS                SYMBOLS
 36130H 36130H 00000H SYMBOLS                SYMBOLS
 36130H 36130H 00000H SYMBOLS                SYMBOLS
 36130H 3615FH 00030H SYMBOLS                SYMBOLS
 36160H 3617FH 00020H SYMBOLS                SYMBOLS
 36180H 36180H 00000H SYMBOLS                SYMBOLS
 36180H 36180H 00000H SYMBOLS                SYMBOLS
 36180H 3619FH 00020H SYMBOLS                SYMBOLS
 361A0H 361A0H 00000H SYMBOLS                SYMBOLS
 361A0H 3622FH 00090H SYMBOLS                SYMBOLS
 36230H 364DFH 002B0H SYMBOLS                SYMBOLS
 364E0H 364E0H 00000H SYMBOLS                SYMBOLS
 364E0H 364E0H 00000H SYMBOLS                SYMBOLS
 364E0H 3669FH 001C0H SYMBOLS                SYMBOLS
 366A0H 366A0H 00000H SYMBOLS                SYMBOLS
 366A0H 366AFH 00010H SYMBOLS                SYMBOLS
 366B0H 366B0H 00000H SYMBOLS                SYMBOLS
 366B0H 366FFH 00050H SYMBOLS                SYMBOLS
 36700H 3671FH 00020H SYMBOLS                SYMBOLS
 36720H 36720H 00000H SYMBOLS                SYMBOLS
 36720H 36720H 00000H SYMBOLS                SYMBOLS
 36720H 36720H 00000H SYMBOLS                SYMBOLS
 36720H 3678FH 00070H SYMBOLS                SYMBOLS
 36790H 3679FH 00010H SYMBOLS                SYMBOLS
 367A0H 368BFH 00120H SYMBOLS                SYMBOLS
 368C0H 368C0H 00000H SYMBOLS                SYMBOLS
 368C0H 3690FH 00050H SYMBOLS                SYMBOLS
 36910H 3698FH 00080H SYMBOLS                SYMBOLS
 36990H 36990H 00000H SYMBOLS                SYMBOLS
 36990H 369AFH 00020H SYMBOLS                SYMBOLS
 369B0H 369B0H 00000H SYMBOLS                SYMBOLS
 369B0H 369B0H 00000H SYMBOLS                SYMBOLS
 369B0H 36AAFH 00100H SYMBOLS                SYMBOLS
 36AB0H 36AB0H 00000H SYMBOLS                SYMBOLS
 36AB0H 36ABFH 00010H SYMBOLS                SYMBOLS
 36AC0H 36AC0H 00000H SYMBOLS                SYMBOLS
 36AC0H 36AC0H 00000H SYMBOLS                SYMBOLS
 36AC0H 36AC0H 00000H SYMBOLS                SYMBOLS
 36AC0H 36BAFH 000F0H SYMBOLS                SYMBOLS
 36BB0H 36BBFH 00010H SYMBOLS                SYMBOLS
 36BC0H 36BC0H 00000H SYMBOLS                SYMBOLS
 36BC0H 36BDFH 00020H SYMBOLS                SYMBOLS
 36BE0H 36BE0H 00000H SYMBOLS                SYMBOLS
 36BE0H 36BEFH 00010H SYMBOLS                SYMBOLS
 36BF0H 36C0FH 00020H SYMBOLS                SYMBOLS
 36C10H 36DDFH 001D0H SYMBOLS                SYMBOLS
 36DE0H 36DEFH 00010H SYMBOLS                SYMBOLS
 36DF0H 36E4FH 00060H SYMBOLS                SYMBOLS
 36E50H 36E7FH 00030H SYMBOLS                SYMBOLS
 36E80H 36F3FH 000C0H SYMBOLS                SYMBOLS
 36F40H 36F4FH 00010H SYMBOLS                SYMBOLS
 36F50H 36F6FH 00020H SYMBOLS                SYMBOLS
 36F70H 36F9FH 00030H SYMBOLS                SYMBOLS
 36FA0H 36FA0H 00000H SYMBOLS                SYMBOLS
 36FA0H 36FAFH 00010H SYMBOLS                SYMBOLS
 36FB0H 36FCFH 00020H SYMBOLS                SYMBOLS
 36FD0H 36FD0H 00000H SYMBOLS                SYMBOLS
 36FD0H 371FFH 00230H SYMBOLS                SYMBOLS
 37200H 3723FH 00040H SYMBOLS                SYMBOLS
 37240H 3725FH 00020H SYMBOLS                SYMBOLS
 37260H 372CFH 00070H SYMBOLS                SYMBOLS
 372D0H 3737FH 000B0H SYMBOLS                SYMBOLS
 37380H 373AFH 00030H SYMBOLS                SYMBOLS
 373B0H 373B0H 00000H _SYMEND                SYMEND
 373B0H 373B0H 00000H _CONST                 CONST
 373B0H 37551H 001A2H OPERR                  CONST
 37552H 37552H 00000H _MSG                   MSG
 37552H 37552H 00000H _BEGBSS                BEGBSS
 37552H 37552H 00000H _ENDBSS                ENDBSS
 37552H 37552H 00000H DMTB                   DLL
 37552H 37565H 00014H DMT                    DLL
 37566H 37566H 00000H DMTE                   DLL
 37570H 39105H 01B96H MACRO5_DATA            FAR_DATA
 39110H 3913EH 0002FH SWDATA5_DATA           FAR_DATA
 39140H 3914AH 0000BH SWDATA25_DATA          FAR_DATA
 39150H 3924AH 000FBH SWNATIO5_DATA          FAR_DATA
 39250H 39250H 00000H $$DYNBEGIN             $$DYNBEGIN             DYNGROUP
 39250H 392D7H 00088H $$DYNFNAMES            $$DYNFNAMES            DYNGROUP
 392E0H 392E0H 00000H $$DYNBPAGES            $$DYNPAGES             DYNGROUP
 392E0H 39CD5H 009F6H $$DYNPAGES             $$DYNPAGES             DYNGROUP
 39CE0H 39CE0H 00000H $$DYNEND               $$DYNEND               DYNGROUP
 39CE0H 3A283H 005A4H FAR_BSS                FAR_BSS
 3A290H 3A2D1H 00042H NULL                   BEGDATA                DGROUP
 3A2D2H 3EF6FH 04C9EH _DATA                  DATA                   DGROUP
 3EF70H 3EF70H 00000H _SYMPB                 DATA                   DGROUP
 3EF70H 3EF7FH 00010H _SYMP                  DATA                   DGROUP
 3EF80H 3EF80H 00000H _SYMPE                 DATA                   DGROUP
 3EF80H 3EF8DH 0000EH CDATA                  DATA                   DGROUP
 3EF8EH 3EF8EH 00000H XIFB                   DATA                   DGROUP
 3EF8EH 3EF91H 00004H XIF                    DATA                   DGROUP
 3EF92H 3EF92H 00000H XIFE                   DATA                   DGROUP
 3EF92H 3EF92H 00000H XIB                    DATA                   DGROUP
 3EF92H 3EF95H 00004H XI                     DATA                   DGROUP
 3EF96H 3EF96H 00000H XIE                    DATA                   DGROUP
 3EF96H 3EF96H 00000H XPB                    DATA                   DGROUP
 3EF96H 3EF96H 00000H XP                     DATA                   DGROUP
 3EF96H 3EF96H 00000H XPE                    DATA                   DGROUP
 3EF96H 3EF96H 00000H XCB                    DATA                   DGROUP
 3EF96H 3EF96H 00000H XC                     DATA                   DGROUP
 3EF96H 3EF96H 00000H XCE                    DATA                   DGROUP
 3EF96H 3EF96H 00000H XCFB                   DATA                   DGROUP
 3EF96H 3EF96H 00000H XCF                    DATA                   DGROUP
 3EF96H 3EF96H 00000H XCFE                   DATA                   DGROUP
 3EF96H 3EF96H 00000H XNCB                   DATA                   DGROUP
 3EF96H 3EFBDH 00028H XNC                    DATA                   DGROUP
 3EFBEH 3EFBEH 00000H XNCE                   DATA                   DGROUP
 3EFC0H 3F107H 00148H $LIB_TABLE             DATA                   DGROUP
 3F108H 3F179H 00072H CONST                  CONST                  DGROUP
 3F17AH 3F181H 00008H HDR                    MSG                    DGROUP
 3F182H 3F2F7H 00176H MSG                    MSG                    DGROUP
 3F2F8H 3F31EH 00027H PAD                    MSG                    DGROUP
 3F31FH 3F31FH 00001H EPAD                   MSG                    DGROUP
 3F320H 3F46DH 0014EH _BSS                   BSS                    DGROUP
 3F46EH 3F46EH 00000H XOB                    BSS                    DGROUP
 3F46EH 3F46EH 00000H XO                     BSS                    DGROUP
 3F46EH 3F46EH 00000H XOE                    BSS                    DGROUP
 3F470H 3F5E5H 00176H C_COMMON               BSS                    DGROUP
 3F5F0H 41DEFH 02800H STACK                  STACK                  DGROUP

 Overlays

 Section Pubs  Length Name                   Module
 0001H     1     212  GETENV_TEXT            GETENV
 0002H     2      52  SQUAWK_TEXT            SQUAWK
 0003H     9     630  INITEXIT_TEXT          INITEXIT
 0004H     6     828  APPINIT_TEXT           APPINIT
 0005H     3     358  APPEXIT_TEXT           APPEXIT
 0006H     2     368  RUN_TEXT               RUN
 0007H    14    2774  SEND_TEXT              SEND
 0008H     4     238  TB_TEXT                TB
 0009H     1     390  ACOPY_TEXT             ACOPY
 000AH     1     228  ADEL_TEXT              ADEL
 000BH     1     244  AINS_TEXT              AINS
 000CH     1      62  ATAIL_TEXT             ATAIL
 000DH     4    1464  MSAVE_TEXT             MSAVE
 000EH     4     564  MRELEASE_TEXT          MRELEASE
 000FH     2     600  ERRSYS0_TEXT           ERRSYS0
 0010H     6     476  SEQ_TEXT               SEQ
 0011H     6      80  CMEM_TEXT              CMEM
 0012H    11    1608  OUTSTD_TEXT            OUTSTD
 0013H     3     118  GX_TEXT                GX
 0014H     2      32  MAXROW_TEXT            MAXROW
 0015H     2     988  SAVEREST_TEXT          SAVEREST
 0016H     1     218  SCROLL_TEXT            SCROLL
 0017H     3    1352  GETS0_TEXT             GETS0
 0018H    18    3304  GETS1_TEXT             GETS1
 0019H    50    8194  GETS2_TEXT             GETS2
 001AH    15    1808  RDDORD_TEXT            RDDORD
 001BH    10    1574  DBCMD0_TEXT            DBCMD0
 001CH    39    3158  DBCMD1_TEXT            DBCMD1
 001DH     7     884  DBCMD2_TEXT            DBCMD2
 001EH     4    1048  DBCMD3_TEXT            DBCMD3
 001FH     2     262  DBCMD5_TEXT            DBCMD5
 0020H     3     384  LUPDATE_TEXT           LUPDATE
 0021H     2     650  DBSTRUCT_TEXT          DBSTRUCT
 0022H     4    1416  DBCREATE_TEXT          DBCREATE
 0023H    21    2858  SDF1_TEXT              SDF1
 0024H     2      62  SDF0_TEXT              SDF0
 0025H    10    1270  PHILES_TEXT            PHILES
 0026H     3      61  EMMCOUNT_TEXT          EMMCOUNT
 0027H     1      48  EMMINST_TEXT           EMMINST
 0028H     1     254  EXACTCMP_TEXT          EXACTCMP
 0029H     2     166  GETE_TEXT              GETE
 002AH     1     204  DISKSPAC_TEXT          DISKSPAC
 002BH     8     993  EXAMPLEA_TEXT          EXAMPLEA
 002CH     1     288  ALLTRIM_TEXT           ALLTRIM
 002DH     1     276  RIGHT_TEXT             RIGHT
 002EH     1     330  DESCEND_TEXT           DESCEND
 002FH     1     226  RAT_TEXT               RAT
 0030H     1     328  PADL_TEXT              PADL
 0031H     1     326  PADR_TEXT              PADR
 0032H     1     326  PADC_TEXT              PADC
 0033H     1     996  STRTRAN_TEXT           STRTRAN
 0034H     1     240  MEMOREAD_TEXT          MEMOREAD
 0035H     1     688  MEMOLINE_TEXT          MEMOLINE
 0036H     1     342  MLCOUNT_TEXT           MLCOUNT
 0037H     2     492  LINELEN_TEXT           LINELEN
 0038H     2     344  ASCAN_TEXT             ASCAN
 0039H     4     932  ASORT_TEXT             ASORT
 003AH     4    1152  DIRECT_TEXT            DIRECT
 003BH    49   11920  MEMOEDIT_TEXT          MEMOEDIT
 003CH    13    7322  TBROWSE0_TEXT          TBROWSE0
 003DH    66    9954  TBROWSE1_TEXT          TBROWSE1
 003EH     6     240  CDX0_TEXT              CDXMACH6
 003FH    17    3502  CDX2_TEXT              CDX2
 0040H     4    2910  CDX3_TEXT              CDX3
 0041H    14   12700  CDXCREAT_TEXT          CDXCREAT
 0042H    17    3004  CDXDIREC_TEXT          CDXDIREC
 0043H     2     440  CDXFREEL_TEXT          CDXFREEL
 0044H     4    3790  CDXINDEX_TEXT          CDXINDEX
 0045H     5     788  CDXLOCK_TEXT           CDXLOCK
 0046H     1     212  CDXTRYO_TEXT           CDXTRYO
 0047H     8    2294  SMTMEMO2_TEXT          SMTMEMO2
 0048H     3      70  SWDBF0_TEXT            SWDBF0
 0049H    18    3302  SWDBF2_TEXT            SWDBF2
 004AH     7    2130  SWENCODE_TEXT          SWENCODE
 004BH     2     466  SWFILE_TEXT            SWFILE
 004CH     5     134  SWIFUNC_TEXT           SWIFUNC
 004DH     6    1632  SWIND1_TEXT            SWIND1
 004EH     2    2360  SWINDEX1_TEXT          SWINDEX1
 004FH     5    1750  SWKILLT_TEXT           SWKILLT
 0050H     9    1020  SWLCK_TEXT             SWLCK
 0051H     8    3290  SWMEMO1_TEXT           SWMEMO1
 0052H     2     276  SWMEMO2_TEXT           SWMEMO2
 0053H     3    1074  SWOPT_TEXT             SWOPT
 0054H     5     510  SWPAGE_TEXT            SWPAGE
 0055H     5    1762  SWRLOCK_TEXT           SWRLOCK
 0056H     3    2048  SWSURF_TEXT            SWSURF
 0057H     3     748  SWTRIGGE_TEXT          SWTRIGGE
 0058H     8     978  SWUTIL_TEXT            SWUTIL
 0059H     4     418  SWUTIL2_TEXT           SWUTIL2
 005AH    13    3700  VFCORE_TEXT            VFCORE
 005BH     4    1242  M6CRTMAP_TEXT          M6CRTMAP
 005CH     1     960  M6CSAND_TEXT           M6CSAND
 005DH     1     406  M6CSNOT_TEXT           M6CSNOT
 005EH     1     778  M6CSOR_TEXT            M6CSOR
 005FH     7    1038  M6DBF1_TEXT            M6DBF1
 0060H     2     876  M6EQUAL_TEXT           M6EQUAL
 0061H     5     156  M6ERROR_TEXT           M6ERROR
 0062H     3     704  M6EVAL_TEXT            M6EVAL
 0063H     3    1414  M6FILT1_TEXT           M6FILT1
 0064H     5    1028  M6FILT2_TEXT           M6FILT2
 0065H     1     374  M6GETVAL_TEXT          M6GETVAL
 0066H     1     480  M6GREAT_TEXT           M6GREAT
 0067H     1     108  M6INIT_TEXT            M6INIT
 0068H     1     492  M6INSTR_TEXT           M6INSTR
 0069H     5    2314  M6ISKEY_TEXT           M6ISKEY
 006AH     2     876  M6ISOPT_TEXT           M6ISOPT
 006BH     1     420  M6LESS_TEXT            M6LESS
 006CH     4    1566  M6LOCA1_TEXT           M6LOCA1
 006DH     4    2024  M6LOGIC_TEXT           M6LOGIC
 006EH     1     626  M6NEQUAL_TEXT          M6NEQUAL
 006FH     2    1158  M6OPTDEL_TEXT          M6OPTDEL
 0070H     1     192  M6OURDRV_TEXT          M6OURDRV
 0071H     1     470  M6RANGE_TEXT           M6RANGE
 0072H     6    2462  M6SMART_TEXT           M6SMART
 0073H     6    1640  M6STKEXP_TEXT          M6STKEXP
 0074H     6     968  M6STRING_TEXT          M6STRING
 0075H     1     438  M6SWHILE_TEXT          M6SWHILE
 0076H     6    2646  M6TOKE_TEXT            M6TOKE
 0077H     4     696  M6TRANS_TEXT           M6TRANS
 0078H    13    3430  M6VMMAP_TEXT           M6VMMAP
 0079H     1     308  MEMORY_TEXT            MEMORY
 007AH    19    3030  DISKIO_TEXT            DISKIO
 007BH    23    6076  SORTOF_TEXT            SORTOF
 -------------------
 Total        177908
 -------------------

 Origin    Group
 29B2:0008 BLICLPMGR
 2AC7:0008 BLIOVLMGR
 2C0C:0004 BLIKRNMGR
 3925:0000 DYNGROUP
 3A29:0000 DGROUP

  Address         Publics by Value

 0000:0000  Abs  __START_SYM
 0000:0000  Res  __NPREVC
 0000:0029  Res  __NNEXTC
 0000:0052  Res  __ZCMP
 0000:006E  Res  __FORCE_ASCII
 0006:010F  Res  _NATSORTVE
 0006:013E  Res  __NATRDDVER
 0006:0150  Res  __NLEXID
 0006:01BA  Res  __NSCANID
 0006:0238  Res  __UPCASE
 0006:024B  Res  __LOCASE
 0006:025E  Res  __CH_TYPE
 0006:02C7  Res  __NCOPYUC
 0006:02E6  Res  __NCOPYLC
 0006:0305  Res  __NTRIMLEN
 0006:0326  Res  __NPREVI
 0006:0339  Res  __NNEXTI
 0006:0350  Res  __NGET
 0006:0365  Res  __NPUT
 0006:037A  Res  __TCMP
 0006:03A2  Res  __DCMP
 0006:03C3  Res  __XCMP
 0006:03DD  Res  __SCANW
 0006:0411  Res  __SCANN
 0006:045F  Res  __NODE_SEARCH
 0006:04B9  Res  __S_ORDER
 0006:05BA  Res  _NATMSGVER
 0006:05D3  Res  ISNEGATIVE
 0006:0620  Res  ISAFFIRM
 0006:066D  Res  NATIONMSG
 0006:06B0  Res  __DAY_NAME
 0006:06C8  Res  __MONTH_NAME
 0006:06E0  Res  __YNSTR
 0006:06F2  Res  __NATMSGVER
 0006:0704  Res  __ERRORDESC
 0006:075C  Res  __NVERSION
 0006:07C2  Res  _CLIPINTL
 010D:0008  Res  VUF
 010D:004E  Res  DECRIPT
 010D:004E  Res  ENCRIPT
 010D:0176  Res  SEPLETRA
 010D:02BF  Res  QUALDIR
 010D:0346  Res  CHDIR
 010D:034A  Res  MKDIR
 010D:034E  Res  RMDIR
 010D:039F  Res  CALLINT
 010D:04A4  Res  VAL_CF
 010D:04B4  Res  VAL_AX
 010D:04BA  Res  VAL_BX
 010D:04C0  Res  VAL_CX
 010D:04C6  Res  VAL_DX
 010D:04CC  Res  VAL_DS
 010D:04D2  Res  VAL_ES
 010D:04D8  Res  VAL_DI
 010D:04DE  Res  VAL_SI
 010D:04E4  Res  VAL_FLAGS
 010D:04EC  Res  VAL_AH
 010D:04F2  Res  VAL_BH
 010D:04F8  Res  VAL_CH
 010D:04FE  Res  VAL_DH
 010D:0504  Res  VAL_AL
 010D:050A  Res  VAL_BL
 010D:0510  Res  VAL_CL
 010D:0516  Res  VAL_DL
 010D:060A  Res  OK_PRINT
 010D:0653  Res  PEEK
 010D:06E2  Res  POKE
 010D:07A7  Res  LTOC
 010D:07E9  Res  CONTA
 010D:0834  Res  IMPOK
 010D:0886  Res  F_ERROR
 010D:08AC  Res  IS_FERROR
 010D:08CD  Res  SET_FERROR
 010D:08EE  Res  CLR_FERROR
 010D:090D  Res  ALOCAMEM
 010D:0956  Res  QDE_FREE
 010D:095C  Res  HEXA_DEC
 010D:09F8  Res  TAMASTRI
 010D:0A15  Res  _CONTA
 010D:0A2B  Res  FONTEVGA
 01B4:001E  Res  __ASTART
 01B4:00C8  Res  __CINTDIV
 01B4:00D7  Res  __AMSG_EXIT
 01B4:00EC  Res  __CINIT
 01B4:01B0  Res  _EXIT
 01B4:01C7  Res  __EXIT
 01B4:020E  Res  __CTERMSUB
 01B4:024E  Res  __FPTRAP
 01B4:0254  Res  __FF_MSGBANNER
 01B4:0278  Res  __NULLCHECK
 01B4:029E  Res  __NMSG_TEXT
 01B4:02C9  Res  __NMSG_WRITE
 01B4:02F4  Res  __SETENVP
 01B4:0370  Res  __SETARGV
 01B4:0518  Res  __AFLDIV
 01B4:05B4  Res  __AFULMUL
 01B4:05B4  Res  __AFLMUL
 01B4:05E8  Res  __AFULREM
 01B4:0654  Res  __AFULDIV
 01B4:06C9  Res  __SLDS
 01B4:06CD  Res  __ELDS
 01B4:06EB  Res  __FLDS
 01B4:0715  Res  __SLDD
 01B4:0719  Res  __ELDD
 01B4:0739  Res  __FLDD
 01B4:0768  Res  __SLDT
 01B4:076E  Res  __FLDT
 01B4:07A2  Res  __SLDL
 01B4:07A6  Res  __ELDL
 01B4:07AF  Res  __SLDW
 01B4:07B3  Res  __ELDW
 01B4:07B9  Res  __FLDL
 01B4:07C0  Res  __FLDW
 01B4:07C2  Res  B$FIL2
 01B4:07C3  Res  B$FILD
 01B4:0817  Res  __FDUP
 01B4:0846  Res  __FLDZ
 01B4:086C  Res  __SSTS
 01B4:0870  Res  __FSTS
 01B4:0874  Res  __ESTS
 01B4:0884  Res  __SSTSP
 01B4:0888  Res  __FSTSP
 01B4:088C  Res  __ESTSP
 01B4:08BA  Res  __SSTD
 01B4:08BE  Res  __FSTD
 01B4:08C2  Res  __ESTD
 01B4:08D2  Res  __SSTDP
 01B4:08D6  Res  __FSTDP
 01B4:08DA  Res  __ESTDP
 01B4:0903  Res  __SSTT
 01B4:0907  Res  __FSTT
 01B4:091A  Res  __SSTTP
 01B4:091E  Res  __FSTTP
 01B4:0941  Res  B$FIS2
 01B4:0949  Res  B$FIST
 01B4:0951  Res  B$FUST
 01B4:0989  Res  __FTOL
 01B4:09C2  Res  __FTST
 01B4:09EF  Res  __FABS
 01B4:09FE  Res  __FCHS
 01B4:0A36  Res  __SSUBS
 01B4:0A3E  Res  __ESUBS
 01B4:0A45  Res  __FSUBS
 01B4:0A4E  Res  __SSUBSR
 01B4:0A56  Res  __ESUBSR
 01B4:0A5D  Res  __FSUBSR
 01B4:0A66  Res  __SMULS
 01B4:0A6E  Res  __EMULS
 01B4:0A75  Res  __FMULS
 01B4:0A7E  Res  __SDIVS
 01B4:0A86  Res  __EDIVS
 01B4:0A8D  Res  __FDIVS
 01B4:0A96  Res  __SDIVSR
 01B4:0A9E  Res  __EDIVSR
 01B4:0AA5  Res  __FDIVSR
 01B4:0AAE  Res  __SADDS
 01B4:0AB6  Res  __EADDS
 01B4:0ABD  Res  __FADDS
 01B4:0AF5  Res  __SSUBD
 01B4:0AFD  Res  __ESUBD
 01B4:0B04  Res  __FSUBD
 01B4:0B0D  Res  __SSUBDR
 01B4:0B15  Res  __ESUBDR
 01B4:0B1C  Res  __FSUBDR
 01B4:0B25  Res  __SMULD
 01B4:0B2D  Res  __EMULD
 01B4:0B34  Res  __FMULD
 01B4:0B3D  Res  __SDIVD
 01B4:0B45  Res  __EDIVD
 01B4:0B4C  Res  __FDIVD
 01B4:0B55  Res  __SDIVDR
 01B4:0B5D  Res  __EDIVDR
 01B4:0B64  Res  __FDIVDR
 01B4:0B6D  Res  __SADDD
 01B4:0B75  Res  __EADDD
 01B4:0B7C  Res  __FADDD
 01B4:0B9B  Res  __FSUB
 01B4:0BA0  Res  __FSUBR
 01B4:0BA5  Res  __FMUL
 01B4:0BAA  Res  __FDIV
 01B4:0BAF  Res  __FDIVR
 01B4:0BB4  Res  __FADD
 01B4:0BB9  Res  __FCOMPP
 01B4:0BB9  Res  B$FCMP
 01B4:0BBE  Res  __FCMP
 01B4:0C4C  Res  __FXCHQ
 01B4:0C5A  Res  __FXCH
 01B4:0C80  Res  __DCVT
 01B4:0C98  Res  $I4_ERRPINF
 01B4:0C98  Res  $I8_ERRINF
 01B4:0C98  Res  $I8_ERRMINF
 01B4:0C98  Res  $I8_ERRPINF
 01B4:0C98  Res  $I4_ERRMINF
 01B4:0C98  Res  $I4_ERRINF
 01B4:0CA2  Res  $I4_ERRDIV0
 01B4:0CA2  Res  $I8_ERRDIV0
 01B4:0CAC  Res  $I8_ERRINVLD
 01B4:0CAC  Res  $I4_ERRINVLD
 01B4:0CB6  Res  $I8_ERRSTACK
 01B4:0CC9  Res  __FPSIGNAL
 01B4:0D06  Res  __FPMATH
 01B4:0D34  Res  __SMOVTMPESBX
 01B4:0D36  Res  __SMOVTMPESSI
 01B4:0D4A  Res  __DMOVTMPESBX
 01B4:0D4C  Res  __DMOVTMPESSI
 01B4:0D62  Res  __DCVTST0
 01B4:0D6E  Res  __DCVTST0A
 01B4:0D71  Res  __DCVTDISI
 01B4:0DB0  Res  __CTRANDISP2
 01B4:0DC8  Res  __CTRANDISP1
 01B4:0EB4  Res  $I4_CMP
 01B4:0F07  Res  $I8_CMP
 01B4:0F59  Res  $I8_4
 01B4:0F9A  Res  $I4_8
 01B4:101C  Res  $I4_W
 01B4:101E  Res  $I4_Q
 01B4:1026  Res  $I4_S
 01B4:1032  Res  $I4_L
 01B4:104C  Res  $I8_W
 01B4:104E  Res  $I8_Q
 01B4:1056  Res  $I8_S
 01B4:1062  Res  $I8_L
 01B4:1081  Res  $I4_TO_S
 01B4:1086  Res  $I4_TO_SIRND
 01B4:1086  Res  $I4_TO_SRND
 01B4:108B  Res  $I8_TO_S
 01B4:1090  Res  $I8_TO_SRND
 01B4:1090  Res  $I8_TO_SIRND
 01B4:109D  Res  $I4_TO_W
 01B4:10A2  Res  $I4_TO_WRND
 01B4:10A2  Res  $I4_TO_WIRND
 01B4:10A7  Res  $I8_TO_W
 01B4:10AC  Res  $I8_TO_WRND
 01B4:10AC  Res  $I8_TO_WIRND
 01B4:10B4  Res  $I4_TO_LRND
 01B4:10B4  Res  $I4_TO_LIRND
 01B4:10B9  Res  $I8_TO_LIRND
 01B4:10B9  Res  $I8_TO_LRND
 01B4:10BE  Res  $I4_TO_L
 01B4:10C3  Res  $I8_TO_L
 01B4:10E3  Res  $I4_TO_QIRND
 01B4:10E3  Res  $I4_TO_QRND
 01B4:10E8  Res  $I8_TO_QIRND
 01B4:10E8  Res  $I8_TO_QRND
 01B4:1107  Res  $I8_TO_Q
 01B4:113C  Res  $I4_TO_Q
 01B4:11B8  Res  $I8_FIXRND
 01B4:11B8  Res  $I8_FIXIRND
 01B4:11DE  Res  $I4_FIXIRND
 01B4:11DE  Res  $I4_FIXRND
 01B4:1202  Res  $I8_FIX
 01B4:1212  Res  $I4_FIX
 01B4:132C  Res  $I4_SUBREV
 01B4:132E  Res  $I4_SUB
 01B4:1336  Res  $I4_ADD
 01B4:1408  Res  $I4_NORM
 01B4:1436  Res  $I4_ROUND
 01B4:1498  Res  $I4_MUL
 01B4:151C  Res  $I4_DIVREV
 01B4:151E  Res  $I4_DIV
 01B4:1626  Res  $I8_SUBREV
 01B4:1628  Res  $I8_SUB
 01B4:164B  Res  $I8_ADD
 01B4:177E  Res  $I8_NORM
 01B4:17D4  Res  $I8_ROUND
 01B4:1852  Res  $I8_MUL
 01B4:18B3  Res  $I8_DIVREV
 01B4:18B5  Res  $I8_DIV
 01B4:1BE7  Res  $I8_LGT
 01B4:1BFD  Res  $I8_LOG
 01B4:1CB4  Res  $I8_EXP
 01B4:1CC8  Res  $I8_EXPADJUST
 01B4:1D03  Res  $I8_PF_PWR
 01B4:1D1A  Res  $I8_C_PWR
 01B4:1D1E  Res  $I8_PWR
 01B4:1E18  Res  $I8_PWR_L
 01B4:1E18  Res  $I8_PF_PWR_L
 01B4:1EAE  Res  $I8_SQR
 01B4:1F6C  Res  $I8_ADDF
 01B4:1F70  Res  $I8_ADDFSI
 01B4:1F76  Res  $I8_SUBF
 01B4:1F7A  Res  $I8_SUBFSI
 01B4:1F80  Res  $I8_MULF
 01B4:1F84  Res  $I8_MULFSI
 01B4:1F8A  Res  $I8_DIVF
 01B4:1F8E  Res  $I8_DIVFSI
 01B4:1F94  Res  $I8_SUBR
 01B4:1F98  Res  $I8_SUBRDI
 01B4:1F9E  Res  $I8_DIVR
 01B4:1FA2  Res  $I8_DIVRDI
 01B4:1FA8  Res  $I8_CLEARAC
 01B4:1FB8  Res  $I8_MOVAC
 01B4:1FC1  Res  $I8_MOVAC_ARG
 01B4:1FD1  Res  $I8_MOVARG_AC
 01B4:1FD5  Res  $I8_MOVARG
 01B4:1FE0  Res  $I8_MOVTEMP
 01B4:1FEB  Res  $I8_PSHARG
 01B4:1FF0  Res  $I8_PSHAC
 01B4:1FF4  Res  $I8_PSHSI
 01B4:2002  Res  $I8_POPARG
 01B4:2007  Res  $I8_POPAC
 01B4:200B  Res  $I8_POPSI
 01B4:2019  Res  $I8_POLY
 01B4:205E  Res  $I8_EVEN
 01B4:2094  Res  $I8_EXPM1
 01B4:20A5  Res  $I8_EXPM1REDUCED
 01B4:20D5  Res  $I8_LNREDUCEAC_HI
 01B4:20DB  Res  $I8_LNREDUCE
 01B4:20EA  Res  $I8_RETONE
 01B4:20F4  Res  $I8_RETZERO
 01B4:210B  Res  $I8_OVERFLOWRANGE
 01B4:2110  Res  $I8_EXPHRANGE
 01B4:2118  Res  $I8_EXPRANGE
 01B4:211E  Res  $I8_RANGE
 01B4:2142  Res  $I8_P_Q
 01B4:2178  Res  $I8_Z2P_Q
 01B4:2189  Res  $I8_Z3P_Q
 01B4:2192  Res  $I8_REDUCE
 01B4:21AE  Res  $I8_TMUL
 01B4:2314  Res  $I8_TPWR10
 01B4:2384  Res  $I8_INPUT
 01B4:26D0  Res  $I8_OUTPUT
 01B4:27D0  Res  _FLOOR
 01B4:27E0  Res  _CEIL
 01B4:2846  Res  _FMOD
 01B4:28A1  Res  _POW
 01B4:28AA  Res  _LOG
 01B4:28B3  Res  _LOG10
 01B4:28BC  Res  _EXP
 01B4:28C5  Res  _SQRT
 01B4:28CE  Res  __MYALLOC
 01B4:2910  Res  __WRT2ERR
 01B4:291F  Res  _MATHERR
 01B4:292D  Res  __DVINIT
 01B4:2956  Res  __DVADD
 01B4:299D  Res  __DVSUB
 01B4:29E4  Res  __DVMUL
 01B4:2A2B  Res  __DVDIV
 01B4:2A72  Res  __DVTOQ
 01B4:2A8D  Res  __DVTOI
 01B4:2AA8  Res  __DVTOL
 01B4:2AC3  Res  __DVFMQ
 01B4:2B0B  Res  __DVFMI
 01B4:2B45  Res  __DVFML
 01B4:2B80  Res  __DVFMA
 01B4:2BFA  Res  __NTOA
 01B4:2CFC  Res  __ATON
 01B4:2D52  Res  __LNTOA
 01B4:2DF1  Res  __CFLTCVT
 01B4:2DF2  Res  __CROPZEROS
 01B4:2DF3  Res  __FASSIGN
 01B4:2DF4  Res  __FORCDECPT
 01B4:2DF5  Res  __POSITIVE
 01B4:2DF6  Res  __CFTOE
 01B4:2DF7  Res  __CFTOF
 01B4:2DF8  Res  __CFTOG
 01B4:2E10  Res  __TERMHOOK
 01B4:2E22  Res  __GTHOOK
 01B4:2E34  Res  __DBCMDHOOK
 01B4:2E46  Res  __AFLSHR
 01B4:2E52  Res  __AFLREM
 01B4:2EF4  Res  __AFNALDIV
 01B4:2F18  Res  __DYNXHOOK
 01B4:2F2A  Res  __DISKIOHOOK
 04A7:000C  Res  __PTOABSADDR
 04A7:002D  Res  _STRCPY
 04A7:004F  Res  _STCCPY
 04A7:0078  Res  _STRNCPY
 04A7:00A1  Res  __BSET
 04A7:00C4  Res  __BMOVE
 04A7:0119  Res  __BCOPY
 04A7:0137  Res  __BCOPYF
 04A7:0166  Res  __LCOPY
 04A7:0184  Res  __BCMP
 04A7:01AC  Res  __BSCAN
 04A7:01D0  Res  __U2HEX
 04A7:01FF  Res  _STRCAT
 04A7:0229  Res  _STPCHR
 04A7:0256  Res  _STPBLK
 04A7:027D  Res  _STRLEN
 04A7:0299  Res  __DOSFUNC
 04A7:02CB  Res  __ASMCALL
 04D6:0037  Res  __TINIT
 04D6:0085  Res  __TEND
 04D6:00CD  Res  __FSCREATE
 04D6:00FA  Res  __TCTEMP
 04D6:018B  Res  __FSOPEN
 04D6:01BC  Res  __FSCLOSE
 04D6:01DE  Res  __FSREAD
 04D6:020B  Res  __FSWRITE
 04D6:0238  Res  __FSSEEK
 04D6:0271  Res  __FSLOCK
 04D6:02B0  Res  __TMNAME
 04D6:02E6  Res  __FSDELETE
 04D6:030A  Res  __FSRENAME
 04D6:0331  Res  __THCOUNT
 04D6:0375  Res  __FSCOMMIT
 04D6:038F  Res  __FSERROR
 04D6:03B4  Res  __TISDEVICE
 04D6:03D3  Res  __TDEVRAW
 04D6:040F  Res  __F_FIRST
 04D6:0434  Res  __F_NEXT
 04D6:044F  Res  __DSPACE
 04D6:0473  Res  __TMKDIR
 04D6:04A0  Res  __TRMDIR
 04D6:04CD  Res  __TCHDIR
 04D6:04FA  Res  __TCURDRV
 04D6:0516  Res  __TCHDRV
 04D6:0541  Res  __TISDRV
 04D6:0565  Res  __TCURDIR
 0530:010C  Res  __DDMYTODATE
 0530:01EE  Res  __DDATETODMYD
 0530:0324  Res  __DSYSDATE
 0530:0348  Res  __DALPHATODATEFMT
 0530:045A  Res  __DALPHATODATEDBF
 0530:0514  Res  __DDATETOALPHAFMT
 0530:060A  Res  __DDATETOALPHADBF
 0530:0696  Res  __DSETFMT
 0530:084C  Res  __DSETEPOCH
 05B6:0006  Res  __OSDATE
 05B6:002D  Res  __OSTIME
 05BB:008E  Res  __SCAN_FILENAME
 05BB:01C0  Res  __TXOPEN
 05BB:0866  Res  FILE
 05BB:0894  Res  __FSEXTOPEN
 064C:000C  Res  __DVLT
 064C:0034  Res  __DVLE
 064C:005C  Res  __DVEQ
 064C:0084  Res  __DVGE
 064C:00AC  Res  __DVGT
 064C:00D4  Res  __DVNE
 064C:00FC  Res  __DVLTZ
 064C:0124  Res  __DVEQZ
 064C:014C  Res  __DVMOD
 064C:0196  Res  __DVNEG
 064C:01C6  Res  __DVABS
 064C:0218  Res  __DVINC
 064C:024C  Res  __DVDEC
 064C:0280  Res  __DVINT
 064C:02EA  Res  __DVPOW
 064C:0334  Res  __DVLOG
 064C:0372  Res  __DVSQR
 064C:03B0  Res  __DVEXP
 064C:03EE  Res  __DVRND
 069E:0008  Res  __SYSHARDINIT
 06A1:0008  Res  _TERM
 06A1:0036  Res  _MAIN
 06A9:017C  Res  __UPREFP
 06A9:0220  Res  __UPREF
 06D1:0004  Res  __SYSCALL
 06D4:0367  Res  __EVLOW
 06D4:0367  Res  __EVEENTRY
 0711:0568  Res  __EVSENDSTRUCT
 0711:0622  Res  __EVSENDID
 0711:0638  Res  __EVPOSTSTRUCT
 0711:0658  Res  __EVPOSTID
 0711:0686  Res  __EVREGRECEIVERFUNC
 0711:07B8  Res  __EVDEREGRECEIVER
 0711:07E6  Res  __SYSREGLOW
 0711:07FE  Res  __EVREGTYPE
 0711:0810  Res  __EVSEND
 0711:0816  Res  __EVPOST
 0711:0866  Res  __EVMODALREAD
 0711:092A  Res  __EVTRANSLATE
 0711:0974  Res  __EVBREAKENABLE
 0711:09AA  Res  __EVSCROLLPAUSE
 0711:0A00  Res  __EVSTROBE
 0711:0A24  Res  __BREAK_CYCLE
 0711:0AD4  Res  SETCANCEL
 0711:0B94  Res  ALTD
 0711:0DE6  Res  __EVENT_INIT
 07F8:00CC  Res  __DYNFREEMODULE
 07F8:01EC  Res  __DYNGETORDADDR
 07F8:0288  Res  __DYNGETNAMEDADDR
 07F8:035A  Res  __DYNLOADMODULE
 07F8:0426  Res  __DYNINIT
 07F8:0436  Res  __DYNINI
 083E:0000  Res  _DMOD_COUNT
 083E:0015  Res  _DINIT_INIT
 0842:0002  Res  __WEED_EATR
 0842:0030  Res  __START_PROC
 0847:0330  Res  _WEED_DIGESTR
 0847:035A  Res  __GET_SYM
 0847:0426  Res  __CHK_SYM
 0847:048A  Res  __CHK_SYM2
 0847:05A4  Res  __SYM_SEARCH
 0847:05F0  Res  __NEXT_SYM
 0847:0676  Res  __SYM_INIT
 08B8:03B4  Res  _ARRAYNEW
 08B8:04DE  Res  _BLOCKNEW
 08B8:0594  Res  _BYTESNEW
 08B8:0792  Res  __OCOPY
 0000:9876  Abs  __ACRTUSED
 0000:9876  Abs  __ACRTMSG
 0000:9876  Abs  __FLTUSED
 08B8:1AEE  Res  __XCHECK
 08B8:1AFC  Res  __OSCAVENGEALL
 08B8:1B50  Res  __OESTIMATE
 08B8:1B5C  Res  __IARRAYAT
 08B8:1BDE  Res  __CAT
 08B8:1CFA  Res  __CATPUT
 08B8:1ED8  Res  __IARRAYPUT
 08B8:1F04  Res  __IARRAYC2
 08B8:1FF6  Res  _VARRAY
 08B8:2038  Res  _VARRAYX
 08B8:208C  Res  _VARRAYLEN
 08B8:20CE  Res  __VDICT
 08B8:211E  Res  __VSETDICT
 08B8:218A  Res  _VSTR
 08B8:21E0  Res  _VSTRX
 08B8:2234  Res  _VSTR2
 08B8:2306  Res  _VSTRLOCK
 08B8:2370  Res  _VSTRUNLOCK
 08B8:23C4  Res  _VSTRCOLD
 08B8:241C  Res  _BYTESNEW2
 08B8:243C  Res  _OSTRDUP
 08B8:24F4  Res  __CATAT
 08B8:2568  Res  __CATPUTSTR
 08B8:26F6  Res  __IMAKEA
 08B8:275C  Res  __IMAKELA
 08B8:2818  Res  ARRAY
 08B8:28B6  Res  _CSCANCHECK
 08B8:294E  Res  __CCOPY
 08B8:29CC  Res  __CBECOME
 08B8:2BEC  Res  __CRESIZE
 08B8:2E9A  Res  ASIZE
 08B8:2EFE  Res  __AADD
 08B8:2F68  Res  __XUNLOCK
 08B8:2FBA  Res  __XXLOCK
 08B8:31D8  Res  __OM_INIT
 0BE0:0008  Res  __FIXLEN
 0BE0:012E  Res  __SPTOQ
 0BE0:0160  Res  __SPTOL
 0BE0:0196  Res  __PUTQ
 0BE0:01B8  Res  __PUTL
 0BE0:01D4  Res  __PUTLN
 0BE0:01F8  Res  __PUTCL
 0BE0:0234  Res  __PUTC
 0BE0:0268  Res  __PUTSYM
 0BE0:0286  Res  __PARAM
 0BE0:02FA  Res  __LPARAM
 0BE0:0358  Res  __ISAVERET
 0BE0:0378  Res  __RETL
 0BE0:0390  Res  __RETQ
 0BE0:03AE  Res  __RETC
 0BE0:09EE  Res  __IMVCLEAN
 0BE0:0A90  Res  __IMVWIPE
 0BE0:0B78  Res  __IGETM
 0BE0:0BDC  Res  __XPUSHM
 0BE0:0C1A  Res  __XPOPM
 0BE0:0C82  Res  __IPUBLICS
 0BE0:0C96  Res  __QQPUB
 0BE0:0CC0  Res  __IPRIVATES
 0BE0:0CD6  Res  __IPARAMS
 0BE0:0DC2  Res  __IPUSHM
 0BE0:0E2A  Res  __CALLERPOPM
 0BE0:0F64  Res  __IPOPM
 0BE0:0FB2  Res  __IPUSHMR
 0BE0:107C  Res  __IPUSHLR
 0BE0:10E4  Res  __IPUSHFLR
 0BE0:114C  Res  __IPUSHSR
 0BE0:11B4  Res  __ISINIT
 0BE0:1214  Res  __ISFRAME
 0BE0:1226  Res  __GETGRIP
 0BE0:1284  Res  __DROPGRIP
 0BE0:129C  Res  __IPUSHBLOCK
 0BE0:13B4  Res  __IZZBLOCK
 0BE0:1504  Res  __IXBLOCK
 0BE0:174C  Res  __IZZACT
 0BE0:188C  Res  __CEVAL0
 0BE0:18B6  Res  __CEVAL1
 0BE0:18EC  Res  __ACTINFO
 0BE0:1946  Res  __ACTCOUNT
 0BE0:19DE  Res  __STACK_EXIT
 0BE0:1A82  Res  __STACK_INIT
 0D96:0002  Res  __XPUSHF
 0D96:0188  Res  __XPOPF
 0D96:01F4  Res  __IPUSHV
 0D96:0282  Res  __IPUSHF
 0D96:02FC  Res  __IPOPF
 0D96:0376  Res  __IPUSHQF
 0D96:03FC  Res  __IPOPQF
 0D96:0482  Res  __FCHECK
 0DE3:0278  Res  __STORCLEN
 0DE3:036E  Res  __STORC
 0DE3:03AC  Res  __PARINFO
 0DE3:0402  Res  __PARINFA
 0DE3:051A  Res  __PARCPEEK
 0DE3:0566  Res  __PARC
 0DE3:0602  Res  __PARCSIZ
 0DE3:0646  Res  __PARCLEN
 0DE3:0670  Res  __PARNI
 0DE3:06B8  Res  __PARNL
 0DE3:0704  Res  __PARND
 0DE3:0768  Res  __PARL
 0DE3:077E  Res  __PARDS
 0DE3:07AA  Res  __STORND
 0DE3:07E4  Res  __STORNL
 0DE3:0804  Res  __STORNI
 0DE3:0824  Res  __STORL
 0DE3:0840  Res  __STORDS
 0DE3:087A  Res  __RETCLEN
 0DE3:08AC  Res  __RETNI
 0DE3:08CE  Res  __RETNL
 0DE3:08F2  Res  __RETND
 0DE3:091A  Res  __RETDS
 0DE3:094E  Res  __RET
 0DE3:0950  Res  __RETA
 0DE3:095E  Res  __EXMGRAB
 0DE3:096E  Res  __EXMBACK
 0E7B:005C  Res  __ICALL
 0E96:000E  Res  FIELDGET
 0E96:0086  Res  FIELDPUT
 0E96:0128  Res  FIELDPOS
 0EB5:000C  Res  __SETSTRUCT
 0EB5:0188  Res  SET
 0F14:010C  Res  __STRMINUS
 0F14:0202  Res  __MIN
 0F14:02D8  Res  __MAX
 0F14:03B2  Res  __MODULUS
 0F14:047E  Res  __INT
 0F14:0540  Res  __ROUND
 0F14:05D4  Res  __EXPON
 0F14:0714  Res  __LOGQ
 0F14:0720  Res  __QEXP
 0F14:072C  Res  __QSQRT
 0F14:0738  Res  __CHR
 0F14:0786  Res  __SPACE
 0F14:0810  Res  __SUB3
 0F14:0958  Res  __SUB2
 0F14:0A44  Res  __LEFT
 0F14:0AE8  Res  __STR3
 0F14:0BF8  Res  __STR2
 0F14:0CC0  Res  __STR1
 0F14:0D74  Res  __TRIM
 0F14:0DF0  Res  __LTRIM
 0F14:0E7E  Res  __UPPER
 0F14:0EE0  Res  __LOWER
 0F14:0F42  Res  __REPLICATE
 0F14:1068  Res  __VAL
 0F14:115A  Res  __LEN
 0F14:11A2  Res  __EMPTY
 0F14:1284  Res  __AT
 0F14:13C6  Res  __INSTR
 0F14:14FE  Res  __ASC
 0F14:1544  Res  __TIME
 0F14:15E8  Res  __SECONDS
 0F14:16A4  Res  __DATE
 0F14:16C4  Res  __DAY
 0F14:1712  Res  __MONTH
 0F14:1762  Res  __YEAR
 0F14:17B2  Res  __DOW
 0F14:1802  Res  __CMONTH
 0F14:1852  Res  __CDOW
 0F14:18A2  Res  __DTOC
 0F14:18E4  Res  __CTOD
 0F14:192A  Res  __DTOS
 0F14:196C  Res  __WORD
 0F14:19AA  Res  __VALTYPE
 0F14:1A46  Res  LEFT
 10B9:0036  Res  _TB
 10B9:0088  Res  __IERROR
 10B9:0136  Res  __AFAIL
 10B9:01CA  Res  __SODIUM
 10B9:01D6  Res  __SALTY_DYN
 10B9:025C  Res  __ECANCEL
 10B9:02C8  Res  ERRORINHAN
 10B9:0408  Res  __EGENCODE
 10B9:041C  Res  __ESEVERIT
 10B9:0430  Res  __ECANRETR
 10B9:0448  Res  __ECANDEFA
 10B9:0460  Res  __ECANSUBS
 10B9:0478  Res  __ETRIES
 10B9:048C  Res  __EOSCODE
 10B9:04A0  Res  __ESUBCODE
 10B9:04B4  Res  __ESUBSYST
 10B9:04C0  Res  __EDESCRIP
 10B9:04CC  Res  __EOPERATI
 10B9:04D8  Res  __EFILENAM
 10B9:04E4  Res  __EPARAMS
 10B9:04F0  Res  __ECARGO
 10B9:04FC  Res  __ESETGENC
 10B9:05C4  Res  __ESETSUBC
 10B9:061E  Res  __ESETOSCO
 10B9:0678  Res  __ESETSEVE
 10B9:06D2  Res  __ESETCAND
 10B9:0716  Res  __ESETCANR
 10B9:075A  Res  __ESETCANS
 10B9:079E  Res  __ESETTRIE
 10B9:07F8  Res  __ESETSUBS
 10B9:0808  Res  __ESETOPER
 10B9:0818  Res  __ESETDESC
 10B9:0828  Res  __ESETFILE
 10B9:0838  Res  __ESETPARA
 10B9:0848  Res  __ESETCARG
 10B9:0858  Res  ERRORNEW
 10B9:0AF0  Res  __EOP
 10B9:0BA8  Res  __EERROR
 10B9:0C0A  Res  __ENOALIAS
 10B9:0CB6  Res  __ENOVAR
 10B9:0D26  Res  __EERRORP
 10B9:0E3A  Res  __EARG
 10B9:0E56  Res  __ENOTABLE
 10B9:0ED0  Res  __ENOFUNC
 10B9:0F46  Res  __EREGNFHANDLER
 10B9:0F70  Res  __ENOMETHOD
 10B9:101E  Res  __EPSTACK
 10B9:1034  Res  ERRORBLOCK
 10B9:1094  Res  DOSERROR
 10B9:10BC  Res  __ESETDOSERROR
 10B9:10C8  Res  NETERR
 10B9:10FE  Res  __ESETNETERR
 10B9:110E  Res  __ECLASSNA
 11CA:000C  Res  AEVAL
 11E2:0264  Res  __CYCLEF
 11E2:04F8  Res  __XALLOC
 11E2:0592  Res  __XFREE
 11E2:061C  Res  __XGRAB
 11E2:064C  Res  __ALLOCF
 11E2:068E  Res  __FREEF
 124C:0760  Res  __VMADD
 124C:0B7E  Res  __VMPREALLOC
 124C:144E  Res  __VMDISCARD
 124C:150C  Res  __VMFREE
 124C:152E  Res  __VMPTR
 124C:158C  Res  __VMDIRTYPTR
 124C:15EA  Res  __VMTWO
 124C:16FA  Res  __VMALLOCF
 124C:1730  Res  __VMALLOC
 124C:1766  Res  __VMALLOCD
 124C:17A2  Res  __VMALLOCO
 124C:17E2  Res  __VMXFR
 124C:1B52  Res  __VMFIX
 124C:1C46  Res  __VMLOCKOVL
 124C:1D92  Res  __VMUNLOCKOVL
 124C:1DA0  Res  __VMPENDINGOVL
 124C:1DAE  Res  __VMUNLOCK
 124C:1DBC  Res  __VMLOCK
 124C:1E5E  Res  __VMLOCKSEG
 124C:1ECC  Res  __VMSIZE
 124C:1EDC  Res  __VMREALLOC
 124C:2040  Res  __VMXCHG
 124C:20D4  Res  __VMSTAT
 124C:21E0  Res  __VMSTATN
 124C:2222  Res  __VMSTATE
 124C:2250  Res  __V16
 124C:2318  Res  __V32
 124C:2496  Res  __MEM_RESUME
 124C:24B2  Res  __MEM_SUSPEND
 124C:2572  Res  __MEM_EXIT
 124C:267A  Res  _DSNORMAL
 124C:2694  Res  __EFAULT
 124C:2890  Res  __MEM_INIT2
 124C:28C4  Res  __MEM_INIT
 1515:000E  Res  __KMAPSCAN
 1515:013D  Res  __KMAPSET
 1515:0194  Res  __KMAPCLEAR
 1533:000C  Res  __MEMSUBFREE
 1533:0020  Res  __MEMSUBALLOC
 1533:00B1  Res  __MEMSUBALLOCFIRST
 1533:00C3  Res  __MEMSUBINFO
 1533:013D  Res  __MEMSUBAVAIL
 1533:014C  Res  __MEMSUBMAX
 1533:015D  Res  __MEMSUBEXTENT
 1533:0171  Res  __MEMSUBEMPTY
 1533:0188  Res  __MEMSUBREINIT
 1533:01D5  Res  __MEMSUBINIT
 1533:020E  Res  __MEMSUBNEXT
 1533:0253  Res  __MEMSUBCHECK
 1558:0008  Res  __OSALLOCDEFSEG
 1558:0032  Res  __OSAVAIL
 1558:0042  Res  __OSALLOC
 1558:0056  Res  __OSSIZE
 155E:000E  Res  __OSSTACKBASE
 155F:0EBC  Res  __LEX_
 155F:14E6  Res  __MAC_IMMED
 155F:1628  Res  __DBGMACRO
 155F:16D8  Res  __WAVE_
 155F:17EA  Res  __WAVEPOP_
 155F:186E  Res  __WAVEP_
 155F:18F2  Res  __WAVEL_
 155F:190A  Res  __WAVEA_
 155F:1B28  Res  __WAVEQ_
 155F:1B5E  Res  __WAVEPOPQ_
 155F:1B9A  Res  __WAVEF_
 155F:1C18  Res  __WAVEPOPF_
 155F:1C9C  Res  __WSYMBOL_
 155F:201A  Res  __TYPE_
 155F:20D4  Res  _AMBIGBLOCK
 155F:22CA  Res  _DOSTUFF
 155F:252C  Res  __PARSE_
 17C8:0004  Res  __VMACRO
 17C8:0066  Res  __BMACRO
 17D4:0004  Res  __PLANK_INIT
 17D4:0031  Res  __TPLANK
 17D4:006A  Res  _ERRORBUILD
 17D4:00D7  Res  _ERRORCYCLE
 17D4:0137  Res  __PLANKTON
 17D4:01C3  Res  __SPLANKTON
 17D4:01E2  Res  __DPLANKTON
 17D4:0409  Res  _DBGENTRY
 17D4:0427  Res  _DBGEXIT
 17D4:0445  Res  __NOCODE
 17D4:044D  Res  __DYNBADNEWS
 17D4:0458  Res  __0ERR
 17D4:0462  Res  __0ENDPROC
 17D4:0475  Res  __0NOP
 17D4:0478  Res  __0LINE
 17D4:04B9  Res  __0EVENTS
 17D4:04CD  Res  __0JMP
 17D4:04D4  Res  __0JF
 17D4:04F2  Res  __0JFPT
 17D4:0513  Res  __0JT
 17D4:0531  Res  __0JTPF
 17D4:0552  Res  __0JDBG
 17D4:0572  Res  __0UNDEF
 17D4:057A  Res  __0TRUE
 17D4:0589  Res  __0FALSE
 17D4:0596  Res  __0NULL
 17D4:05AF  Res  __0ZER0
 17D4:05C4  Res  __0ONE1
 17D4:05DB  Res  __0PUSHW
 17D4:05F0  Res  __0PUSHI
 17D4:0608  Res  __0PUSHN
 17D4:0632  Res  __0PUSHC
 17D4:065A  Res  __0PUSHBL
 17D4:068C  Res  __0ZZBLOCK
 17D4:069E  Res  __0DO
 17D4:078D  Res  __DDO
 17D4:0889  Res  __XDO
 17D4:08AB  Res  __0FUNC
 17D4:09BC  Res  __0XBLOCK
 17D4:0A34  Res  __XEVAL
 17D4:0B00  Res  __0SEND
 17D4:0BF1  Res  __0CALL
 17D4:0CD6  Res  __0PCOUNT
 17D4:0CEE  Res  __0FRAME
 17D4:0D37  Res  __0SINIT
 17D4:0D5F  Res  __0SFRAME
 17D4:0D7F  Res  __0PUBLICS
 17D4:0D98  Res  __0PRIVATES
 17D4:0DB1  Res  __0PARAMS
 17D4:0DCA  Res  __0ARRAYATI
 17D4:0DF1  Res  __0ARRAYAT
 17D4:0E5D  Res  __0ARRAYPUTI
 17D4:0E84  Res  __0ARRAYPUT
 17D4:0EF0  Res  __0MAKEA
 17D4:0F09  Res  __0MAKELA
 17D4:0F22  Res  __0PUSHL
 17D4:0F67  Res  __0POPL
 17D4:0FB5  Res  __0PUSHLR
 17D4:0FCE  Res  __0PUSHFL
 17D4:1016  Res  __0POPFL
 17D4:105E  Res  __0PUSHFLR
 17D4:1088  Res  __0PUSHS
 17D4:109F  Res  __0POPS
 17D4:10B6  Res  __0PUSHSR
 17D4:10CF  Res  __0PUSHM
 17D4:10F7  Res  __0MPUSHM
 17D4:1115  Res  __0POPM
 17D4:113D  Res  __0MPOPM
 17D4:115B  Res  __0PUSHMR
 17D4:1183  Res  __0MPUSHMR
 17D4:11A1  Res  __0PUSHF
 17D4:11C9  Res  __0MPUSHF
 17D4:11E7  Res  __0POPF
 17D4:120F  Res  __0MPOPF
 17D4:122D  Res  __0PUSHQF
 17D4:1255  Res  __0MPUSHQF
 17D4:1273  Res  __0POPQF
 17D4:129B  Res  __0MPOPQF
 17D4:12B9  Res  __0PUSHV
 17D4:12E1  Res  __0MPUSHV
 17D4:12FF  Res  __0PUSHRV
 17D4:131D  Res  __0SAVE_RET
 17D4:1324  Res  __0DOOP
 17D4:132A  Res  __0QSELF
 17D4:1334  Res  __0POP
 17D4:133A  Res  __0PUSHA
 17D4:1393  Res  __0MPUSHA
 17D4:13B5  Res  __0PUSHP
 17D4:13B8  Res  __0MPUSHP
 17D4:13BB  Res  __0SYMBOL
 17D4:13DF  Res  __0SYMF
 17D4:1408  Res  __0MSYMBOL
 17D4:141E  Res  __0MSYMF
 17D4:1439  Res  __0BEGIN_SEQ
 17D4:1460  Res  __0BREAK
 17D4:1467  Res  __0END_SEQ
 17D4:147A  Res  _COERCENUMS
 17D4:14F1  Res  _COERCEDNUMS
 17D4:15A1  Res  __0JNEI
 17D4:15E1  Res  __0JISW
 17D4:1621  Res  __XEQ
 17D4:164E  Res  __0EEQ
 17D4:1757  Res  __0EQ
 17D4:1820  Res  __0NE
 17D4:18EC  Res  __0LT
 17D4:19A8  Res  __XLT
 17D4:19DD  Res  __0LE
 17D4:1A99  Res  __0GT
 17D4:1B55  Res  __0GE
 17D4:1C11  Res  __0NOT
 17D4:1C25  Res  __0AND
 17D4:1C42  Res  __0OR
 17D4:1C5F  Res  __0NEGATE
 17D4:1CBE  Res  __0ABS
 17D4:1D27  Res  __0PLUS
 17D4:1EA0  Res  __0MINUS
 17D4:1F7F  Res  __0MULT
 17D4:2001  Res  __0DIVIDE
 17D4:209C  Res  __0DEC
 17D4:20FF  Res  __0INC
 19EA:0002  Res  __INSTD_
 19EC:00B4  Res  __GTWCREATE
 19EC:0116  Res  __GTWDESTROY
 19EC:016A  Res  __GTWFLASH
 19EC:024A  Res  __GTWAPP
 19EC:025E  Res  __GTWCURRENT
 19EC:0370  Res  __GTWPOS
 19EC:03A2  Res  __GTWVIS
 19EC:04F2  Res  __GTMODALREAD
 19EC:0F14  Res  __GTSLR
 19EC:0F86  Res  DISPBEGIN
 19EC:0F8C  Res  DISPEND
 19EC:0F92  Res  DISPCOUNT
 19EC:0FB4  Res  __GTSCRDIM
 19EC:0FCE  Res  __GTISCOLOR
 19EC:0FDE  Res  __GTMAXROW
 19EC:0FE8  Res  __GTMAXCOL
 19EC:0FF2  Res  __GTSETCURSOR
 19EC:1012  Res  __GTGETCURSOR
 19EC:1028  Res  __GTSETPOS
 19EC:104A  Res  __GTGETPOS
 19EC:106E  Res  __GTSETCOLOR
 19EC:109E  Res  __GTGETCOLOR
 19EC:10C2  Res  __GTSETBORDER
 19EC:1122  Res  __GTBEGINWRITE
 19EC:12EE  Res  __GTENDWRITE
 19EC:13EA  Res  __GTSCROLL
 19EC:1470  Res  __GTWRITEAT
 19EC:14DA  Res  __GTWRITE
 19EC:1506  Res  __GTWRITECON
 19EC:16A0  Res  __GTREPCHAR
 19EC:16F2  Res  __GTRECTSIZE
 19EC:1736  Res  __GTSAVE
 19EC:1790  Res  __GTREST
 19EC:17EA  Res  __GTBOX
 19EC:1858  Res  __GTBOXS
 19EC:1876  Res  __GTBOXD
 19EC:1894  Res  __GTSETSNOWFLAG
 19EC:18CC  Res  __GTSETBLINK
 19EC:18EC  Res  __GTFLUSHCURSOR
 19EC:1900  Res  __GTPREEXT
 19EC:1932  Res  __GTPOSTEXT
 19EC:199C  Res  __GTSETMODE
 19EC:19F0  Res  __GTDISPCOUNT
 19EC:1A08  Res  __GTDISPBEGIN
 19EC:1A2C  Res  __GTDISPEND
 1B8F:000C  Res  _SETLASTTRAN
 1B8F:001E  Res  __DBGTERMX
 1B8F:0238  Res  __INKEY0
 1B8F:025A  Res  _NOW
 1B8F:02AC  Res  __INKEY1
 1B8F:03AE  Res  NEXTKEY
 1B8F:041E  Res  LASTKEY
 1B8F:04C8  Res  __KEYBOARD
 1B8F:0616  Res  SETKEY
 1B8F:06EC  Res  __MODAL_KEY
 1B8F:0812  Res  __PCOL
 1B8F:0822  Res  __PROW
 1B8F:0832  Res  SETPRC
 1B8F:0A68  Res  __EJECT
 1B8F:0BD0  Res  __CQOUT
 1B8F:0BF6  Res  QQOUT
 1B8F:0CBC  Res  QOUT
 1B8F:0CD2  Res  __XSETCURSOR
 1B8F:0D10  Res  __SETPOS
 1B8F:0D5E  Res  __SETPOSBS
 1B8F:0D96  Res  DISPOUT
 1B8F:0E70  Res  __DEVPOS
 1B8F:0EF8  Res  DEVOUT
 1B8F:0FF8  Res  __ROW
 1B8F:1022  Res  __COL
 1B8F:13A2  Res  __XHELP
 1B8F:14E0  Res  __TERMSLR
 1B8F:1590  Res  __PRINTOUT
 1B8F:15B6  Res  __CONOUT
 1CFD:0004  Res  DISPBOX
 1D15:000A  Res  __TCVT
 1D2E:000C  Res  _CPARSE
 1D2E:0256  Res  _SPARSE
 1D2E:035C  Res  __XSETCOLOR
 1D2E:05E4  Res  SETCOLOR
 1D2E:05FE  Res  SETBLINK
 1D2E:0704  Res  COLORSELEC
 1DA0:0008  Res  SETCURSOR
 1DA2:0002  Res  __PARSEATS
 1DA2:01A2  Res  __PICTLITERAL
 1DA2:025C  Res  __DATETEMPLATE
 1DA2:0878  Res  __TBUFFPREP
 1DA2:0930  Res  __ZZTRAN
 1DA2:0CC2  Res  __ZTRAN
 1DA2:0E32  Res  __XTRAN
 1DA2:0E72  Res  __YTRAN
 1DA2:0EB4  Res  __TRANS
 1DA2:0F2E  Res  DEVOUTPICT
 1DA2:0FFC  Res  TRANSFORM
 1EA1:0064  Res  __ISRDD
 1EA1:028E  Res  __ISRDDTYPE
 1EA1:0536  Res  __DBUNLOADALL
 1EA1:05F2  Res  __RDDDISINHERIT
 1EA1:0642  Res  __RDDINHERIT
 1EA1:0704  Res  __XFTABLEGETPTR
 1EA1:0756  Res  __XFTABLEDISCARDPTR
 1EA1:07FA  Res  __RDDSERVERSHUTDOWN
 1EA1:0828  Res  RDDREGISTE
 1EA1:08DA  Res  RDDLIST
 1EA1:09F2  Res  __RDDEXTENDTYPE
 1EA1:0A8E  Res  __RDDFIELDTYPE
 1F53:0010  Res  __XPARAMERROR
 1F53:002A  Res  __XNOTABLEERROR
 1F53:0040  Res  __XSELECT
 1F53:00D2  Res  __STRIMTOUPPER
 20CD:0004  Res  __NETMESS
 20CD:0006  Res  __NETALCK
 20CD:004C  Res  __NETAUNL
 20CD:006C  Res  __NETFLCK
 20CD:008C  Res  __NETFUNL
 20CD:00AE  Res  __NETRLCK
 20CD:00D6  Res  __NETRUNL
 20CD:00FC  Res  __NETWHO
 20CD:0110  Res  NETNAME
 20CD:0190  Res  __INDEXEXCLLOCK
 20CD:01B4  Res  __INDEXEXCLUNLOCK
 20EA:0006  Res  __EMMALLOCPAGES
 20EB:000C  Res  __EMMCONTEXTSAVE
 20EB:001C  Res  __EMMCONTEXTREST
 20ED:000C  Res  __EMMDEALLOCPAGES
 20EE:000C  Res  __EMMMAPUNMAPPAGE
 20F0:0006  Res  __EMMGETPAGEFRAMESEG
 20F2:0000  Res  __EMMGETVERSION
 20F3:0008  Res  __BEEP_
 2276:0004  Res  _CDXTAGVALTOKEY
 2276:00BE  Res  _CDXTAGSKIP
 2276:07D0  Res  _CDXKEYSEEK
 2276:0FE8  Res  _CDXTAGGOTO
 2276:1090  Res  _CDXTAGINSERTKEY
 2276:23A0  Res  _CDXTAGDELETEKEY
 2276:2B4E  Res  __CDXGOCOLD
 2276:2F16  Res  _CDXTAGGOTOP
 2276:2F5C  Res  _CDXTAGGOBOTTOM
 2276:2FA4  Res  _CDXTAGGOSELF
 2276:310E  Res  _CDXTAGSEEK
 2276:3246  Res  __CDXKEYREFRESH
 2276:327C  Res  __CDXREBUILDKEYS
 25D0:000C  Res  __SWDOERROR
 25D0:00E2  Res  _SXDBFREAD
 25D0:03C6  Res  _SXDBFWRITE
 25D0:0648  Res  _SXDBFWRITEHEADER
 25D0:0782  Res  _GET_RECCOUNT
 25D0:07BE  Res  __SXDBFGOHOT
 25D0:0828  Res  __SXDBFGOCOLD
 25D0:088E  Res  __SXDBFGOTOID
 25D0:08D8  Res  __SXDBFGOTO
 25D0:09EA  Res  __SXDBFGOTOP
 25D0:0A2E  Res  __SXDBFGOBOTTOM
 25D0:0AA2  Res  __SXDBFSKIPRAW
 25D0:0B10  Res  __SXDBFSKIP
 25D0:0BD8  Res  __SXDBFFLUSH
 25D0:0CE6  Res  __SXDBFCLOSE
 25D0:0F98  Res  __SXDBFSETFIELDEXTENT
 25D0:0FD2  Res  __SXDBFADDFIELD
 25D0:1402  Res  __SWDEFALIAS
 25D0:1494  Res  __SXDBFOPEN
 25D0:182C  Res  __SXDBFCREATE
 25D0:1BAE  Res  __SXDBFNEW
 25D0:1BDA  Res  __SXDBFGETVARLEN
 25D0:1C4A  Res  __SXDBFGETVALUE
 25D0:1EAE  Res  __SXDBFPUTVALUE
 25D0:21DC  Res  __SXDBFBOF
 25D0:2212  Res  __SXDBFEOF
 25D0:2248  Res  __SXDBFFOUND
 25D0:227E  Res  __SXDBFLOCK
 25D0:22E0  Res  __SXDBFFLOCK
 25D0:2390  Res  __SXDBFAPPEND
 25D0:2672  Res  __SXDBFPUTREC
 25D0:26B8  Res  __SXDBFTRANSREC
 25D0:2786  Res  __SXDBFTRANS
 2851:0002  Res  __SWOURDRIVER
 2851:0132  Res  ___DBL2X
 286A:0004  Res  __TCREAT
 286A:001A  Res  __TUNLINK
 286A:002E  Res  __TOPEN
 286A:0044  Res  __TCLOSE
 286A:0054  Res  __TREAD
 286A:006E  Res  __TWRITE
 286A:0088  Res  __TLSEEK
 286A:00A2  Res  __TRENAME
 286A:00BC  Res  __TLOCK
 286A:00DC  Res  __TCOMMIT
 2878:000C  Res  __XVALLOC
 2878:0064  Res  __XVFREE
 2878:0090  Res  __XVREALLOC
 2878:00F8  Res  __XVLOCK
 2878:0142  Res  __XVWIRE
 2878:0188  Res  __XVUNLOCK
 2878:01D6  Res  __XVUNWIRE
 2878:01E6  Res  __XVLOCKCOUNT
 2878:0224  Res  __XVSIZE
 2878:0262  Res  __XVHEAPNEW
 2878:02D0  Res  __XVHEAPDESTROY
 2878:02E0  Res  __XVHEAPRESIZE
 2878:03D2  Res  __XVHEAPALLOC
 2878:0428  Res  __XVHEAPFREE
 2878:0478  Res  __XVHEAPLOCK
 2878:04E6  Res  __XVHEAPUNLOCK
 28CB:000A  Res  __DYN_INIT
 28CB:0015  Res  __DYN_RELEASE
 28CB:001C  Res  __DYN_GETNBRPAGES
 28CB:0054  Res  __DYN_GETPAGE
 28CB:00B9  Res  __DYN_FNAME
 28DE:0540  Res  __DYNX_READ
 28DE:068A  Res  __DYNXSLR
 294F:007A  Res  __ITEMSIZE
 294F:00BA  Res  __ITEMRELEASE
 294F:00D8  Res  __ITEMNEW
 294F:00E8  Res  __ITEMTYPE
 294F:00F6  Res  __ITEMPUTL
 294F:0126  Res  __ITEMPUTCL
 294F:0166  Res  __ITEMPUTC
 294F:018E  Res  __ITEMCOPYC
 294F:01D6  Res  __ITEMPUTNL
 294F:0208  Res  __ITEMPUTND
 294F:0252  Res  __ITEMPUTDS
 294F:02A8  Res  __ITEMGETC
 294F:02B6  Res  __ITEMFREEC
 294F:02CC  Res  __ITEMGETNL
 294F:02DA  Res  __ITEMGETL
 294F:02E6  Res  __ITEMGETDS
 294F:030E  Res  __ITEMGETND
 294F:0374  Res  __ITEMPARAM
 294F:03AC  Res  __ITEMRETURN
 294F:03D0  Res  __ITEMARRAYNEW
 294F:03EE  Res  __ITEMARRAYGET
 294F:042C  Res  __ITEMARRAYPUT
 294F:045A  Res  __EVALNEW
 294F:0480  Res  __EVALPUTPARAM
 294F:049E  Res  __EVALLAUNCH
 294F:05CC  Res  __EVALRELEASE
 29B2:0008  Pag  ADRBIG
 29B2:000F  Pag  PEGA_SENHA
 29B2:0016  Pag  FIM_PW
 29B2:0024  Pag  RDDSYS
 29B2:002B  Pag  SIXTOOLS
 29B2:0032  Pag  ODOMETER
 29B2:0040  Pag  BXR_07F9
 29B2:0047  Pag  BXR_06F9
 29B2:004E  Pag  BXR_02F9
 29B2:0055  Pag  BXR_01F9
 29B2:005C  Pag  BXREC
 29B2:0063  Pag  BXR_INCL
 29B2:006A  Pag  BXR_REL
 29B2:0071  Pag  BXR_ANT_SE
 29B2:0078  Pag  BXR_CRIA_S
 29B2:007F  Pag  BXR_GERA_S
 29B2:0086  Pag  BXR_GRAVA_
 29B2:008D  Pag  BXR_TELA
 29B2:0094  Pag  BXR_GETS
 29B2:009B  Pag  BXR_GET1
 29B2:00A2  Pag  ALE_01F9
 29B2:00A9  Pag  ALENDER
 29B2:00B0  Pag  ALE_INCL
 29B2:00B7  Pag  ALE_ANT_SE
 29B2:00BE  Pag  ALE_CRIA_S
 29B2:00C5  Pag  ALE_GERA_S
 29B2:00CC  Pag  ALE_GRAVA_
 29B2:00D3  Pag  ALE_TELA
 29B2:00DA  Pag  ALE_GETS
 29B2:00E1  Pag  ALE_GET1
 29B2:00E8  Pag  OBX_07F9
 29B2:00EF  Pag  OBX_01F9
 29B2:00F6  Pag  OBXEC
 29B2:00FD  Pag  OBX_INCL
 29B2:0104  Pag  OBX_REL
 29B2:010B  Pag  OBX_ANT_SE
 29B2:0112  Pag  OBX_CRIA_S
 29B2:0119  Pag  OBX_GERA_S
 29B2:0120  Pag  OBX_GRAVA_
 29B2:0127  Pag  OBX_TELA
 29B2:012E  Pag  OBX_GETS
 29B2:0135  Pag  OBX_GET1
 29B2:013C  Pag  GRU_01F9
 29B2:0143  Pag  GRU_02F9
 29B2:014A  Pag  GRUPOS
 29B2:0151  Pag  GRU_INCL
 29B2:0158  Pag  GRU_TELA
 29B2:015F  Pag  GRU_GETS
 29B2:0166  Pag  GRU_GET1
 29B2:016D  Pag  GRU_MEMO
 29B2:0174  Pag  TAX_INCL
 29B2:017B  Pag  TAX_TELA
 29B2:0182  Pag  TAX_GETS
 29B2:0189  Pag  TAX_GET1
 29B2:0190  Pag  ECO_INCL
 29B2:0197  Pag  ECO_TELA
 29B2:019E  Pag  ECO_GETS
 29B2:01A5  Pag  ECO_GET1
 29B2:01AC  Pag  INS_INCL
 29B2:01B3  Pag  INS_TELA
 29B2:01BA  Pag  INS_GETS
 29B2:01C1  Pag  INS_GET1
 29B2:01C8  Pag  CTAINSC
 29B2:01CF  Pag  CTXAS
 29B2:01D6  Pag  TAX_02F9
 29B2:01DD  Pag  INS_01F9
 29B2:01E4  Pag  INS_02F9
 29B2:01EB  Pag  GUI_07F9
 29B2:01F2  Pag  GUI_06F9
 29B2:01F9  Pag  GUI_08F9
 29B2:0200  Pag  GUI_02F9
 29B2:0207  Pag  GUIAS
 29B2:020E  Pag  GUI_INCL
 29B2:0215  Pag  GUI_REL
 29B2:021C  Pag  GUI_ANT_SE
 29B2:0223  Pag  GUI_CRIA_S
 29B2:022A  Pag  GUI_GERA_S
 29B2:0231  Pag  GUI_GRAVA_
 29B2:0238  Pag  GUI_TELA
 29B2:023F  Pag  GUI_GETS
 29B2:0246  Pag  GUI_GET1
 29B2:024D  Pag  MFILIAL
 29B2:0254  Pag  MFI_INCL
 29B2:025B  Pag  MFI_ANT_SE
 29B2:0262  Pag  MFI_CRIA_S
 29B2:0269  Pag  MFI_GERA_S
 29B2:0270  Pag  MFI_GRAVA_
 29B2:0277  Pag  MFI_TELA
 29B2:027E  Pag  MFI_GETS
 29B2:0285  Pag  MFI_GET1
 29B2:028C  Pag  ADP_R101
 29B2:029A  Pag  ADC_RX76
 29B2:02A8  Pag  GET_MSG
 29B2:02AF  Pag  R07701F9
 29B2:02B6  Pag  R07702F9
 29B2:02BD  Pag  CAD_04F9
 29B2:02C4  Pag  KINSCF9
 29B2:02CB  Pag  AFUNER
 29B2:02D2  Pag  AFU_INCL
 29B2:02D9  Pag  AFU_REL
 29B2:02E0  Pag  AFU_ANT_SE
 29B2:02E7  Pag  AFU_CRIA_S
 29B2:02EE  Pag  AFU_GERA_S
 29B2:02F5  Pag  AFU_GRAVA_
 29B2:02FC  Pag  AFU_TELA
 29B2:0303  Pag  AFU_GETS
 29B2:030A  Pag  AFU_GET1
 29B2:0311  Pag  R02001F9
 29B2:0318  Pag  R02002F9
 29B2:031F  Pag  ADM_R020
 29B2:032D  Pag  R02BP1F9
 29B2:0334  Pag  V02001F9
 29B2:033B  Pag  V02002F9
 29B2:0342  Pag  R02901F9
 29B2:0349  Pag  ADR_R029
 29B2:0357  Pag  RX2001F9
 29B2:035E  Pag  RX2002F9
 29B2:0365  Pag  ADM_RX20
 29B2:0373  Pag  RX2901F9
 29B2:037A  Pag  ADR_RX29
 29B2:0388  Pag  ADM_R029
 29B2:0396  Pag  ADM_R026
 29B2:03A4  Pag  ADM_R021
 29B2:03B2  Pag  DCI_P001
 29B2:03B9  Pag  DCI01F9
 29B2:03C0  Pag  DCI02F9
 29B2:03C7  Pag  DCI03F9
 29B2:03CE  Pag  DCI04F9
 29B2:03D5  Pag  ADM_RS18
 29B2:03E3  Pag  V01801F9
 29B2:03EA  Pag  ADM_R023
 29B2:03F8  Pag  V02301F9
 29B2:03FF  Pag  ADM_R022
 29B2:040D  Pag  R03001F9
 29B2:0414  Pag  ADM_R039
 29B2:0422  Pag  IMP_01F9
 29B2:0429  Pag  IMPPAR
 29B2:0430  Pag  IMP_INCL
 29B2:0437  Pag  IMP_TELA
 29B2:043E  Pag  IMP_GETS
 29B2:0445  Pag  IMP_GET1
 29B2:044C  Pag  MEDICOS
 29B2:0453  Pag  MED_INCL
 29B2:045A  Pag  MED_ANT_SE
 29B2:0461  Pag  MED_CRIA_S
 29B2:0468  Pag  MED_GERA_S
 29B2:046F  Pag  MED_GRAVA_
 29B2:0476  Pag  MED_TELA
 29B2:047D  Pag  MED_GETS
 29B2:0484  Pag  MED_GET1
 29B2:048B  Pag  MED_MEMO
 29B2:0492  Pag  TESPEC
 29B2:0499  Pag  TES_INCL
 29B2:04A0  Pag  TES_TELA
 29B2:04A7  Pag  TES_GETS
 29B2:04AE  Pag  TES_GET1
 29B2:04B5  Pag  JUROS
 29B2:04BC  Pag  JUR_INCL
 29B2:04C3  Pag  JUR_TELA
 29B2:04CA  Pag  JUR_GETS
 29B2:04D1  Pag  JUR_GET1
 29B2:04D8  Pag  TFILIAIS
 29B2:04DF  Pag  TFI_INCL
 29B2:04E6  Pag  TFI_TELA
 29B2:04ED  Pag  TFI_GETS
 29B2:04F4  Pag  TFI_GET1
 29B2:04FB  Pag  TFI_MEMO
 29B2:0502  Pag  ARQGRUP
 29B2:0509  Pag  ARQ_INCL
 29B2:0510  Pag  ARQ_TELA
 29B2:0517  Pag  ARQ_GETS
 29B2:051E  Pag  ARQ_GET1
 29B2:0525  Pag  REGIAO
 29B2:052C  Pag  REG_INCL
 29B2:0533  Pag  REG_ANT_SE
 29B2:053A  Pag  REG_CRIA_S
 29B2:0541  Pag  REG_GERA_S
 29B2:0548  Pag  REG_GRAVA_
 29B2:054F  Pag  REG_TELA
 29B2:0556  Pag  REG_GETS
 29B2:055D  Pag  REG_GET1
 29B2:0564  Pag  COB_01F9
 29B2:056B  Pag  COBRADOR
 29B2:0572  Pag  COB_INCL
 29B2:0579  Pag  COB_TELA
 29B2:0580  Pag  COB_GETS
 29B2:0587  Pag  COB_GET1
 29B2:058E  Pag  COB_MEMO
 29B2:0595  Pag  CLASSES
 29B2:059C  Pag  CLA_INCL
 29B2:05A3  Pag  CLA_ANT_SE
 29B2:05AA  Pag  CLA_CRIA_S
 29B2:05B1  Pag  CLA_GERA_S
 29B2:05B8  Pag  CLA_GRAVA_
 29B2:05BF  Pag  CLA_TELA
 29B2:05C6  Pag  CLA_GETS
 29B2:05CD  Pag  CLA_GET1
 29B2:05D4  Pag  CIRCULAR
 29B2:05DB  Pag  CIR_INCL
 29B2:05E2  Pag  CIR_TELA
 29B2:05E9  Pag  CIR_GETS
 29B2:05F0  Pag  CIR_GET1
 29B2:05F7  Pag  CPR_INCL
 29B2:05FE  Pag  CPR_TELA
 29B2:0605  Pag  CPR_GETS
 29B2:060C  Pag  CPR_GET1
 29B2:0613  Pag  PRCESSOS
 29B2:061A  Pag  PRC_INCL
 29B2:0621  Pag  PRC_TELA
 29B2:0628  Pag  PRC_GETS
 29B2:062F  Pag  PRC_GET1
 29B2:0636  Pag  FNCS
 29B2:063D  Pag  FNC_INCL
 29B2:0644  Pag  FNC_ANT_SE
 29B2:064B  Pag  FNC_CRIA_S
 29B2:0652  Pag  FNC_GERA_S
 29B2:0659  Pag  FNC_GRAVA_
 29B2:0660  Pag  FNC_TELA
 29B2:0667  Pag  FNC_GETS
 29B2:066E  Pag  FNC_GET1
 29B2:0675  Pag  FNC_MEMO
 29B2:067C  Pag  HISTORIC
 29B2:0683  Pag  HIS_INCL
 29B2:068A  Pag  HIS_ANT_SE
 29B2:0691  Pag  HIS_CRIA_S
 29B2:0698  Pag  HIS_GERA_S
 29B2:069F  Pag  HIS_GRAVA_
 29B2:06A6  Pag  HIS_TELA
 29B2:06AD  Pag  HIS_GETS
 29B2:06B4  Pag  HIS_GET1
 29B2:06BB  Pag  CSTSEG
 29B2:06C2  Pag  CST_INCL
 29B2:06C9  Pag  CST_TELA
 29B2:06D0  Pag  CST_GETS
 29B2:06D7  Pag  CST_GET1
 29B2:06DE  Pag  MEN_01F9
 29B2:06E5  Pag  MENSAG
 29B2:06EC  Pag  MEN_INCL
 29B2:06F3  Pag  MEN_ANT_SE
 29B2:06FA  Pag  MEN_CRIA_S
 29B2:0701  Pag  MEN_GERA_S
 29B2:0708  Pag  MEN_GRAVA_
 29B2:070F  Pag  MEN_TELA
 29B2:0716  Pag  MEN_GETS
 29B2:071D  Pag  MEN_GET1
 29B2:0724  Pag  MEN_MEMO
 29B2:072B  Pag  ORDPGRC
 29B2:0732  Pag  ORD_INCL
 29B2:0739  Pag  ORD_ANT_SE
 29B2:0740  Pag  ORD_CRIA_S
 29B2:0747  Pag  ORD_GERA_S
 29B2:074E  Pag  ORD_GRAVA_
 29B2:0755  Pag  ORD_TELA
 29B2:075C  Pag  ORD_GETS
 29B2:0763  Pag  ORD_GET1
 29B2:076A  Pag  PAR_ADM
 29B2:0771  Pag  PAR_TELA
 29B2:0778  Pag  PAR_GETS
 29B2:077F  Pag  PAR_GET1
 29B2:0786  Pag  ADR_ESTR
 29B2:078D  Pag  BXR_ESTR
 29B2:0794  Pag  ALE_ESTR
 29B2:079B  Pag  OBX_ESTR
 29B2:07A2  Pag  GRU_ESTR
 29B2:07A9  Pag  TAX_ESTR
 29B2:07B0  Pag  ECO_ESTR
 29B2:07B7  Pag  INS_ESTR
 29B2:07BE  Pag  GUI_ESTR
 29B2:07C5  Pag  AFU_ESTR
 29B2:07CC  Pag  IMP_ESTR
 29B2:07D3  Pag  MED_ESTR
 29B2:07DA  Pag  TES_ESTR
 29B2:07E1  Pag  JUR_ESTR
 29B2:07E8  Pag  TFI_ESTR
 29B2:07EF  Pag  ARQ_ESTR
 29B2:07F6  Pag  REG_ESTR
 29B2:07FD  Pag  COB_ESTR
 29B2:0804  Pag  CLA_ESTR
 29B2:080B  Pag  CIR_ESTR
 29B2:0812  Pag  CPR_ESTR
 29B2:0819  Pag  PRC_ESTR
 29B2:0820  Pag  FNC_ESTR
 29B2:0827  Pag  HIS_ESTR
 29B2:082E  Pag  CST_ESTR
 29B2:0835  Pag  MEN_ESTR
 29B2:083C  Pag  ORD_ESTR
 29B2:0843  Pag  PAR_ESTR
 29B2:084A  Pag  MFI_ESTR
 29B2:0851  Pag  ADR_ATRI
 29B2:0858  Pag  ADR_ATR1
 29B2:085F  Pag  ADR_ATR2
 29B2:0866  Pag  ADR_MENU
 29B2:086D  Pag  ADR_MANU
 29B2:0874  Pag  HELP_PROC
 29B2:087B  Pag  MKINX
 29B2:0882  Pag  CON_RX01
 29B2:0897  Pag  R001GF9
 29B2:089E  Pag  ABOUT
 29B2:08A5  Pag  ADR_PROC
 29B2:08AC  Pag  CBC1
 29B2:08B3  Pag  AJMOUSE
 29B2:08BA  Pag  BROWSE_REL
 29B2:08CF  Pag  DOSCOM
 29B2:08D6  Pag  PARAMETROS
 29B2:08DD  Pag  FILTRA
 29B2:08E4  Pag  FILTROINI
 29B2:08EB  Pag  VEOUTROS
 29B2:08F2  Pag  VE_CAMPOS
 29B2:08F9  Pag  INDTMP
 29B2:0900  Pag  REP
 29B2:0907  Pag  CONF
 29B2:090E  Pag  CLASS
 29B2:0915  Pag  CAPTURAARQ
 29B2:091C  Pag  CAPTURADIR
 29B2:0923  Pag  ESCOLHIDOU
 29B2:092A  Pag  LSTARQDIR
 29B2:0931  Pag  POSI
 29B2:0938  Pag  IMPRELA
 29B2:093F  Pag  REIMPTEL
 29B2:0946  Pag  EDIT
 29B2:094D  Pag  REGINICIO
 29B2:0954  Pag  INI_ARQ
 29B2:095B  Pag  FIM_ARQ
 29B2:0962  Pag  POSIPAI
 29B2:0969  Pag  IMP_FORM
 29B2:0970  Pag  PEGACHV2
 29B2:0977  Pag  GLOBAL
 29B2:097E  Pag  SUBNIVEL
 29B2:0985  Pag  INTREF
 29B2:098C  Pag  VE_REL
 29B2:0993  Pag  HELP
 29B2:099A  Pag  MHELP
 29B2:09A1  Pag  NADAFAZ
 29B2:09A8  Pag  INFOSIS
 29B2:09AF  Pag  TIRA_LANC
 29B2:09B6  Pag  FAZ_LANC
 29B2:09BD  Pag  MASENHA
 29B2:09C4  Pag  PWG_INCL
 29B2:09CB  Pag  PWG_TELA
 29B2:09D2  Pag  PWG_GETS
 29B2:09D9  Pag  PWG_GET1
 29B2:09E0  Pag  PWT_INCL
 29B2:09E7  Pag  PWT_TELA
 29B2:09EE  Pag  PWT_GETS
 29B2:09F5  Pag  PWT_GET1
 29B2:09FC  Pag  ERRORSYS
 29B2:0A03  Pag  ADR_FUNC
 29B2:0A0A  Pag  PTAB
 29B2:0A11  Pag  USEARQ
 29B2:0A18  Pag  CRIT
 29B2:0A1F  Pag  EDITA
 29B2:0A26  Pag  MOV_PTR
 29B2:0AB9  Pag  ADR_FUN2
 29B2:0AC0  Pag  CANC
 29B2:0AC7  Pag  ROLATELA
 29B2:0ACE  Pag  PEGAPAI
 29B2:0AD5  Pag  MENURELA
 29B2:0ADC  Pag  QUALRELA
 29B2:0AE3  Pag  OPCOES_REL
 29B2:0AEA  Pag  TP_SAIDA
 29B2:0AF1  Pag  TRANSCAMPO
 29B2:0AF8  Pag  ARQGER
 29B2:0AFF  Pag  PREPIMP
 29B2:0B06  Pag  CONFINCL
 29B2:0B0D  Pag  CONFEXCL
 29B2:0B14  Pag  CONFALT
 29B2:0B1B  Pag  ROLAPOP
 29B2:0B22  Pag  PEGADIR
 29B2:0B29  Pag  TRATADIR
 29B2:0B30  Pag  CRIADRV
 29B2:0B37  Pag  RCLA
 29B2:0B3E  Pag  COMPACTA
 29B2:0B45  Pag  CONFCORES
 29B2:0B4C  Pag  CONFPRN
 29B2:0B53  Pag  IMP_MARCA
 29B2:0B5A  Pag  IMP_PADRAO
 29B2:0B61  Pag  IMP_PORTA
 29B2:0B68  Pag  POE_GAUGE
 29B2:0B6F  Pag  POINTER_DB
 29B2:0B76  Pag  VDBF
 29B2:0B7D  Pag  MOUSETECLA
 29B2:0B8B  Pag  PWU_INCL
 29B2:0B92  Pag  PWU_TELA
 29B2:0B99  Pag  PWU_GETS
 29B2:0BA0  Pag  PWU_GET1
 29B2:0BA7  Pag  TROCASENHA
 29B2:0BAE  Pag  CRIADBF
 29B2:0BB5  Pag  IMPEXP
 29B2:0BBC  Pag  IMPCTL
 29B2:0BC3  Pag  IMPMEMO
 29B2:0BCA  Pag  MANUREF
 29B2:0BD8  Pag  ADR_OUTR
 29B2:0BDF  Pag  CALE
 29B2:0BE6  Pag  MAQCALC
 29B2:0BF4  Pag  VEINSCRITS
 29B2:0BFB  Pag  V00101F9
 29B2:0C02  Pag  V_CARENCIA
 29B2:0C09  Pag  XCRIPTOGRA
 29B2:0C10  Pag  XENCRIPT
 29B2:0C17  Pag  XDECRIPT
 29B2:0C1E  Pag  READMODAL
 29B2:0C25  Pag  GETREADER
 29B2:0C2C  Pag  AJUSTA_PIC
 29B2:0C33  Pag  GETAPPLYKE
 29B2:0C3A  Pag  GETPREVALI
 29B2:0C41  Pag  GETPOSTVAL
 29B2:0C48  Pag  GETDOSETKE
 29B2:0C72  Pag  __SETFORMA
 29B2:0C79  Pag  __KILLREAD
 29B2:0C80  Pag  GETACTIVE
 29B2:0C87  Pag  UPDATED
 29B2:0C8E  Pag  READEXIT
 29B2:0C95  Pag  READINSERT
 29B2:0CAA  Pag  RANGECHECK
 29B2:0CB1  Pag  READKILL
 29B2:0CB8  Pag  STORECARGO
 29B2:0CBF  Pag  STOREALL
 29B2:0CCD  Pag  IMPAC
 29B2:0CD4  Pag  EDIMEMO
 29B2:0CDB  Pag  MFUNC
 29B2:0CE2  Pag  MTAB
 29B2:0CE9  Pag  PWORD
 29B2:0CF0  Pag  VHORA
 29B2:0CF7  Pag  DLAPSO
 29B2:0CFE  Pag  CARDTYPE
 29B2:0D05  Pag  NMES
 29B2:0D0C  Pag  MMAA
 29B2:0D13  Pag  GDV1
 29B2:0D1A  Pag  VDV2
 29B2:0D21  Pag  VCGC
 29B2:0D28  Pag  EXT
 29B2:0D2F  Pag  BLOARQ
 29B2:0D36  Pag  REPBLO
 29B2:0D3D  Pag  DBOX
 29B2:0D59  Pag  JOGANOBUFF
 29B2:0D60  Pag  NOVAPOSI
 29B2:0D67  Pag  Q_TEC
 29B2:0D6E  Pag  LPAD
 29B2:0D75  Pag  CAIXA
 29B2:0D7C  Pag  NSEM
 29B2:0D83  Pag  MUDAFONTE
 29B2:0D8A  Pag  LEMANU
 29B2:0D91  Pag  ALERTA
 29B2:0D98  Pag  BLOREG
 29B2:0D9F  Pag  PARSE
 29B2:0DA6  Pag  GRELA
 29B2:0DAD  Pag  LRELA
 29B2:0DB4  Pag  SETS
 29B2:0DBB  Pag  ERROMSG
 29B2:0DC2  Pag  INVCOR
 29B2:0DC9  Pag  MUDA_PJ
 29B2:0DD0  Pag  MON_JAN_MO
 29B2:0DD7  Pag  MOUSE
 29B2:0DDE  Pag  MOUSECUR
 29B2:0DE5  Pag  MOUSEBOX
 29B2:0DEC  Pag  MOUSEGET
 29B2:0DF3  Pag  MOUSESET
 29B2:0DFA  Pag  NEXT_KEY
 29B2:0E01  Pag  IN_KEY
 29B2:0E0F  Pag  MONTA_BUFF
 29B2:0E16  Pag  KEYB_MAC
 29B2:0E1D  Pag  KEYBUFF
 29B2:0E24  Pag  INKY
 29B2:0E2B  Pag  POEHORA
 29B2:0E32  Pag  RESTSCR
 29B2:0E39  Pag  MOUSERAT
 29B2:0E40  Pag  NAOPISCA
 29B2:0E47  Pag  SERIAL
 29B2:0E4E  Pag  PARALELA
 29B2:0E55  Pag  MAIUSC
 29B2:0E8D  Pag  CBEAN
 29B2:0E94  Pag  CB39
 29B2:0E9B  Pag  CB25INT
 29B2:0EA2  Pag  CODBARRAS
 29B2:0EB0  Pag  EXTENSAO
 29B2:0EBE  Pag  SYSINIT
 29B2:0EC5  Pag  __SETCENTU
 29B2:0ECC  Pag  _EINSTVAR
 29B2:0ED3  Pag  __XSAVESCR
 29B2:0EDA  Pag  __XRESTSCR
 29B2:0EE8  Pag  __SETHELPK
 29B2:0EEF  Pag  GETNEW
 29B2:0EF6  Pag  __GETHASFO
 29B2:0EFD  Pag  __GETBUFFE
 29B2:0F04  Pag  __GETORIGI
 29B2:0F0B  Pag  __GETSETCA
 29B2:0F12  Pag  __GETSETBL
 29B2:0F19  Pag  __GETSETNA
 29B2:0F20  Pag  __GETSETPI
 29B2:0F27  Pag  __GETSETPB
 29B2:0F2E  Pag  __GETSETPR
 29B2:0F35  Pag  __GETSETSU
 29B2:0F3C  Pag  __GETSETEX
 29B2:0F43  Pag  __GETSETRE
 29B2:0F4A  Pag  __GETSETBU
 29B2:0F51  Pag  __GETBADDA
 29B2:0F58  Pag  __GETUNDO
 29B2:0F5F  Pag  __GETTODEC
 29B2:0F66  Pag  __GETDWLEF
 29B2:0F6D  Pag  READVAR
 29B2:0F7B  Pag  _DTXCONDSE
 29B2:0F82  Pag  DBCREATEIN
 29B2:0F89  Pag  DBSETINDEX
 29B2:0F90  Pag  DBCLEARIND
 29B2:0F97  Pag  DBREINDEX
 29B2:0F9E  Pag  DBSETORDER
 29B2:0FA5  Pag  INDEXEXT
 29B2:0FAC  Pag  INDEXKEY
 29B2:0FB3  Pag  __DBLOCATE
 29B2:0FBA  Pag  __DBCONTIN
 29B2:0FC8  Pag  __DBCOPY
 29B2:0FCF  Pag  __DBAPP
 29B2:0FD6  Pag  __FLEDIT
 29B2:0FE4  Pag  __DBSDF
 29B2:0FF2  Pag  SDF
 29B2:0FF9  Pag  STRZERO
 29B2:1000  Pag  AFILL
 29B2:1007  Pag  ACLONE
 29B2:100E  Pag  DEFPATH
 29B2:1015  Pag  __DEFPATH
 29B2:101C  Pag  ADIR
 29B2:1023  Pag  __TSETCARG
 29B2:102A  Pag  __TSETCOLU
 29B2:1031  Pag  __TCARGO
 29B2:1038  Pag  __TCOLUMN
 29B2:103F  Pag  __TCOLCOUN
 29B2:1046  Pag  __TSETRTOP
 29B2:104D  Pag  __TSETRLEF
 29B2:1054  Pag  __TSETRBOT
 29B2:105B  Pag  __TSETRRIG
 29B2:1062  Pag  __TSETHEAD
 29B2:1069  Pag  __TSETCOLS
 29B2:1070  Pag  __TSETFOOT
 29B2:1077  Pag  __TSETCOLO
 29B2:107E  Pag  __TSETSKIP
 29B2:1085  Pag  __TSETTOP
 29B2:108C  Pag  __TSETBOTT
 29B2:1093  Pag  __TADDCOLU
 29B2:109A  Pag  __TINSCOLU
 29B2:10A1  Pag  __TDELCOLU
 29B2:10A8  Pag  TBROWSENEW
 29B2:10AF  Pag  __CSETWIDT
 29B2:10B6  Pag  __CSETBLOC
 29B2:10BD  Pag  __CSETDEFC
 29B2:10C4  Pag  __CSETCOLO
 29B2:10CB  Pag  __CSETHEAD
 29B2:10D2  Pag  __CSETFOOT
 29B2:10D9  Pag  __CSETHSEP
 29B2:10E0  Pag  __CSETFSEP
 29B2:10E7  Pag  __CSETCOLS
 29B2:10EE  Pag  __CSETPICT
 29B2:10F5  Pag  TBCOLUMNNE
 29B2:110A  Pag  SIXCDX
 29B2:1111  Pag  SX_DEFTRIG
 29B2:1118  Pag  BLICALC50
 29B2:111F  Pag  BLIMEMAVL
 29B2:1126  Pag  BLIMEMMAX
 29B2:112D  Pag  BLPRFPRG
 29B2:1134  Pag  BLERRC50
 2AC7:0008  Ovl  __GETENV
 2AC7:0014  Ovl  __AWK
 2AC7:001A  Ovl  __SQU
 2AC7:0026  Ovl  __QUIT
 2AC7:002C  Ovl  __SYSINIT
 2AC7:0032  Ovl  __SYSSUSPEND
 2AC7:0038  Ovl  __SYSRESUME
 2AC7:003E  Ovl  __SYSEXIT
 2AC7:0044  Ovl  __SYSLEVEL
 2AC7:004A  Ovl  __SYSERRORLEVEL
 2AC7:0050  Ovl  __SYSPOSTARGS
 2AC7:0056  Ovl  ERRORLEVEL
 2AC7:0062  Ovl  __APPINITREGISTER
 2AC7:0068  Ovl  __APPMAIN
 2AC7:0092  Ovl  __APPEXITREGISTER
 2AC7:0098  Ovl  __APPEXIT
 2AC7:00A4  Ovl  __SYSTEM
 2AC7:00AA  Ovl  __RUN
 2AC7:00B6  Ovl  __ISENDP
 2AC7:00BC  Ovl  __CLASSSEL
 2AC7:00C2  Ovl  __CLASSINS
 2AC7:00C8  Ovl  __MDCREATE
 2AC7:00D4  Ovl  __MDADD
 2AC7:00DA  Ovl  __MDASSOCIATE
 2AC7:00EC  Ovl  __CLASSNEW
 2AC7:00F2  Ovl  __CLASSADD
 2AC7:0104  Ovl  __CLASSNAM
 2AC7:0110  Ovl  __TBNAME
 2AC7:0116  Ovl  PROCNAME
 2AC7:011C  Ovl  PROCLINE
 2AC7:0122  Ovl  PROCFILE
 2AC7:0128  Ovl  ACOPY
 2AC7:012E  Ovl  ADEL
 2AC7:0134  Ovl  AINS
 2AC7:013A  Ovl  ATAIL
 2AC7:0152  Ovl  __MSAVE
 2AC7:0158  Ovl  __MRESTORE
 2AC7:0164  Ovl  __MXRELEAS
 2AC7:016A  Ovl  __MRELEASE
 2AC7:0170  Ovl  __MCLEAR
 2AC7:0188  Ovl  __CREATEERRORDICT
 2AC7:019A  Ovl  __IENDSEQ
 2AC7:01A0  Ovl  __END_SEQ
 2AC7:01A6  Ovl  __SEQREG
 2AC7:01AC  Ovl  __IBEGINSEQ
 2AC7:01B2  Ovl  __IBREAKCONT
 2AC7:01BE  Ovl  _MALLOC
 2AC7:01C4  Ovl  _FREE
 2AC7:01CA  Ovl  __FMALLOC
 2AC7:01D0  Ovl  __FFREE
 2AC7:01D6  Ovl  __NMALLOC
 2AC7:01DC  Ovl  __NFREE
 2AC7:01F4  Ovl  __COUTSTD
 2AC7:01FA  Ovl  __ERRMSG
 2AC7:0200  Ovl  __COUTERR
 2AC7:0206  Ovl  __ERRMSGN
 2AC7:020C  Ovl  __NONOALER
 2AC7:0212  Ovl  OUTSTD
 2AC7:0218  Ovl  ALERT
 2AC7:021E  Ovl  OUTERR
 2AC7:0224  Ovl  __OUTINI
 2AC7:0230  Ovl  ISCOLOR
 2AC7:0236  Ovl  SETMODE
 2AC7:023C  Ovl  NOSNOW
 2AC7:0248  Ovl  MAXROW
 2AC7:024E  Ovl  MAXCOL
 2AC7:025A  Ovl  SAVESCREEN
 2AC7:0260  Ovl  RESTSCREEN
 2AC7:0266  Ovl  SCROLL
 2AC7:0278  Ovl  __GETSETUP
 2AC7:027E  Ovl  __GETCLASS
 2AC7:028A  Ovl  __GETCDISP
 2AC7:0290  Ovl  __TOGET
 2AC7:0296  Ovl  __GETROW
 2AC7:02A2  Ovl  __GETCOL
 2AC7:02A8  Ovl  _DISPLAYTHEGET
 2AC7:02AE  Ovl  _GETGETCONTEXT
 2AC7:02B4  Ovl  _SETGETCONTEXT
 2AC7:02BA  Ovl  __GETSETRO
 2AC7:02C0  Ovl  __GETSETCO
 2AC7:02C6  Ovl  __GETVARGE
 2AC7:02CC  Ovl  __GETVARPU
 2AC7:02D2  Ovl  __GET
 2AC7:02D8  Ovl  __GETA
 2AC7:02E4  Ovl  __GETCOLOR
 2AC7:02EA  Ovl  __GETSETCS
 2AC7:0302  Ovl  __GETTYPE
 2AC7:030E  Ovl  __GETSETFO
 2AC7:0320  Ovl  __GETPOS
 2AC7:032C  Ovl  __GETINSER
 2AC7:0338  Ovl  __GETDECPO
 2AC7:033E  Ovl  __GETOVERS
 2AC7:034A  Ovl  __GETCHANG
 2AC7:0350  Ovl  __GETKILLF
 2AC7:0356  Ovl  __GETCLEAR
 2AC7:035C  Ovl  __GETLEFT
 2AC7:0362  Ovl  __GETRIGHT
 2AC7:036E  Ovl  __GETASSIG
 2AC7:0374  Ovl  __GETMINUS
 2AC7:037A  Ovl  __GETHOME
 2AC7:0386  Ovl  __GETEND
 2AC7:038C  Ovl  __GETTYPEO
 2AC7:0392  Ovl  __GETWORDL
 2AC7:039E  Ovl  __GETWORDR
 2AC7:03A4  Ovl  __GETREJEC
 2AC7:03AA  Ovl  __GETDELET
 2AC7:03B6  Ovl  __GETWORDD
 2AC7:03BC  Ovl  __GETSETPO
 2AC7:03C2  Ovl  __GETRITED
 2AC7:03C8  Ovl  __GETBACKS
 2AC7:03CE  Ovl  __GETUPDAT
 2AC7:03D4  Ovl  __GETSETCH
 2AC7:03EC  Ovl  __GETUNTRA
 2AC7:03FE  Ovl  __GETREFOR
 2AC7:0404  Ovl  __GETSETCL
 2AC7:040A  Ovl  __GETRESET
 2AC7:041C  Ovl  __GETSETMI
 2AC7:0422  Ovl  __GETDISPL
 2AC7:042E  Ovl  ORDFOR
 2AC7:0434  Ovl  ORDLISTADD
 2AC7:043A  Ovl  ORDCONDSET
 2AC7:0440  Ovl  ORDDESTROY
 2AC7:0446  Ovl  ORDLISTCLE
 2AC7:044C  Ovl  ORDCREATE
 2AC7:0452  Ovl  ORDLISTREB
 2AC7:0458  Ovl  ORDSETFOCU
 2AC7:045E  Ovl  ORDBAGEXT
 2AC7:046A  Ovl  ORDBAGNAME
 2AC7:0470  Ovl  ORDNAME
 2AC7:0476  Ovl  ORDNUMBER
 2AC7:047C  Ovl  ORDKEY
 2AC7:0482  Ovl  INDEXORD
 2AC7:0494  Ovl  RDDNAME
 2AC7:049A  Ovl  __DBCMDSLR
 2AC7:04A0  Ovl  RDDSETDEFA
 2AC7:04A6  Ovl  DBSETDRIVE
 2AC7:04AC  Ovl  DBCLOSEALL
 2AC7:04B2  Ovl  DBCLOSEARE
 2AC7:04B8  Ovl  DBUSEAREA
 2AC7:04BE  Ovl  __DEFDRIVER
 2AC7:04C4  Ovl  DBTABLEEXT
 2AC7:04D0  Ovl  DBAPPEND
 2AC7:04D6  Ovl  __FLOCK
 2AC7:04DC  Ovl  DBDELETE
 2AC7:04E2  Ovl  __AXPROUT
 2AC7:04E8  Ovl  __EOF
 2AC7:04EE  Ovl  DBSELECTAR
 2AC7:04F4  Ovl  DBRECALL
 2AC7:04FA  Ovl  __BOF
 2AC7:0500  Ovl  __DBPACK
 2AC7:0506  Ovl  DBEVAL
 2AC7:050C  Ovl  __FOUND
 2AC7:0512  Ovl  __DBZAP
 2AC7:0518  Ovl  __DELETED
 2AC7:051E  Ovl  DBSEEK
 2AC7:0524  Ovl  DBCOMMIT
 2AC7:052A  Ovl  __RECNO
 2AC7:0530  Ovl  DBCOMMITAL
 2AC7:0536  Ovl  __LASTREC
 2AC7:053C  Ovl  __FIELDNAME
 2AC7:0542  Ovl  DBUNLOCK
 2AC7:0548  Ovl  DBUNLOCKAL
 2AC7:054E  Ovl  DBSKIP
 2AC7:0554  Ovl  __FCOUNT
 2AC7:055A  Ovl  __FSELECT0
 2AC7:0560  Ovl  DBRLOCKLIS
 2AC7:0566  Ovl  __FSELECT1
 2AC7:056C  Ovl  DBGOTOP
 2AC7:0572  Ovl  DBRLOCK
 2AC7:057E  Ovl  USED
 2AC7:0584  Ovl  DBGOBOTTOM
 2AC7:058A  Ovl  ALIAS
 2AC7:0596  Ovl  DBGOTO
 2AC7:059C  Ovl  DBRUNLOCK
 2AC7:05A2  Ovl  __AXPRIN
 2AC7:05A8  Ovl  __LOCK
 2AC7:05AE  Ovl  __V2ALIAS
 2AC7:05B4  Ovl  __XAPPEND
 2AC7:05C0  Ovl  DBCLEARFIL
 2AC7:05C6  Ovl  DBSETFILTE
 2AC7:05CC  Ovl  DBFILTER
 2AC7:05D2  Ovl  DBCLEARREL
 2AC7:05D8  Ovl  DBSETRELAT
 2AC7:05DE  Ovl  DBRELATION
 2AC7:05E4  Ovl  DBRSELECT
 2AC7:05F0  Ovl  __DBTRANS
 2AC7:05F6  Ovl  __DBTRANSR
 2AC7:05FC  Ovl  __DBFIELDINDEX
 2AC7:0602  Ovl  ___DBBUILDTRANS
 2AC7:060E  Ovl  __DBSETLOC
 2AC7:0614  Ovl  __DBSETFOU
 2AC7:0620  Ovl  HEADER
 2AC7:0626  Ovl  RECSIZE
 2AC7:062C  Ovl  LUPDATE
 2AC7:063E  Ovl  DBSTRUCT
 2AC7:0656  Ovl  __DBOPENSD
 2AC7:065C  Ovl  DBCREATE
 2AC7:0668  Ovl  __SDFOPEN
 2AC7:066E  Ovl  __SDFCREATE
 2AC7:0674  Ovl  __SDFDELETE
 2AC7:067A  Ovl  __SDFGOTOP
 2AC7:0686  Ovl  __SDFDELETED
 2AC7:068C  Ovl  __SDFSKIP
 2AC7:0692  Ovl  __SDFEOF
 2AC7:069E  Ovl  __SDFGETVALUE
 2AC7:06A4  Ovl  __SDFAPPEND
 2AC7:06B0  Ovl  __SDFNEW
 2AC7:06B6  Ovl  __SDFCLOSE
 2AC7:06BC  Ovl  __SDFSTRUCTSIZE
 2AC7:06C8  Ovl  __SDFSYSNAME
 2AC7:06D4  Ovl  __SDFSETFIELDEXTENT
 2AC7:06DA  Ovl  __SDFPUTVALUE
 2AC7:06E0  Ovl  __SDFADDFIELD
 2AC7:06EC  Ovl  __SDFGETFUNCTABLE
 2AC7:06F2  Ovl  _SDFINIT
 2AC7:06FE  Ovl  FSEEK
 2AC7:0704  Ovl  FCREATE
 2AC7:070A  Ovl  FERASE
 2AC7:0710  Ovl  FOPEN
 2AC7:0716  Ovl  FRENAME
 2AC7:071C  Ovl  FERROR
 2AC7:0722  Ovl  FCLOSE
 2AC7:0728  Ovl  FREAD
 2AC7:072E  Ovl  FREADSTR
 2AC7:0734  Ovl  FWRITE
 2AC7:0740  Ovl  __EMMGETALLOCPAGECOUNT
 2AC7:0746  Ovl  __EMMGETTOTALPAGECOUNT
 2AC7:074C  Ovl  __EMMGETUNALLOCPAGECOUNT
 2AC7:0758  Ovl  __EMMINSTALLED
 2AC7:075E  Ovl  __EXACTCMP
 2AC7:076A  Ovl  GETENV
 2AC7:0770  Ovl  GETE
 2AC7:0776  Ovl  DISKSPACE
 2AC7:0782  Ovl  CURDIR
 2AC7:0788  Ovl  ISPRINTER
 2AC7:078E  Ovl  TONE
 2AC7:0794  Ovl  I2BIN
 2AC7:079A  Ovl  BIN2I
 2AC7:07A0  Ovl  L2BIN
 2AC7:07A6  Ovl  BIN2L
 2AC7:07AC  Ovl  BIN2W
 2AC7:07B2  Ovl  ALLTRIM
 2AC7:07B8  Ovl  RIGHT
 2AC7:07BE  Ovl  DESCEND
 2AC7:07C4  Ovl  RAT
 2AC7:07CA  Ovl  PADL
 2AC7:07D0  Ovl  PADR
 2AC7:07D6  Ovl  PADC
 2AC7:07DC  Ovl  STRTRAN
 2AC7:07E2  Ovl  MEMOREAD
 2AC7:07E8  Ovl  MEMOLINE
 2AC7:07EE  Ovl  MLCOUNT
 2AC7:07FA  Ovl  _LINELEN
 2AC7:0800  Ovl  _FETCHAR
 2AC7:080C  Ovl  _ASCANSUB
 2AC7:0812  Ovl  ASCAN
 2AC7:081E  Ovl  ASORT
 2AC7:0848  Ovl  DIRECTORY
 2AC7:0878  Ovl  MEMOEDIT
 2AC7:0992  Ovl  __TOTBROWS
 2AC7:099E  Ovl  __XTBRSETUP
 2AC7:09C2  Ovl  __CCLASSNA
 2AC7:09C8  Ovl  __TOTBCOLU
 2AC7:09E0  Ovl  __TCURSROW
 2AC7:09E6  Ovl  _PAN
 2AC7:09F2  Ovl  __TROWCOUN
 2AC7:09F8  Ovl  __TLEFTVIS
 2AC7:0A04  Ovl  __TRIGHTVI
 2AC7:0A0A  Ovl  __TUP
 2AC7:0A10  Ovl  __TCURSCOL
 2AC7:0A16  Ovl  __TDOWN
 2AC7:0A1C  Ovl  __TBBANG
 2AC7:0A2E  Ovl  __TLEFT
 2AC7:0A34  Ovl  __TEBANG
 2AC7:0A46  Ovl  __TRIGHT
 2AC7:0A4C  Ovl  __TSTABLE
 2AC7:0A52  Ovl  __TINVALID
 2AC7:0A58  Ovl  __TPGUP
 2AC7:0A5E  Ovl  __TAUTOLIT
 2AC7:0A64  Ovl  __TREFRESH
 2AC7:0A6A  Ovl  __TPGDN
 2AC7:0A70  Ovl  __TFREEZE
 2AC7:0A7C  Ovl  __TLINEFRE
 2AC7:0A82  Ovl  __THOME
 2AC7:0A88  Ovl  __TSETCONF
 2AC7:0A8E  Ovl  __TSTABILI
 2AC7:0A9A  Ovl  __TBEND
 2AC7:0AA6  Ovl  __TPANLEFT
 2AC7:0AB2  Ovl  __TFORCEST
 2AC7:0AB8  Ovl  __TPANRIGH
 2AC7:0ABE  Ovl  __TGOTOP
 2AC7:0AC4  Ovl  __TSETCURR
 2AC7:0AD0  Ovl  __TGOBOTTO
 2AC7:0AD6  Ovl  __TCLASSNA
 2AC7:0ADC  Ovl  __TPANHOME
 2AC7:0AE2  Ovl  __TSETCURC
 2AC7:0AF4  Ovl  __TPANEND
 2AC7:0AFA  Ovl  __THILITE
 2AC7:0B00  Ovl  __TDEHILIT
 2AC7:0B06  Ovl  __TSETBBAN
 2AC7:0B0C  Ovl  __TCOLORRE
 2AC7:0B1E  Ovl  __TSETEBAN
 2AC7:0B3C  Ovl  __TSETSTAB
 2AC7:0B48  Ovl  __TSETAUTO
 2AC7:0B54  Ovl  __TCOLWIDT
 2AC7:0B5A  Ovl  __TSETFREE
 2AC7:0B6C  Ovl  _CDXINIT
 2AC7:0B72  Ovl  __CDXPLACEKEYP
 2AC7:0B78  Ovl  __CDXNEW
 2AC7:0B7E  Ovl  __CDXGETFUNCTABLE
 2AC7:0B84  Ovl  _CDXOPTIMIZE4SPEED
 2AC7:0B8A  Ovl  __CDXWEP
 2AC7:0B96  Ovl  __CDXORDERINFO
 2AC7:0B9C  Ovl  __CDXSTRUCTSIZE
 2AC7:0BA2  Ovl  __CDXGOHOT
 2AC7:0BA8  Ovl  __CDXGOTOP
 2AC7:0BAE  Ovl  __CDXGOBOTTOM
 2AC7:0BBA  Ovl  __CDXSYSNAME
 2AC7:0BC0  Ovl  __CDXGOTO
 2AC7:0BC6  Ovl  __CDXPACK
 2AC7:0BCC  Ovl  __CDXZAPTABLE
 2AC7:0BD2  Ovl  __CDXGOTOID
 2AC7:0BD8  Ovl  __CDXINDEXEXPR
 2AC7:0BDE  Ovl  __CDXFLUSH
 2AC7:0BE4  Ovl  __CDXFORCEREL
 2AC7:0BEA  Ovl  __CDXSORT
 2AC7:0BF0  Ovl  __CDXORDERLISTCLEAR
 2AC7:0BF6  Ovl  __CDXORDERBAGEXT
 2AC7:0C02  Ovl  __CDXOPEN
 2AC7:0C08  Ovl  __CDXCLOSE
 2AC7:0C0E  Ovl  __CDXORDERCREATE
 2AC7:0C14  Ovl  __CDXORDERLISTADD
 2AC7:0C2C  Ovl  _CDXINDEXCREATE
 2AC7:0C32  Ovl  __CDXISREINDEX
 2AC7:0C38  Ovl  __CDXPLACEKEY
 2AC7:0C3E  Ovl  _CDXINITTAGINDEX
 2AC7:0C5C  Ovl  __CDXORDERLISTREBUILD
 2AC7:0CE6  Ovl  _CDXINDEXGROW
 2AC7:0CEC  Ovl  _CDXINDEXSHRINK
 2AC7:0CF8  Ovl  __CDXCHKEXPR
 2AC7:0CFE  Ovl  __CDXALIASXLATE
 2AC7:0D0A  Ovl  _CDXINDEXOPEN
 2AC7:0D16  Ovl  _CDXLOCK
 2AC7:0D1C  Ovl  _CDXUNLOCK
 2AC7:0D28  Ovl  _CDXTAGUNLOCK
 2AC7:0D2E  Ovl  _CDXTAGLOCK
 2AC7:0D34  Ovl  __CDXTAGFINDKEY
 2AC7:0D4C  Ovl  __SMTAMEMOSIZE
 2AC7:0D52  Ovl  __SMTARRAYTOMEMO
 2AC7:0D58  Ovl  __SMTWRITEARRAY
 2AC7:0D5E  Ovl  __SMTMEMOTOARRAY
 2AC7:0D76  Ovl  _SXDBFINIT
 2AC7:0D7C  Ovl  __SXDBFPLACERECP
 2AC7:0D82  Ovl  __SXDBFGETFUNCTABLE
 2AC7:0D8E  Ovl  __SXDBFRECCOUNT
 2AC7:0D94  Ovl  __SXDBFCHILDSYNC
 2AC7:0D9A  Ovl  __SXDBFSYSNAME
 2AC7:0DA0  Ovl  __SXDBFPACK
 2AC7:0DA6  Ovl  __SXDBFSTRUCTSIZE
 2AC7:0DAC  Ovl  __SXDBFCHILDEND
 2AC7:0DB2  Ovl  __SXDBFCHILDSTART
 2AC7:0DB8  Ovl  __SXDBFZAP
 2AC7:0DBE  Ovl  __SXDBFDELETE
 2AC7:0DC4  Ovl  __SXDBFRECALL
 2AC7:0DCA  Ovl  __SXDBFPLACEREC
 2AC7:0DD0  Ovl  __SXDBFINFO
 2AC7:0DD6  Ovl  __SXDBFSORT
 2AC7:0DE2  Ovl  __SXDBFDELETED
 2AC7:0DE8  Ovl  __SXDBFFORCEREL
 2AC7:0DEE  Ovl  __SXDBFSETFILTER
 2AC7:0DF4  Ovl  __SXDBFRECNO
 2AC7:0E00  Ovl  SX_ENCRYPT
 2AC7:0E06  Ovl  SX_DECRYPT
 2AC7:0E0C  Ovl  __SX_ENCRYPT
 2AC7:0E12  Ovl  __SX_SETSEED
 2AC7:0E18  Ovl  SX_SETPASS
 2AC7:0E1E  Ovl  __SX_DECRYPT
 2AC7:0E24  Ovl  __SX_SETKEY
 2AC7:0E30  Ovl  __SWOPENER
 2AC7:0E36  Ovl  _SWFLENGTH
 2AC7:0E42  Ovl  SX_ISREIND
 2AC7:0E48  Ovl  SX_KEYSINC
 2AC7:0E4E  Ovl  SX_STEP
 2AC7:0E54  Ovl  SX_I_INDEX
 2AC7:0E5A  Ovl  SX_I_TAGNA
 2AC7:0E66  Ovl  __SWORDERASNUMBER
 2AC7:0E6C  Ovl  __SWORDERLISTFOCUS
 2AC7:0E72  Ovl  __SWORDSET
 2AC7:0E78  Ovl  _SWINDEXCLOSE
 2AC7:0E7E  Ovl  __SWNUKETAG
 2AC7:0E84  Ovl  __SWADJUSTLIST
 2AC7:0E90  Ovl  __SWSEEK
 2AC7:0E96  Ovl  __SWSKIPRAW
 2AC7:0EA2  Ovl  SX_KILLTAG
 2AC7:0EA8  Ovl  __SWORDERDESTROY
 2AC7:0EB4  Ovl  SX_TAGDELE
 2AC7:0EC6  Ovl  __SEXRLCK
 2AC7:0ECC  Ovl  __SEXRUNL
 2AC7:0ED2  Ovl  __SEXFLCK
 2AC7:0ED8  Ovl  __SEXFUNL
 2AC7:0EDE  Ovl  __SEXALCK
 2AC7:0EE4  Ovl  __SEXAUNL
 2AC7:0EEA  Ovl  __SEXWPCHK
 2AC7:0EF0  Ovl  _SEXLOCK
 2AC7:0EF6  Ovl  _SEXUNLOCK
 2AC7:0F02  Ovl  __SWFINDFREEBLOCK
 2AC7:0F08  Ovl  __SWFLUSHMEMOROOT
 2AC7:0F0E  Ovl  __SWISFREEBLOCK
 2AC7:0F14  Ovl  __SWINSERTFREEBLOCK
 2AC7:0F1A  Ovl  __SWKILLMEMOROOT
 2AC7:0F20  Ovl  __SWEXPANDLASTBLOCK
 2AC7:0F26  Ovl  __SWREADMEMOROOT
 2AC7:0F2C  Ovl  __SWGETFREEBLOCK
 2AC7:0F38  Ovl  __SXENCMEMOREAD
 2AC7:0F3E  Ovl  __SXENCMEMOWRITE
 2AC7:0F4A  Ovl  __SWCONDCLEAR
 2AC7:0F50  Ovl  __SEXORDERCONDITION
 2AC7:0F56  Ovl  _SXCONDSET
 2AC7:0F62  Ovl  ___CDXPAGEREAD
 2AC7:0F68  Ovl  ___CDXPAGEAPPEND
 2AC7:0F6E  Ovl  ___NSXPAGEREAD
 2AC7:0F74  Ovl  ___NSXPAGEREADLOCK
 2AC7:0F7A  Ovl  ___CDXPAGEREADLOCK
 2AC7:0F86  Ovl  __SXISLOCKED
 2AC7:0F8C  Ovl  __SXRLOCK
 2AC7:0F92  Ovl  __SXUNLOCK
 2AC7:0F98  Ovl  __SXGETLOCKS
 2AC7:0F9E  Ovl  __SXDBFUNLOCK
 2AC7:0FAA  Ovl  _SWFINDTAG
 2AC7:0FB0  Ovl  __SWSURFACE
 2AC7:0FB6  Ovl  _SWFINDINDEX
 2AC7:0FC2  Ovl  _SX_TRIGVA
 2AC7:0FC8  Ovl  SX_SETTRIG
 2AC7:0FCE  Ovl  __SXCALLTRIGGER
 2AC7:0FDA  Ovl  __SXPARSENAME
 2AC7:0FE0  Ovl  __SXGETEXT
 2AC7:0FE6  Ovl  __CDXSWAPBYTES
 2AC7:0FEC  Ovl  __SEXTRIM_N
 2AC7:0FF2  Ovl  __SXMAKESTR
 2AC7:0FF8  Ovl  __CLIPALLOC
 2AC7:0FFE  Ovl  __CLIPFREE
 2AC7:1004  Ovl  __SXNAMEEXT
 2AC7:1010  Ovl  __SXSMARTUPPER
 2AC7:1016  Ovl  __SWOURDBFDRIVER
 2AC7:101C  Ovl  _SWPARM2TYPE
 2AC7:1022  Ovl  __SXSWAPBYTES
 2AC7:102E  Ovl  __VFGETLEN
 2AC7:103A  Ovl  __VFGETBLOCK
 2AC7:1040  Ovl  SX_DTOP
 2AC7:1046  Ovl  SX_PTOD
 2AC7:1058  Ovl  __VFPUTBLOCK
 2AC7:105E  Ovl  SX_VFGET
 2AC7:106A  Ovl  __VFPUTVALUE
 2AC7:1070  Ovl  __VFGETVALUE
 2AC7:1076  Ovl  __VFGETTYPE
 2AC7:1082  Ovl  ___M6FREESIMPLE
 2AC7:1088  Ovl  ___M6CREATEMAP
 2AC7:109A  Ovl  ___M6CASEAND
 2AC7:10A0  Ovl  ___M6CASENOT
 2AC7:10A6  Ovl  ___M6CASEOR
 2AC7:10B2  Ovl  ___M6INITSTRUCTS
 2AC7:10B8  Ovl  __M6STRUCTSIZE
 2AC7:10BE  Ovl  __M6GOCOLD
 2AC7:10C4  Ovl  __M6CLOSE
 2AC7:10CA  Ovl  __M6SETFILTER
 2AC7:10D0  Ovl  __M6CLEARFILTER
 2AC7:10D6  Ovl  __M6PACK
 2AC7:10E2  Ovl  ___M6EQUALS
 2AC7:10E8  Ovl  ___M6CURRENT
 2AC7:10F4  Ovl  M6_RECCOUN
 2AC7:10FA  Ovl  _M6SET
 2AC7:1100  Ovl  ___M6RECCOUNT
 2AC7:1106  Ovl  M6_ERROR
 2AC7:110C  Ovl  ___M6ERROR
 2AC7:1118  Ovl  ___M6FREETOKE
 2AC7:111E  Ovl  ___M6DROPMAP
 2AC7:1124  Ovl  ___M6EVALUATE
 2AC7:1130  Ovl  ___M6NEXTFILTERREC
 2AC7:1136  Ovl  ___M6NEXTBITRAW
 2AC7:113C  Ovl  __M6SKIPFILTER
 2AC7:1148  Ovl  ___M6INITFILTER
 2AC7:114E  Ovl  ___M6KILLFILTER
 2AC7:1154  Ovl  M6_ISFILTE
 2AC7:115A  Ovl  M6_REFRESH
 2AC7:1160  Ovl  M6_DBFILTE
 2AC7:1166  Ovl  ___M6GETVALUE
 2AC7:116C  Ovl  ___M6GREATER
 2AC7:1172  Ovl  M6INIT
 2AC7:1178  Ovl  ___M6INSTR
 2AC7:1184  Ovl  ___M6FOXEMPTY
 2AC7:118A  Ovl  ___M6FOXDATA
 2AC7:1190  Ovl  ___M6ISKEY
 2AC7:1196  Ovl  ___M6ISKEYEXPR
 2AC7:119C  Ovl  ___M6ALIASTRIM
 2AC7:11A8  Ovl  ___M6ISOPT
 2AC7:11AE  Ovl  _M6ISOPTIM
 2AC7:11B4  Ovl  ___M6LESS
 2AC7:11C0  Ovl  ___M6MAPCOPY
 2AC7:11C6  Ovl  M6_FILTCOP
 2AC7:11CC  Ovl  ___M6FREELOCATE
 2AC7:11D2  Ovl  _M6CONTINU
 2AC7:11DE  Ovl  ___M6EVALAND
 2AC7:11E4  Ovl  ___M6EVALOR
 2AC7:11EA  Ovl  ___M6EVALNOT
 2AC7:11F0  Ovl  ___M6EVALXOR
 2AC7:11F6  Ovl  ___M6NOTEQUALS
 2AC7:1202  Ovl  ___M6OPTIMIZEDELETED
 2AC7:1208  Ovl  ___M6OPTIMIZEPARTIAL
 2AC7:120E  Ovl  __M6OURDRIVER
 2AC7:1214  Ovl  ___M6ISRANGE
 2AC7:1220  Ovl  ___M6ISUPPER
 2AC7:1226  Ovl  ___M6ISYEARDATE
 2AC7:122C  Ovl  ___M6ISYEARDTOS
 2AC7:1232  Ovl  ___M6ISEMPTY
 2AC7:124A  Ovl  ___M6STACKEXPR
 2AC7:1250  Ovl  ___M6ISBADEXPR
 2AC7:1256  Ovl  ___M6STACKAND
 2AC7:125C  Ovl  ___M6STACKOR
 2AC7:1262  Ovl  ___M6STACKNOT
 2AC7:1268  Ovl  ___M6SIMPSTRING
 2AC7:1274  Ovl  ___M6ISSUBSTR
 2AC7:127A  Ovl  ___M6MEMCHR
 2AC7:1280  Ovl  ___M6INCSTR
 2AC7:1286  Ovl  ___M6AREYOUSPACED
 2AC7:128C  Ovl  ___M6MATCHPAREN
 2AC7:1292  Ovl  ___M6MATCHPARENQ
 2AC7:1298  Ovl  ___M6SETWHILE
 2AC7:12B0  Ovl  ___M6MATCHBRACK
 2AC7:12B6  Ovl  ___M6TOKENIZE
 2AC7:12CE  Ovl  ___M6TRANSP
 2AC7:12D4  Ovl  ___M6KIND
 2AC7:12DA  Ovl  ___M6PRIORITY
 2AC7:12E0  Ovl  ___M6TRANSLATE
 2AC7:12EC  Ovl  ___M6NEWMAP
 2AC7:12F2  Ovl  ___M6BITNO
 2AC7:12F8  Ovl  ___M6UNLOCKALL
 2AC7:12FE  Ovl  ___M6FREEMAP
 2AC7:1304  Ovl  ___M6NEXTHANDLE
 2AC7:130A  Ovl  ___M6HANDLE2MAP
 2AC7:1310  Ovl  ___M6TOUCHBIT
 2AC7:1316  Ovl  ___M6ISSET
 2AC7:131C  Ovl  ___M6GOBIT
 2AC7:1322  Ovl  ___M6NEXTBIT
 2AC7:1328  Ovl  ___M6BITCOUNT
 2AC7:132E  Ovl  ___M6ISMAPEMPTY
 2AC7:1334  Ovl  _M6ERROR
 2AC7:133A  Ovl  MEMORY
 2AC7:1346  Ovl  __PAGE_UNLOCK
 2AC7:1358  Ovl  __PAGE_READLOCK
 2AC7:1364  Ovl  __PAGE_READ
 2AC7:1376  Ovl  __PAGE_UPDATE
 2AC7:1382  Ovl  __PAGE_WRITE
 2AC7:1388  Ovl  __DISKIOSLR
 2AC7:138E  Ovl  __PAGE_FLUSH
 2AC7:1394  Ovl  __XPAGE_READ
 2AC7:139A  Ovl  __PAGE_CLEAR
 2AC7:13A0  Ovl  __XPAGE_UPDATE
 2AC7:13B2  Ovl  __PAGE_APPEND
 2AC7:13BE  Ovl  __SORTSETFIELD
 2AC7:13C4  Ovl  _MERGE
 2AC7:13CA  Ovl  __SORTSORT
 2AC7:13D0  Ovl  __SORTADVANCE
 2AC7:13DC  Ovl  __SORTCOMPLETE
 2AC7:13E2  Ovl  __SORTEND
 2AC7:143C  Ovl  __SORTINIT
 2C0C:020A  Res  _BLIDEMCAL
 2C0C:0211  Res  _BLIDEMDTE
 2C0C:026A  Res  _BLIDEMMIN
 2C0C:0271  Res  _BLIERRNUM
 2C0C:0276  Res  _BLIERRPRM
 2C0C:0280  Res  _BLIOVLOPS
 2C0C:028A  Res  _BLIOVLRES
 2C0C:02C5  Res  _BLIOVLSIZ
 2C0C:02CF  Res  _BLIOVLSUS
 2C0C:030A  Res  _BLIREINIT
 2C0C:030A  Res  $$VMREINIT
 2C0C:033C  Res  _BLISERNUM
 2C0C:0342  Res  $$VMUNHOOK
 2C0C:0342  Res  _BLIUNHOOK
 2C0C:0386  Res  _BLIVERNUM
 2C0C:073E  Res  $$$OVLEND
 2C0C:08F7  Res  $$$OVLDEF
 2C0C:1010  Res  _BLITOTACT
 2C0C:1020  Res  _BLITOTLOD
 2C0C:103E  Res  _BLITOTSIZ
 2C0C:21B0  Res  $$$OVLERR
 2C0C:21C2  Res  $$$OVLINI
 2C0C:23E4  Res  $$$OVLCLP
 2C0C:2404  Res  BLICALNUM
 2C0C:240D  Res  BLIDEMCAL
 2C0C:2418  Res  BLIDEMDTE
 2C0C:2420  Res  BLIDEMMIN
 2C0C:242B  Res  BLIERRNUM
 2C0C:2433  Res  BLIERRPRM
 2C0C:243B  Res  BLIMEMPAK
 2C0C:2459  Res  BLIOVLCLR
 2C0C:2470  Res  BLIOVLOPS
 2C0C:2478  Res  BLIOVLRES
 2C0C:247E  Res  BLIOVLSIZ
 2C0C:2486  Res  BLIOVLSUS
 2C0C:248F  Res  BLIREINIT
 2C0C:2495  Res  BLISERNUM
 2C0C:249D  Res  BLIUNHOOK
 2C0C:24A3  Res  BLIVERNUM
 2C0C:2594  Res  $$$OVLPRM
 2C0C:280B  Res  $$$OVLDAT
 2C0C:28A6  Res  $$$OVLPRC
 2C0C:295F  Res  $$$KRNSEG
 2FA1:0000  Res  __WEEDBED
 373B:0000  Res  __WEEDEND
 3757:0000  Res  _T_START
 3757:0188  Res  _T_TRAN
 3757:05BA  Res  _ACCESSOR
 3757:0740  Res  _N_START
 3757:08C8  Res  _N_TRAN
 3757:0E84  Res  _D_RED
 3757:100A  Res  _R_START
 3757:1192  Res  _R_SYMB
 3757:1434  Res  _R_PROD
 3757:16D6  Res  _P_LENGTH
 3757:17E0  Res  _H_SYMBOL
 3757:18EA  Res  _STUFF
 3911:0000  Res  _SEXEMPTY
 3911:0002  Res  __SXCOPYRIGHT
 3914:0000  Res  __SXDEFTRIGGERNAME
 3915:0000  Res  _SEXMCORRUPTED
 3915:001C  Res  _SEXMKEYTOOLONG
 3915:0034  Res  _SEXMCANTFINDKEY
 3915:0056  Res  _SEXMINVALIDKEYLEN
 3915:006A  Res  _SEXMBADINDEXEXPR
 3915:0080  Res  _SEXMLOCKTIMEOUT
 3915:008E  Res  _SEXMNOSTRUCTURAL
 3915:00AC  Res  _SEXMINVALIDORDER
 3915:00BC  Res  _SEXMNOMEMO
 3915:00D8  Res  _SEXMNONCOMPACT
 39CE:0000  Res  __CDXSUPER
 39CE:0128  Res  _SEXKEYBUFFER
 39CE:0328  Res  _SEXBUFFER
 39CE:0428  Res  _SXTAGINFO
 39CE:047C  Res  __M6SUPER
 3A29:0048  Res  _NSXMEMOSDD
 3A29:007E  Res  _NTXMEMOSDD
 3A29:00B4  Res  _CDXMEMOSDD
 3A29:00EA  Res  __MEMOEXT
 3A29:0172  Res  __ASIZDS
 3A29:0174  Res  __ATOPSP
 3A29:0176  Res  __AEXIT_RTN
 3A29:0178  Res  __ABRKTB
 3A29:01C8  Res  __ABRKTBE
 3A29:01C8  Res  __ABRKP
 3A29:01CA  Res  __ACFINFO
 3A29:01D7  Res  __AINTDIV
 3A29:01DB  Res  __FAC
 3A29:01E3  Res  _ERRNO
 3A29:01E5  Res  __UMASKVAL
 3A29:01E7  Res  __PSPADR
 3A29:01E9  Res  __PSP
 3A29:01EB  Res  __DOSVERMAJOR
 3A29:01EB  Res  __OSMAJOR
 3A29:01EB  Res  __OSVERSION
 3A29:01EC  Res  __DOSVERMINOR
 3A29:01EC  Res  __OSMINOR
 3A29:01ED  Res  __OSMODE
 3A29:01EE  Res  __DOSERRNO
 3A29:01EE  Res  __OSERR
 3A29:01F0  Res  __NFILE
 3A29:01F2  Res  __OSFILE
 3A29:0206  Res  ___ARGC
 3A29:0208  Res  ___ARGV
 3A29:020C  Res  _ENVIRON
 3A29:0210  Res  __PGMPTR
 3A29:0216  Res  __CHILD
 3A29:0218  Res  __OVLFLAG
 3A29:0219  Res  __INTNO
 3A29:021A  Res  __OVLVEC
 3A29:021E  Res  __ADBGMSG
 3A29:023A  Res  _HUGE
 3A29:0242  Res  __MATHERR_FLAG
 3A29:0244  Res  OPTAB
 3A29:026A  Res  __FCSP
 3A29:026C  Res  __FPSIGADR
 3A29:0270  Res  __FCTMP
 3A29:03DA  Res  __FCTOPST
 3A29:03EE  Res  $I8_RESULT
 3A29:03EE  Res  $I4_RESULT
 3A29:0426  Res  $I4_ROUND_FLAG
 3A29:0427  Res  $I4_ROUND_EXP
 3A29:0429  Res  $I4_AC_HI
 3A29:042D  Res  $I4_AC_LO
 3A29:043E  Res  $I8_ROUND_FLAG
 3A29:043F  Res  $I8_ROUND_EXP
 3A29:0441  Res  $I8_AC_HI
 3A29:0449  Res  $I8_AC_LO
 3A29:04DA  Res  $I8_HALF
 3A29:04E2  Res  $I8_ONE
 3A29:04EA  Res  $I8_TWO
 3A29:04F2  Res  $I8_ARG
 3A29:04FA  Res  $I8_TEMP
 3A29:051B  Res  $I8_LOG_HI
 3A29:0523  Res  $I8_LOG_LO
 3A29:0590  Res  $I8_Z
 3A29:0598  Res  $I8_ZZ
 3A29:05A0  Res  $I8_PZZ
 3A29:05B8  Res  $I8_INPUT_WS
 3A29:05B9  Res  $I8_IMPLICIT_EXP
 3A29:062E  Res  __SFIELDS
 3A29:0632  Res  __SFCOUNT
 3A29:0634  Res  __SLBASE
 3A29:0638  Res  __SRBASE
 3A29:063C  Res  __SRSIZE
 3A29:0644  Res  __TERROR
 3A29:0646  Res  __HORROR
 3A29:0648  Res  __TVERSION
 3A29:064A  Res  __TXERROR
 3A29:064C  Res  __TXCLASS
 3A29:064E  Res  __TXACTION
 3A29:0650  Res  __TXLOCUS
 3A29:0810  Res  __MSCONFLICT1
 3A29:0810  Res  __CFLTCVT_TAB
 3A29:08A0  Res  __XARGC
 3A29:08A2  Res  __XARGV
 3A29:0914  Res  C50R100
 3A29:0916  Res  CLIPPER520
 3A29:0A1C  Res  __EVKBDENTRY
 3A29:0A46  Res  _DMOD_TABLE
 3A29:0A70  Res  __OGEN0
 3A29:0B0C  Res  __OGEN1
 3A29:0BA8  Res  __OGEN
 3A29:0BAC  Res  __OBOUNDS
 3A29:0BB4  Res  __OPF
 3A29:0BB6  Res  __OPX
 3A29:0BF8  Res  __XLOCK
 3A29:0BFA  Res  __XGRIP1
 3A29:0BFC  Res  __XGRIP2
 3A29:0BFE  Res  __XGRIP3
 3A29:0C00  Res  __XSEGMIN
 3A29:0C02  Res  __XSAFE
 3A29:0C3A  Res  __SYMEVAL
 3A29:0C42  Res  __IBPUSHTRAN
 3A29:0C46  Res  __IBEVALTRAN
 3A29:0C4A  Res  __EVAL
 3A29:0C4C  Res  __TOS
 3A29:0C4E  Res  __EVALHIGH
 3A29:0C50  Res  __ESTATLOW
 3A29:0C52  Res  __ESTAT
 3A29:0C54  Res  __EEXTENT
 3A29:0C56  Res  __LBASE
 3A29:0C58  Res  __FBASE
 3A29:0C5A  Res  __SBASE
 3A29:0C5C  Res  __PCOUNT
 3A29:0C5E  Res  __FZZCOUNT
 3A29:0C62  Res  __LINE_NUM
 3A29:0C64  Res  __XLINE
 3A29:0C66  Res  __SYSFLAGS
 3A29:0C70  Res  __MSTACK
 3A29:0C74  Res  __MLINK
 3A29:0C78  Res  __MCOUNT
 3A29:0C7A  Res  __MTOP
 3A29:0C7C  Res  __MBP
 3A29:0C7E  Res  __PTOP
 3A29:0D80  Res  __SET
 3A29:0DFC  Res  __SETHANDLER
 3A29:0F84  Res  __ERRORDICT
 3A29:0F90  Res  __SALT
 3A29:0F92  Res  __NETERR
 3A29:1124  Res  __FSEGS
 3A29:1128  Res  __LONESEGS
 3A29:1136  Res  __OSEGS
 3A29:1D78  Res  __STACKBASE
 3A29:1D7A  Res  __STACKSLOP
 3A29:1E04  Res  _PRESERVE1
 3A29:1E08  Res  _PRESERVE2
 3A29:1E0C  Res  _OVERLAYTOP
 3A29:1E0E  Res  _OVERLAYLINE
 3A29:1E10  Res  _OVERLAYLEVEL
 3A29:1E12  Res  __MEMCOUNT
 3A29:1E14  Res  __DISKIODROP
 3A29:1E18  Res  _SWAPLOWEVENTID
 3A29:1E1A  Res  _RECEIVERHANDLE
 3A29:21A4  Res  _MACRO_ERROR
 3A29:2864  Res  _REZ_ALIAS
 3A29:2AAA  Res  __MACROP
 3A29:2AB0  Res  __PFVERSION
 3A29:2AB2  Res  __PFLOCK
 3A29:2AB4  Res  __DYN_GETPP
 3A29:2AB8  Res  __DBGCOMM
 3A29:2C0E  Res  __PREEXTP
 3A29:2C12  Res  __POSTEXTP
 3A29:2C16  Res  __ALERTP
 3A29:2D74  Res  __NO_SNOW
 3A29:2D76  Res  __NBUFF
 3A29:2E64  Res  __TCSTR
 3A29:2E68  Res  __TCLEN
 3A29:2ED4  Res  __COLORCOUNT
 3A29:2ED6  Res  __COLORS
 3A29:2F52  Res  __TBUFF
 3A29:2F56  Res  __TBUFFSIZE
 3A29:2F8E  Res  __GETDICT
 3A29:31C6  Res  _VGETSYS
 3A29:321A  Res  __SELECTION
 3A29:3220  Res  __WORKAREAS
 3A29:3368  Res  __WAFUNCTABLE
 3A29:34B8  Res  __SDFSUPER
 3A29:35F8  Res  _VSDF
 3A29:3756  Res  __NASCII
 3A29:3758  Res  __NDBCS
 3A29:4266  Res  _VDISPLAY
 3A29:43C4  Res  _VKEYBOARD
 3A29:4484  Res  _VSIXCDX
 3A29:44C0  Res  _CDXIDXSDD
 3A29:4508  Res  __CDXFUNCTABLE
 3A29:46D0  Res  __CDXDIRECT
 3A29:4796  Res  __SWSKIPOPT
 3A29:4798  Res  __SWSKIPCNT
 3A29:479A  Res  __SEXFPATH
 3A29:479E  Res  __SEXERROR
 3A29:47A0  Res  _SEXDIRTYREAD
 3A29:47A2  Res  _SEXSORTOPTION
 3A29:47A4  Res  _SLOCALERR
 3A29:47C8  Res  __SEXLOCKRETRY
 3A29:47CA  Res  _UIKEYDUPECNT
 3A29:47CC  Res  _UIKEYITEMLEN
 3A29:47CE  Res  _UIKEYTRAIL
 3A29:47D0  Res  _ULKEYRECNO
 3A29:47D4  Res  ___SWCHKHIGHLOW
 3A29:47D8  Res  ___SWSCOPEEND
 3A29:47DC  Res  __SEXISREINDEX
 3A29:47DE  Res  _SEXIINFO
 3A29:47EE  Res  _CPDEFTRIGGER
 3A29:47F2  Res  _CPPENDTRIGGER
 3A29:47F6  Res  _CADEFCODE
 3A29:4800  Res  _SXENCRBUFF
 3A29:4804  Res  _SXENCRBUFFSIZE
 3A29:4806  Res  __SEXAUTOOPEN
 3A29:4808  Res  __SEXAUTOSHARE
 3A29:480A  Res  __SEXMEMOSIZE
 3A29:480E  Res  __SEXMEMOCHANGED
 3A29:4810  Res  _BHAVEMEMOEXT
 3A29:4812  Res  __SEXSKIP0REFRESH
 3A29:4814  Res  __SEXSTRUCTURALCHECK
 3A29:4992  Res  _VSXDBF
 3A29:49C8  Res  __SWMEMOSIGNATURE
 3A29:49D2  Res  __SWSTACK
 3A29:4C08  Res  _CBIT_ON
 3A29:4C10  Res  _CBIT_OFF
 3A29:4C1C  Res  __DYN_USED
 3A29:4C8C  Res  __PAGE_ERROR
 3A29:4C8E  Res  __PAGE_GOT
 3A29:4CE0  Res  ___SYMPB
 3A29:4CF0  Res  ___SYMPE
 3A29:4CF2  Res  __FPINIT
 3A29:4D0E  Res  __DYNINA
 3A29:4D12  Res  __MACROINA
 3A29:4D30  Res  __LTABLE
 3A29:4D30  Res  _VDB
 3A29:4D30  Res  _VPICT
 3A29:4D30  Res  _VOPS
 3A29:4D30  Res  _VTERM
 3A29:4D30  Res  _VMACRO
 3A29:5090  Res  _EDATA
 3A29:5090  Res  __EDATA
 3A29:51E0  Res  _THEGET
 3A29:51E2  Res  _THEGINFO
 3A29:520E  Res  _THEBUFF
 3A29:5212  Res  _THEBUFFLEN
 3A29:5214  Res  _THETEMP
 3A29:5218  Res  _THETEMPLEN
 3A29:521A  Res  _EBREAK
 3A29:521C  Res  _FPMEMOREAD
 3A29:5220  Res  _FPMEMOWRITE
 3A29:5224  Res  __SXDBFSUPER
 3A29:534C  Res  __AM6SET
 3A29:5360  Res  __END
 3A29:5360  Res  _END

 Program entry point at 2C0C:0004
